2025-06-05 10:28:32,281 - INFO - Starting Bebop 2 Optimized Fallback Detection System
2025-06-05 10:28:32,303 - INFO - Connecting to Bebop 2...
2025-06-05 10:28:33,331 - INFO - Drone connected successfully
2025-06-05 10:28:33,331 - INFO - Display thread started
2025-06-05 10:28:33,432 - INFO - Monitor thread started
2025-06-05 10:28:33,533 - INFO - Gentle cleanup thread started
2025-06-05 10:28:33,633 - INFO - All threads started successfully
2025-06-05 10:28:33,633 - INFO - Opening video stream with optimized fallback...
2025-06-05 10:28:33,850 - INFO - Gentle cleanup: removed 185 very old files
2025-06-05 10:28:38,445 - WARNING - No new frames - callbacks: 0 (+0), read success: 0.0%, last frame 6.2s ago
2025-06-05 10:28:42,319 - INFO - Video stream opened successfully
2025-06-05 10:28:42,319 - INFO - Optimized fallback detection system is now active
2025-06-05 10:28:42,319 - INFO - Controls: 'q'/ESC=Quit, 'r'=Complete reset, 's'=Screenshot
2025-06-05 10:28:43,461 - INFO - MONITOR - Frames: 44 (+44), FPS: 8.8, Det: 54.5%, Err: 0
2025-06-05 10:28:43,461 - INFO -          Callbacks: 48 (+48, 9.6/s), Read success: 91.7% (44/48)
2025-06-05 10:28:43,511 - INFO - Display FPS: 3.0
2025-06-05 10:28:44,902 - INFO - Display FPS: 21.6
2025-06-05 10:28:46,301 - INFO - Display FPS: 21.4
2025-06-05 10:28:47,702 - INFO - Display FPS: 21.4
2025-06-05 10:28:48,462 - INFO - MONITOR - Frames: 190 (+146), FPS: 29.2, Det: 64.2%, Err: 0
2025-06-05 10:28:48,462 - INFO -          Callbacks: 194 (+146, 29.2/s), Read success: 97.9% (190/194)
2025-06-05 10:28:49,096 - INFO - Display FPS: 21.5
2025-06-05 10:28:50,495 - INFO - Display FPS: 21.4
2025-06-05 10:28:51,878 - INFO - Display FPS: 21.7
2025-06-05 10:28:53,273 - INFO - Display FPS: 21.5
2025-06-05 10:28:53,463 - INFO - MONITOR - Frames: 315 (+125), FPS: 25.0, Det: 70.5%, Err: 0
2025-06-05 10:28:53,463 - INFO -          Callbacks: 320 (+126, 25.2/s), Read success: 98.7% (315/319)
2025-06-05 10:28:54,671 - INFO - Display FPS: 21.5
2025-06-05 10:28:56,057 - INFO - Display FPS: 21.7
2025-06-05 10:28:57,458 - INFO - Display FPS: 21.4
2025-06-05 10:28:58,464 - INFO - MONITOR - Frames: 417 (+102), FPS: 20.4, Det: 77.0%, Err: 0
2025-06-05 10:28:58,464 - INFO -          Callbacks: 422 (+102, 20.4/s), Read success: 99.0% (417/421)
2025-06-05 10:28:58,857 - INFO - Display FPS: 21.5
2025-06-05 10:29:00,260 - INFO - Display FPS: 21.4
2025-06-05 10:29:01,653 - INFO - Display FPS: 21.5
2025-06-05 10:29:03,053 - INFO - Display FPS: 21.5
2025-06-05 10:29:03,464 - INFO - MONITOR - Frames: 515 (+98), FPS: 19.6, Det: 79.6%, Err: 0
2025-06-05 10:29:03,464 - INFO -          Callbacks: 519 (+97, 19.4/s), Read success: 99.2% (515/519)
2025-06-05 10:29:04,446 - INFO - Display FPS: 21.5
2025-06-05 10:29:05,842 - INFO - Display FPS: 21.5
2025-06-05 10:29:07,238 - INFO - Display FPS: 21.5
2025-06-05 10:29:08,465 - INFO - MONITOR - Frames: 602 (+87), FPS: 17.4, Det: 82.2%, Err: 0
2025-06-05 10:29:08,465 - INFO -          Callbacks: 606 (+87, 17.4/s), Read success: 99.3% (602/606)
2025-06-05 10:29:08,626 - INFO - Display FPS: 21.6
2025-06-05 10:29:10,027 - INFO - Display FPS: 21.4
2025-06-05 10:29:11,430 - INFO - Display FPS: 21.4
2025-06-05 10:29:12,830 - INFO - Display FPS: 21.4
2025-06-05 10:29:13,466 - INFO - MONITOR - Frames: 689 (+87), FPS: 17.4, Det: 81.7%, Err: 0
2025-06-05 10:29:13,466 - INFO -          Callbacks: 693 (+87, 17.4/s), Read success: 99.4% (689/693)
2025-06-05 10:29:14,222 - INFO - Display FPS: 21.5
2025-06-05 10:29:15,621 - INFO - Display FPS: 21.5
2025-06-05 10:29:17,009 - INFO - Display FPS: 21.6
2025-06-05 10:29:18,412 - INFO - Display FPS: 21.4
2025-06-05 10:29:18,466 - INFO - MONITOR - Frames: 747 (+58), FPS: 11.6, Det: 81.1%, Err: 0
2025-06-05 10:29:18,466 - INFO -          Callbacks: 775 (+82, 16.4/s), Read success: 96.4% (747/775)
2025-06-05 10:29:19,816 - INFO - Display FPS: 21.4
2025-06-05 10:29:21,215 - INFO - Display FPS: 21.4
2025-06-05 10:29:22,613 - INFO - Display FPS: 21.5
2025-06-05 10:29:23,467 - INFO - MONITOR - Frames: 827 (+80), FPS: 16.0, Det: 82.8%, Err: 0
2025-06-05 10:29:23,468 - INFO -          Callbacks: 855 (+80, 16.0/s), Read success: 96.7% (827/855)
2025-06-05 10:29:24,008 - INFO - Display FPS: 21.5
2025-06-05 10:29:25,402 - INFO - Display FPS: 21.5
2025-06-05 10:29:26,790 - INFO - Display FPS: 21.6
2025-06-05 10:29:28,175 - INFO - Display FPS: 21.6
2025-06-05 10:29:28,468 - INFO - MONITOR - Frames: 902 (+75), FPS: 15.0, Det: 84.3%, Err: 0
2025-06-05 10:29:28,470 - INFO -          Callbacks: 931 (+76, 15.2/s), Read success: 97.0% (902/930)
2025-06-05 10:29:29,553 - INFO - Display FPS: 21.8
2025-06-05 10:29:30,958 - INFO - Display FPS: 21.4
2025-06-05 10:29:32,355 - INFO - Display FPS: 21.5
2025-06-05 10:29:33,471 - INFO - MONITOR - Frames: 971 (+69), FPS: 13.8, Det: 85.4%, Err: 0
2025-06-05 10:29:33,471 - INFO -          Callbacks: 1000 (+69, 13.8/s), Read success: 97.2% (971/999)
2025-06-05 10:29:33,741 - INFO - Display FPS: 21.6
2025-06-05 10:29:35,134 - INFO - Display FPS: 21.5
2025-06-05 10:29:36,507 - INFO - Display FPS: 21.9
2025-06-05 10:29:37,891 - INFO - Display FPS: 21.7
2025-06-05 10:29:38,472 - INFO - MONITOR - Frames: 1042 (+71), FPS: 14.2, Det: 86.3%, Err: 0
2025-06-05 10:29:38,472 - INFO -          Callbacks: 1070 (+70, 14.0/s), Read success: 97.4% (1042/1070)
2025-06-05 10:29:39,293 - INFO - Display FPS: 21.4
2025-06-05 10:29:40,683 - INFO - Display FPS: 21.6
2025-06-05 10:29:42,084 - INFO - Display FPS: 21.4
2025-06-05 10:29:43,457 - INFO - Display FPS: 21.9
2025-06-05 10:29:43,472 - INFO - MONITOR - Frames: 1107 (+65), FPS: 13.0, Det: 87.1%, Err: 0
2025-06-05 10:29:43,472 - INFO -          Callbacks: 1136 (+66, 13.2/s), Read success: 97.5% (1107/1135)
2025-06-05 10:29:44,841 - INFO - Display FPS: 21.6
2025-06-05 10:29:46,231 - INFO - Display FPS: 21.6
2025-06-05 10:29:47,625 - INFO - Display FPS: 21.6
2025-06-05 10:29:48,473 - INFO - MONITOR - Frames: 1169 (+62), FPS: 12.4, Det: 87.8%, Err: 0
2025-06-05 10:29:48,473 - INFO -          Callbacks: 1198 (+62, 12.4/s), Read success: 97.7% (1169/1197)
2025-06-05 10:29:49,013 - INFO - Display FPS: 21.6
2025-06-05 10:29:50,389 - INFO - Display FPS: 21.9
2025-06-05 10:29:51,788 - INFO - Display FPS: 21.4
2025-06-05 10:29:53,178 - INFO - Display FPS: 21.6
2025-06-05 10:29:53,474 - INFO - MONITOR - Frames: 1229 (+60), FPS: 12.0, Det: 88.4%, Err: 0
2025-06-05 10:29:53,474 - INFO -          Callbacks: 1258 (+60, 12.0/s), Read success: 97.8% (1229/1257)
2025-06-05 10:29:54,581 - INFO - Display FPS: 21.4
2025-06-05 10:29:55,981 - INFO - Display FPS: 21.4
2025-06-05 10:29:57,362 - INFO - Display FPS: 21.7
2025-06-05 10:29:58,475 - INFO - MONITOR - Frames: 1285 (+56), FPS: 11.2, Det: 88.3%, Err: 0
2025-06-05 10:29:58,475 - INFO -          Callbacks: 1314 (+56, 11.2/s), Read success: 97.9% (1285/1313)
2025-06-05 10:29:58,732 - INFO - Display FPS: 21.9
2025-06-05 10:30:00,097 - INFO - Display FPS: 22.0
2025-06-05 10:30:01,500 - INFO - Display FPS: 21.4
2025-06-05 10:30:02,857 - INFO - Display FPS: 22.1
2025-06-05 10:30:03,475 - INFO - MONITOR - Frames: 1339 (+54), FPS: 10.8, Det: 88.8%, Err: 0
2025-06-05 10:30:03,475 - INFO -          Callbacks: 1368 (+54, 10.8/s), Read success: 98.0% (1339/1367)
2025-06-05 10:30:04,209 - INFO - Display FPS: 22.2
2025-06-05 10:30:05,587 - INFO - Display FPS: 21.8
2025-06-05 10:30:06,974 - INFO - Display FPS: 21.6
2025-06-05 10:30:08,356 - INFO - Display FPS: 21.7
2025-06-05 10:30:08,477 - INFO - MONITOR - Frames: 1392 (+53), FPS: 10.6, Det: 88.6%, Err: 0
2025-06-05 10:30:08,478 - INFO -          Callbacks: 1421 (+53, 10.6/s), Read success: 98.0% (1392/1420)
2025-06-05 10:30:09,718 - INFO - Display FPS: 22.0
2025-06-05 10:30:11,091 - INFO - Display FPS: 21.8
2025-06-05 10:30:12,463 - INFO - Display FPS: 21.9
2025-06-05 10:30:13,479 - INFO - MONITOR - Frames: 1443 (+51), FPS: 10.2, Det: 88.8%, Err: 0
2025-06-05 10:30:13,479 - INFO -          Callbacks: 1471 (+50, 10.0/s), Read success: 98.1% (1443/1471)
2025-06-05 10:30:13,833 - INFO - Display FPS: 21.9
2025-06-05 10:30:15,206 - INFO - Display FPS: 21.9
2025-06-05 10:30:16,575 - INFO - Display FPS: 22.0
2025-06-05 10:30:17,961 - INFO - Display FPS: 21.6
2025-06-05 10:30:18,484 - INFO - MONITOR - Frames: 1491 (+48), FPS: 9.6, Det: 89.2%, Err: 0
2025-06-05 10:30:18,484 - INFO -          Callbacks: 1520 (+49, 9.8/s), Read success: 98.2% (1491/1519)
2025-06-05 10:30:19,355 - INFO - Display FPS: 21.5
2025-06-05 10:30:20,727 - INFO - Display FPS: 21.8
2025-06-05 10:30:22,075 - INFO - Display FPS: 22.3
2025-06-05 10:30:23,450 - INFO - Display FPS: 21.8
2025-06-05 10:30:23,484 - INFO - MONITOR - Frames: 1538 (+47), FPS: 9.4, Det: 89.1%, Err: 0
2025-06-05 10:30:23,484 - INFO -          Callbacks: 1567 (+47, 9.4/s), Read success: 98.2% (1538/1566)
2025-06-05 10:30:24,839 - INFO - Display FPS: 21.6
2025-06-05 10:30:26,238 - INFO - Display FPS: 21.5
2025-06-05 10:30:27,626 - INFO - Display FPS: 21.6
2025-06-05 10:30:28,485 - INFO - MONITOR - Frames: 1585 (+47), FPS: 9.4, Det: 88.7%, Err: 0
2025-06-05 10:30:28,485 - INFO -          Callbacks: 1614 (+47, 9.4/s), Read success: 98.3% (1585/1613)
2025-06-05 10:30:28,979 - INFO - Display FPS: 22.2
2025-06-05 10:30:30,364 - INFO - Display FPS: 21.6
2025-06-05 10:30:31,774 - INFO - Display FPS: 21.3
2025-06-05 10:30:33,155 - INFO - Display FPS: 21.7
2025-06-05 10:30:33,486 - INFO - MONITOR - Frames: 1630 (+45), FPS: 9.0, Det: 89.0%, Err: 0
2025-06-05 10:30:33,486 - INFO -          Callbacks: 1658 (+44, 8.8/s), Read success: 98.3% (1630/1658)
2025-06-05 10:30:34,519 - INFO - Display FPS: 22.0
2025-06-05 10:30:35,894 - INFO - Display FPS: 21.9
2025-06-05 10:30:37,236 - INFO - Display FPS: 22.3
2025-06-05 10:30:38,487 - INFO - MONITOR - Frames: 1672 (+42), FPS: 8.4, Det: 89.0%, Err: 0
2025-06-05 10:30:38,487 - INFO -          Callbacks: 1700 (+42, 8.4/s), Read success: 98.4% (1672/1700)
2025-06-05 10:30:38,636 - INFO - Display FPS: 21.4
2025-06-05 10:30:40,016 - INFO - Display FPS: 21.7
2025-06-05 10:30:41,407 - INFO - Display FPS: 21.6
2025-06-05 10:30:42,770 - INFO - Display FPS: 22.0
2025-06-05 10:30:43,488 - INFO - MONITOR - Frames: 1713 (+41), FPS: 8.2, Det: 89.3%, Err: 0
2025-06-05 10:30:43,489 - INFO -          Callbacks: 1742 (+42, 8.4/s), Read success: 98.4% (1713/1741)
2025-06-05 10:30:44,156 - INFO - Display FPS: 21.7
2025-06-05 10:30:45,545 - INFO - Display FPS: 21.8
2025-06-05 10:30:46,932 - INFO - Display FPS: 21.4
2025-06-05 10:30:48,280 - INFO - Display FPS: 22.2
2025-06-05 10:30:48,489 - INFO - MONITOR - Frames: 1753 (+40), FPS: 8.0, Det: 89.4%, Err: 0
2025-06-05 10:30:48,489 - INFO -          Callbacks: 1782 (+40, 8.0/s), Read success: 98.4% (1753/1781)
2025-06-05 10:30:49,662 - INFO - Display FPS: 21.7
2025-06-05 10:30:51,054 - INFO - Display FPS: 21.6
2025-06-05 10:30:52,412 - INFO - Display FPS: 22.1
2025-06-05 10:30:53,490 - INFO - MONITOR - Frames: 1792 (+39), FPS: 7.8, Det: 89.4%, Err: 0
2025-06-05 10:30:53,490 - INFO -          Callbacks: 1821 (+39, 7.8/s), Read success: 98.5% (1792/1820)
2025-06-05 10:30:53,782 - INFO - Display FPS: 21.9
2025-06-05 10:30:55,160 - INFO - Display FPS: 21.8
2025-06-05 10:30:56,529 - INFO - Display FPS: 21.9
2025-06-05 10:30:57,867 - INFO - Display FPS: 22.4
2025-06-05 10:30:58,491 - INFO - MONITOR - Frames: 1829 (+37), FPS: 7.4, Det: 89.3%, Err: 0
2025-06-05 10:30:58,491 - INFO -          Callbacks: 1858 (+37, 7.4/s), Read success: 98.5% (1829/1857)
2025-06-05 10:30:59,248 - INFO - Display FPS: 21.7
2025-06-05 10:31:00,629 - INFO - Display FPS: 21.7
2025-06-05 10:31:02,019 - INFO - Display FPS: 21.6
2025-06-05 10:31:03,375 - INFO - Display FPS: 22.1
2025-06-05 10:31:03,496 - INFO - MONITOR - Frames: 1867 (+38), FPS: 7.6, Det: 89.3%, Err: 0
2025-06-05 10:31:03,497 - INFO -          Callbacks: 1896 (+38, 7.6/s), Read success: 98.5% (1867/1895)
2025-06-05 10:31:04,754 - INFO - Display FPS: 21.8
2025-06-05 10:31:06,136 - INFO - Display FPS: 21.7
2025-06-05 10:31:07,538 - INFO - Display FPS: 21.4
2025-06-05 10:31:08,498 - INFO - MONITOR - Frames: 1879 (+12), FPS: 2.4, Det: 89.4%, Err: 0
2025-06-05 10:31:08,498 - INFO -          Callbacks: 1907 (+11, 2.2/s), Read success: 98.5% (1879/1907)
2025-06-05 10:31:08,937 - INFO - Display FPS: 21.4
2025-06-05 10:31:10,340 - INFO - Display FPS: 21.4
2025-06-05 10:31:11,738 - INFO - Display FPS: 21.4
2025-06-05 10:31:13,135 - INFO - Display FPS: 21.5
2025-06-05 10:31:13,499 - WARNING - No new frames - callbacks: 1907 (+0), read success: 98.5%, last frame 8.3s ago
2025-06-05 10:31:14,542 - INFO - Display FPS: 21.3
2025-06-05 10:31:15,945 - INFO - Display FPS: 21.4
2025-06-05 10:31:17,322 - INFO - Display FPS: 21.8
2025-06-05 10:31:18,500 - WARNING - No new frames - callbacks: 1907 (+0), read success: 98.5%, last frame 13.3s ago
2025-06-05 10:31:18,720 - INFO - Display FPS: 21.5
2025-06-05 10:31:20,119 - INFO - Display FPS: 21.4
2025-06-05 10:31:21,519 - INFO - Display FPS: 21.4
2025-06-05 10:31:22,920 - INFO - Display FPS: 21.4
2025-06-05 10:31:23,501 - WARNING - No new frames - callbacks: 1907 (+0), read success: 98.5%, last frame 18.3s ago
2025-06-05 10:31:24,322 - INFO - Display FPS: 21.4
2025-06-05 10:31:25,719 - INFO - Display FPS: 21.5
2025-06-05 10:31:27,117 - INFO - Display FPS: 21.4
2025-06-05 10:31:28,501 - WARNING - No new frames - callbacks: 1907 (+0), read success: 98.5%, last frame 23.3s ago
2025-06-05 10:31:28,520 - INFO - Display FPS: 21.4
2025-06-05 10:31:29,904 - INFO - Display FPS: 21.7
2025-06-05 10:31:31,297 - INFO - Display FPS: 21.5
2025-06-05 10:31:32,694 - INFO - Display FPS: 21.5
2025-06-05 10:31:33,502 - WARNING - No new frames - callbacks: 1907 (+0), read success: 98.5%, last frame 28.3s ago
2025-06-05 10:31:34,093 - INFO - Display FPS: 21.4
2025-06-05 10:31:35,487 - INFO - Display FPS: 21.5
2025-06-05 10:31:36,889 - INFO - Display FPS: 21.4
2025-06-05 10:31:38,290 - INFO - Display FPS: 21.4
2025-06-05 10:31:38,503 - WARNING - No new frames - callbacks: 1907 (+0), read success: 98.5%, last frame 33.3s ago
2025-06-05 10:31:39,692 - INFO - Display FPS: 21.4
2025-06-05 10:31:41,087 - INFO - Display FPS: 21.5
2025-06-05 10:31:42,486 - INFO - Display FPS: 21.5
2025-06-05 10:31:42,579 - INFO - Signal 2 received - initiating shutdown
2025-06-05 10:31:42,588 - INFO - Display thread terminated
2025-06-05 10:31:43,127 - INFO - Cleanup thread terminated
2025-06-05 10:31:43,504 - INFO - Monitor thread terminated
2025-06-05 10:31:43,542 - INFO - Display window was closed
2025-06-05 10:31:43,542 - INFO - Starting cleanup...
2025-06-05 10:31:50,046 - INFO - Video stream closed
2025-06-05 10:31:50,549 - INFO - Drone disconnected
2025-06-05 10:31:50,549 - INFO - Cleanup completed successfully
2025-06-05 10:31:50,569 - INFO - Program exiting with code 0
