2025-06-05 11:44:51,369 - INFO - Starting Bebop 2 Direct Buffer Access Detection System
2025-06-05 11:44:51,370 - INFO - Buffer check rate: 30Hz
2025-06-05 11:44:51,392 - INFO - Connecting to Bebop 2...
2025-06-05 11:44:52,435 - INFO - Drone connected successfully
2025-06-05 11:44:52,436 - INFO - Direct buffer thread started
2025-06-05 11:44:52,536 - INFO - Thread 1/3 started: DirectBuffer
2025-06-05 11:44:52,538 - INFO - Display thread started
2025-06-05 11:44:52,638 - INFO - Thread 2/3 started: Display
2025-06-05 11:44:52,638 - INFO - Monitor thread started
2025-06-05 11:44:52,739 - INFO - Thread 3/3 started: Monitor
2025-06-05 11:44:52,750 - INFO - All threads started successfully
2025-06-05 11:44:52,750 - INFO - Opening video stream for direct buffer access...
2025-06-05 11:44:55,305 - INFO - Video stream opened successfully (2.6s)
2025-06-05 11:44:55,306 - INFO - Direct Buffer Access Detection System is now active
2025-06-05 11:44:55,306 - INFO - ============================================================
2025-06-05 11:44:55,306 - INFO - SYSTEM INFO:
2025-06-05 11:44:55,306 - INFO -   Buffer Check Rate: 30Hz
2025-06-05 11:44:55,306 - INFO -   Display FPS:       25
2025-06-05 11:44:55,307 - INFO -   PyParrot Buffer:   50 frames
2025-06-05 11:44:55,307 - INFO - ============================================================
2025-06-05 11:44:55,307 - INFO - CONTROLS:
2025-06-05 11:44:55,307 - INFO -   'q' or ESC  = Quit
2025-06-05 11:44:55,308 - INFO -   'r'         = Complete reset
2025-06-05 11:44:55,308 - INFO -   's'         = Screenshot
2025-06-05 11:44:55,308 - INFO -   'd'         = Debug stats
2025-06-05 11:44:55,308 - INFO - ============================================================
2025-06-05 11:44:56,746 - INFO - Display FPS: 7.2
2025-06-05 11:44:57,639 - INFO - MONITOR - Frames: 61 (+61), FPS: 12.2, Det: 0.0%, Err: 0
2025-06-05 11:44:57,639 - INFO -          Buffer: 133 checks (+133, 26.6/s), Hit rate: 45.9% (61/133)
2025-06-05 11:44:57,639 - INFO -          Same frames skipped: 6, Misses: 66
2025-06-05 11:44:58,142 - INFO - Display FPS: 21.5
2025-06-05 11:44:59,517 - INFO - Display FPS: 21.8
2025-06-05 11:45:00,910 - INFO - Display FPS: 21.5
2025-06-05 11:45:02,301 - INFO - Display FPS: 21.6
2025-06-05 11:45:02,640 - INFO - MONITOR - Frames: 187 (+126), FPS: 25.2, Det: 2.7%, Err: 0
2025-06-05 11:45:02,640 - INFO -          Buffer: 277 checks (+144, 28.8/s), Hit rate: 67.5% (187/277)
2025-06-05 11:45:02,640 - INFO -          Same frames skipped: 24, Misses: 66
2025-06-05 11:45:03,688 - INFO - Display FPS: 21.6
2025-06-05 11:45:05,085 - INFO - Display FPS: 21.5
2025-06-05 11:45:06,480 - INFO - Display FPS: 21.5
2025-06-05 11:45:07,641 - INFO - MONITOR - Frames: 315 (+128), FPS: 25.6, Det: 1.6%, Err: 0
2025-06-05 11:45:07,642 - INFO -          Buffer: 421 checks (+144, 28.8/s), Hit rate: 74.8% (315/421)
2025-06-05 11:45:07,642 - INFO -          Same frames skipped: 40, Misses: 66
2025-06-05 11:45:07,879 - INFO - Display FPS: 21.4
2025-06-05 11:45:09,281 - INFO - Display FPS: 21.4
2025-06-05 11:45:10,336 - INFO - STATUS - Uptime: 15s
2025-06-05 11:45:10,336 - INFO -        - Frame Rate: 25.7/s (Total: 386)
2025-06-05 11:45:10,336 - INFO -        - Buffer Check Rate: 33.2/s (Efficiency: 77.4%)
2025-06-05 11:45:10,337 - INFO -        - Detections: 5 | Errors: 0
2025-06-05 11:45:10,337 - INFO -        - PyParrot buffer index: 1 | Vision running: True
2025-06-05 11:45:10,674 - INFO - Display FPS: 21.6
2025-06-05 11:45:12,074 - INFO - Display FPS: 21.4
2025-06-05 11:45:12,642 - INFO - MONITOR - Frames: 447 (+132), FPS: 26.4, Det: 1.1%, Err: 0
2025-06-05 11:45:12,642 - INFO -          Buffer: 566 checks (+145, 29.0/s), Hit rate: 79.0% (447/566)
2025-06-05 11:45:12,642 - INFO -          Same frames skipped: 53, Misses: 66
2025-06-05 11:45:13,473 - INFO - Display FPS: 21.5
2025-06-05 11:45:14,872 - INFO - Display FPS: 21.4
2025-06-05 11:45:16,268 - INFO - Display FPS: 21.5
2025-06-05 11:45:17,644 - INFO - MONITOR - Frames: 574 (+127), FPS: 25.4, Det: 0.9%, Err: 0
2025-06-05 11:45:17,644 - INFO -          Buffer: 710 checks (+144, 28.8/s), Hit rate: 80.8% (574/710)
2025-06-05 11:45:17,644 - INFO -          Same frames skipped: 70, Misses: 66
2025-06-05 11:45:17,666 - INFO - Display FPS: 21.5
2025-06-05 11:45:19,063 - INFO - Display FPS: 21.5
2025-06-05 11:45:20,459 - INFO - Display FPS: 21.5
2025-06-05 11:45:21,860 - INFO - Display FPS: 21.4
2025-06-05 11:45:22,645 - INFO - MONITOR - Frames: 704 (+130), FPS: 26.0, Det: 0.7%, Err: 0
2025-06-05 11:45:22,645 - INFO -          Buffer: 855 checks (+145, 29.0/s), Hit rate: 82.3% (704/855)
2025-06-05 11:45:22,645 - INFO -          Same frames skipped: 85, Misses: 66
2025-06-05 11:45:23,261 - INFO - Display FPS: 21.4
2025-06-05 11:45:24,651 - INFO - Display FPS: 21.6
2025-06-05 11:45:25,365 - INFO - STATUS - Uptime: 30s
2025-06-05 11:45:25,365 - INFO -        - Frame Rate: 25.7/s (Total: 773)
2025-06-05 11:45:25,365 - INFO -        - Buffer Check Rate: 31.1/s (Efficiency: 82.8%)
2025-06-05 11:45:25,365 - INFO -        - Detections: 5 | Errors: 0
2025-06-05 11:45:25,365 - INFO -        - PyParrot buffer index: 2 | Vision running: True
2025-06-05 11:45:26,051 - INFO - Display FPS: 21.4
2025-06-05 11:45:27,446 - INFO - Display FPS: 21.5
2025-06-05 11:45:27,646 - INFO - MONITOR - Frames: 831 (+127), FPS: 25.4, Det: 0.6%, Err: 0
2025-06-05 11:45:27,646 - INFO -          Buffer: 1000 checks (+145, 29.0/s), Hit rate: 83.1% (831/1000)
2025-06-05 11:45:27,646 - INFO -          Same frames skipped: 103, Misses: 66
2025-06-05 11:45:28,846 - INFO - Display FPS: 21.4
2025-06-05 11:45:30,240 - INFO - Display FPS: 21.5
2025-06-05 11:45:31,634 - INFO - Display FPS: 21.5
2025-06-05 11:45:32,647 - INFO - MONITOR - Frames: 964 (+133), FPS: 26.6, Det: 0.5%, Err: 0
2025-06-05 11:45:32,648 - INFO -          Buffer: 1144 checks (+144, 28.8/s), Hit rate: 84.3% (964/1144)
2025-06-05 11:45:32,648 - INFO -          Same frames skipped: 114, Misses: 66
2025-06-05 11:45:33,039 - INFO - Display FPS: 21.3
2025-06-05 11:45:34,440 - INFO - Display FPS: 21.4
2025-06-05 11:45:35,840 - INFO - Display FPS: 21.4
2025-06-05 11:45:37,234 - INFO - Display FPS: 21.5
2025-06-05 11:45:37,649 - INFO - MONITOR - Frames: 1094 (+130), FPS: 26.0, Det: 0.5%, Err: 0
2025-06-05 11:45:37,649 - INFO -          Buffer: 1288 checks (+144, 28.8/s), Hit rate: 84.9% (1094/1288)
2025-06-05 11:45:37,649 - INFO -          Same frames skipped: 128, Misses: 66
2025-06-05 11:45:38,630 - INFO - Display FPS: 21.5
2025-06-05 11:45:40,032 - INFO - Display FPS: 21.4
2025-06-05 11:45:40,391 - INFO - STATUS - Uptime: 45s
2025-06-05 11:45:40,391 - INFO -        - Frame Rate: 25.8/s (Total: 1164)
2025-06-05 11:45:40,391 - INFO -        - Buffer Check Rate: 30.3/s (Efficiency: 85.1%)
2025-06-05 11:45:40,391 - INFO -        - Detections: 5 | Errors: 0
2025-06-05 11:45:40,391 - INFO -        - PyParrot buffer index: 2 | Vision running: True
2025-06-05 11:45:41,424 - INFO - Display FPS: 21.5
2025-06-05 11:45:42,650 - INFO - MONITOR - Frames: 1225 (+131), FPS: 26.2, Det: 0.4%, Err: 0
2025-06-05 11:45:42,650 - INFO -          Buffer: 1433 checks (+145, 29.0/s), Hit rate: 85.5% (1225/1433)
2025-06-05 11:45:42,650 - INFO -          Same frames skipped: 142, Misses: 66
2025-06-05 11:45:42,817 - INFO - Display FPS: 21.5
2025-06-05 11:45:44,213 - INFO - Display FPS: 21.5
2025-06-05 11:45:45,611 - INFO - Display FPS: 21.5
2025-06-05 11:45:47,006 - INFO - Display FPS: 21.5
2025-06-05 11:45:47,651 - INFO - MONITOR - Frames: 1354 (+129), FPS: 25.8, Det: 0.4%, Err: 0
2025-06-05 11:45:47,651 - INFO -          Buffer: 1577 checks (+144, 28.8/s), Hit rate: 85.9% (1354/1577)
2025-06-05 11:45:47,651 - INFO -          Same frames skipped: 157, Misses: 66
2025-06-05 11:45:48,400 - INFO - Display FPS: 21.5
2025-06-05 11:45:49,794 - INFO - Display FPS: 21.5
2025-06-05 11:45:51,197 - INFO - Display FPS: 21.4
2025-06-05 11:45:52,593 - INFO - Display FPS: 21.5
2025-06-05 11:45:52,652 - INFO - MONITOR - Frames: 1486 (+132), FPS: 26.4, Det: 0.3%, Err: 0
2025-06-05 11:45:52,652 - INFO -          Buffer: 1722 checks (+145, 29.0/s), Hit rate: 86.3% (1486/1722)
2025-06-05 11:45:52,652 - INFO -          Same frames skipped: 170, Misses: 66
2025-06-05 11:45:53,994 - INFO - Display FPS: 21.4
2025-06-05 11:45:55,394 - INFO - Display FPS: 21.4
2025-06-05 11:45:55,400 - INFO - STATUS - Uptime: 60s
2025-06-05 11:45:55,400 - INFO -        - Frame Rate: 25.9/s (Total: 1557)
2025-06-05 11:45:55,400 - INFO -        - Buffer Check Rate: 30.0/s (Efficiency: 86.5%)
2025-06-05 11:45:55,400 - INFO -        - Detections: 5 | Errors: 0
2025-06-05 11:45:55,400 - INFO -        - PyParrot buffer index: 2 | Vision running: True
2025-06-05 11:45:56,791 - INFO - Display FPS: 21.5
2025-06-05 11:45:57,653 - INFO - MONITOR - Frames: 1616 (+130), FPS: 26.0, Det: 0.3%, Err: 0
2025-06-05 11:45:57,653 - INFO -          Buffer: 1866 checks (+144, 28.8/s), Hit rate: 86.6% (1616/1866)
2025-06-05 11:45:57,653 - INFO -          Same frames skipped: 184, Misses: 66
2025-06-05 11:45:58,189 - INFO - Display FPS: 21.4
2025-06-05 11:45:59,583 - INFO - Display FPS: 21.5
2025-06-05 11:46:00,984 - INFO - Display FPS: 21.4
2025-06-05 11:46:02,385 - INFO - Display FPS: 21.4
2025-06-05 11:46:02,654 - INFO - MONITOR - Frames: 1748 (+132), FPS: 26.4, Det: 0.3%, Err: 0
2025-06-05 11:46:02,655 - INFO -          Buffer: 2010 checks (+144, 28.8/s), Hit rate: 87.0% (1748/2010)
2025-06-05 11:46:02,655 - INFO -          Same frames skipped: 196, Misses: 66
2025-06-05 11:46:03,777 - INFO - Display FPS: 21.5
2025-06-05 11:46:05,174 - INFO - Display FPS: 21.5
2025-06-05 11:46:06,572 - INFO - Display FPS: 21.5
2025-06-05 11:46:07,655 - INFO - MONITOR - Frames: 1876 (+128), FPS: 25.6, Det: 0.4%, Err: 0
2025-06-05 11:46:07,655 - INFO -          Buffer: 2155 checks (+145, 29.0/s), Hit rate: 87.1% (1876/2155)
2025-06-05 11:46:07,655 - INFO -          Same frames skipped: 213, Misses: 66
2025-06-05 11:46:07,969 - INFO - Display FPS: 21.5
2025-06-05 11:46:09,371 - INFO - Display FPS: 21.4
2025-06-05 11:46:10,428 - INFO - STATUS - Uptime: 75s
2025-06-05 11:46:10,428 - INFO -        - Frame Rate: 25.9/s (Total: 1945)
2025-06-05 11:46:10,428 - INFO -        - Buffer Check Rate: 29.8/s (Efficiency: 87.0%)
2025-06-05 11:46:10,428 - INFO -        - Detections: 7 | Errors: 0
2025-06-05 11:46:10,429 - INFO -        - PyParrot buffer index: 2 | Vision running: True
2025-06-05 11:46:10,768 - INFO - Display FPS: 21.5
2025-06-05 11:46:12,167 - INFO - Display FPS: 21.4
2025-06-05 11:46:12,656 - INFO - MONITOR - Frames: 2005 (+129), FPS: 25.8, Det: 0.3%, Err: 0
2025-06-05 11:46:12,656 - INFO -          Buffer: 2299 checks (+144, 28.8/s), Hit rate: 87.2% (2005/2299)
2025-06-05 11:46:12,656 - INFO -          Same frames skipped: 228, Misses: 66
2025-06-05 11:46:13,561 - INFO - Display FPS: 21.5
2025-06-05 11:46:14,956 - INFO - Display FPS: 21.5
2025-06-05 11:46:16,358 - INFO - Display FPS: 21.4
2025-06-05 11:46:17,658 - INFO - MONITOR - Frames: 2136 (+131), FPS: 26.2, Det: 0.3%, Err: 0
2025-06-05 11:46:17,658 - INFO -          Buffer: 2444 checks (+145, 29.0/s), Hit rate: 87.4% (2136/2444)
2025-06-05 11:46:17,658 - INFO -          Same frames skipped: 242, Misses: 66
2025-06-05 11:46:17,755 - INFO - Display FPS: 21.5
2025-06-05 11:46:19,149 - INFO - Display FPS: 21.5
2025-06-05 11:46:20,544 - INFO - Display FPS: 21.5
2025-06-05 11:46:21,943 - INFO - Display FPS: 21.5
2025-06-05 11:46:22,659 - INFO - MONITOR - Frames: 2265 (+129), FPS: 25.8, Det: 0.3%, Err: 0
2025-06-05 11:46:22,659 - INFO -          Buffer: 2588 checks (+144, 28.8/s), Hit rate: 87.5% (2265/2588)
2025-06-05 11:46:22,659 - INFO -          Same frames skipped: 257, Misses: 66
2025-06-05 11:46:23,341 - INFO - Display FPS: 21.4
2025-06-05 11:46:24,742 - INFO - Display FPS: 21.4
2025-06-05 11:46:25,442 - INFO - STATUS - Uptime: 90s
2025-06-05 11:46:25,442 - INFO -        - Frame Rate: 25.9/s (Total: 2336)
2025-06-05 11:46:25,442 - INFO -        - Buffer Check Rate: 29.6/s (Efficiency: 87.5%)
2025-06-05 11:46:25,442 - INFO -        - Detections: 7 | Errors: 0
2025-06-05 11:46:25,442 - INFO -        - PyParrot buffer index: 3 | Vision running: True
2025-06-05 11:46:26,143 - INFO - Display FPS: 21.4
2025-06-05 11:46:27,545 - INFO - Display FPS: 21.4
2025-06-05 11:46:27,660 - INFO - MONITOR - Frames: 2367 (+102), FPS: 20.4, Det: 0.3%, Err: 0
2025-06-05 11:46:27,660 - INFO -          Buffer: 2734 checks (+146, 29.2/s), Hit rate: 86.6% (2367/2734)
2025-06-05 11:46:27,660 - INFO -          Same frames skipped: 301, Misses: 66
2025-06-05 11:46:28,935 - INFO - Display FPS: 21.6
2025-06-05 11:46:30,330 - INFO - Display FPS: 21.5
2025-06-05 11:46:31,730 - INFO - Display FPS: 21.5
2025-06-05 11:46:32,661 - WARNING - No new frames - buffer checks: 2884 (+150), hit rate: 82.1%, last frame 6.0s ago
2025-06-05 11:46:33,125 - INFO - Display FPS: 21.5
2025-06-05 11:46:33,274 - INFO - Signal 2 received - initiating shutdown
2025-06-05 11:46:33,287 - INFO - Direct buffer thread terminated
2025-06-05 11:46:33,290 - INFO - Display thread terminated
2025-06-05 11:46:33,446 - INFO - Display window was closed
2025-06-05 11:46:33,446 - INFO - Starting comprehensive cleanup...
2025-06-05 11:46:33,446 - INFO - Thread DirectBuffer terminated successfully
2025-06-05 11:46:33,446 - INFO - Thread Display terminated successfully
2025-06-05 11:46:37,661 - INFO - Monitor thread terminated
2025-06-05 11:46:37,661 - INFO - Thread Monitor terminated successfully
2025-06-05 11:46:37,661 - INFO - Closing PyParrot vision...
2025-06-05 11:46:44,164 - INFO - PyParrot vision closed successfully
2025-06-05 11:46:44,164 - INFO - Disconnecting from Bebop...
2025-06-05 11:46:44,668 - INFO - Bebop disconnected successfully
2025-06-05 11:46:44,668 - INFO - OpenCV windows closed successfully
2025-06-05 11:46:44,668 - INFO - ============================================================
2025-06-05 11:46:44,668 - INFO - FINAL STATISTICS:
2025-06-05 11:46:44,669 - INFO -   Total Runtime:          109.4s
2025-06-05 11:46:44,669 - INFO -   Frames Processed:       2367
2025-06-05 11:46:44,669 - INFO -   Average Frame Rate:     21.6/s
2025-06-05 11:46:44,669 - INFO -   Total Detections:       8
2025-06-05 11:46:44,669 - INFO -   Detection Rate:         0.3%
2025-06-05 11:46:44,669 - INFO -   Buffer Checks:          2902
2025-06-05 11:46:44,670 - INFO -   Average Check Rate:     26.5/s
2025-06-05 11:46:44,670 - INFO -   Buffer Hits:            2367
2025-06-05 11:46:44,670 - INFO -   Buffer Hit Rate:        81.6%
2025-06-05 11:46:44,670 - INFO -   Buffer Misses:          66
2025-06-05 11:46:44,670 - INFO -   Same Frame Skips:       469
2025-06-05 11:46:44,670 - INFO -   Processing Errors:      0
2025-06-05 11:46:44,670 - INFO -   System Efficiency:      81.6%
2025-06-05 11:46:44,670 - INFO -   Detection Ratio:        0.003
2025-06-05 11:46:44,670 - INFO - ============================================================
2025-06-05 11:46:44,671 - INFO - Comprehensive cleanup completed successfully
2025-06-05 11:46:44,676 - INFO - Program exiting with code 0
