2025-06-05 17:20:18,719 - INFO - === BEBOP 2 WORKING BASE + SIMPLE ZOOM ===
2025-06-05 17:20:18,719 - INFO - 🎯 Base fonctionnelle avec zoom adaptatif simple
2025-06-05 17:20:18,719 - INFO - 📡 Connexion au drone...
2025-06-05 17:20:19,766 - INFO - ✅ Drone connecté!
2025-06-05 17:20:19,767 - INFO - 📹 Démarrage flux vidéo...
2025-06-05 17:20:22,270 - INFO - Contrôle drone démarré.
2025-06-05 17:20:22,270 - INFO - 🚀 FFmpeg simple: ffmpeg -protocol_whitelist file,rtp,udp -fflags nobuffer -flags low_delay -avioflags direct -analyzeduration 500000 -probesize 500000 -i C:\Users\Baptiste\anaconda3\Lib\site-packages\pyparrot\utils\bebop.sdp -f rawvideo -pix_fmt bgr24 -
2025-06-05 17:20:22,285 - INFO - ✅ Pipeline simple initialisé
2025-06-05 17:20:22,316 - INFO - ==================================================
2025-06-05 17:20:22,320 - INFO - 🎮 COMMANDES:
2025-06-05 17:20:22,324 - INFO -   'q' = Quitter | 's' = Screenshot | 'r' = Reset
2025-06-05 17:20:22,325 - INFO -   'z' = Toggle auto-zoom | '+/-' = Zoom manuel
2025-06-05 17:20:22,331 - INFO -   'd' = Debug masque
2025-06-05 17:20:22,332 - INFO - ==================================================
2025-06-05 17:20:22,337 - INFO - 🎬 Démarrage détection base + zoom...
2025-06-05 17:20:26,271 - INFO - 📊 FPS: 15.3 | Détections: 59/60 (98.3%) | Zoom: 1.0x
2025-06-05 17:20:28,279 - INFO - 📊 FPS: 29.9 | Détections: 119/120 (99.2%) | Zoom: 1.0x
2025-06-05 17:20:30,274 - INFO - 📊 FPS: 30.1 | Détections: 179/180 (99.4%) | Zoom: 1.0x
2025-06-05 17:20:32,286 - INFO - 📊 FPS: 29.8 | Détections: 239/240 (99.6%) | Zoom: 1.0x
2025-06-05 17:20:34,290 - INFO - 📊 FPS: 29.9 | Détections: 299/300 (99.7%) | Zoom: 1.0x
2025-06-05 17:20:36,369 - INFO - 📊 FPS: 28.9 | Détections: 359/360 (99.7%) | Zoom: 1.0x
2025-06-05 17:20:38,289 - INFO - 📊 FPS: 31.3 | Détections: 419/420 (99.8%) | Zoom: 1.0x
2025-06-05 17:20:40,287 - INFO - 📊 FPS: 30.0 | Détections: 479/480 (99.8%) | Zoom: 1.0x
2025-06-05 17:20:42,292 - INFO - 📊 FPS: 29.9 | Détections: 539/540 (99.8%) | Zoom: 1.0x
2025-06-05 17:20:44,290 - INFO - 📊 FPS: 30.0 | Détections: 599/600 (99.8%) | Zoom: 1.0x
2025-06-05 17:20:46,293 - INFO - 📊 FPS: 30.0 | Détections: 659/660 (99.8%) | Zoom: 1.0x
2025-06-05 17:20:48,303 - INFO - 📊 FPS: 29.9 | Détections: 719/720 (99.9%) | Zoom: 1.0x
2025-06-05 17:20:50,302 - INFO - 📊 FPS: 30.0 | Détections: 779/780 (99.9%) | Zoom: 1.0x
2025-06-05 17:20:52,304 - INFO - 📊 FPS: 30.0 | Détections: 839/840 (99.9%) | Zoom: 1.0x
2025-06-05 17:20:54,301 - INFO - 📊 FPS: 30.0 | Détections: 899/900 (99.9%) | Zoom: 1.0x
2025-06-05 17:20:56,306 - INFO - 📊 FPS: 29.9 | Détections: 959/960 (99.9%) | Zoom: 1.0x
2025-06-05 17:20:58,305 - INFO - 📊 FPS: 30.0 | Détections: 1019/1020 (99.9%) | Zoom: 1.0x
2025-06-05 17:21:00,309 - INFO - 📊 FPS: 30.0 | Détections: 1079/1080 (99.9%) | Zoom: 1.0x
2025-06-05 17:21:02,410 - INFO - 📊 FPS: 28.6 | Détections: 1139/1140 (99.9%) | Zoom: 1.0x
2025-06-05 17:21:04,314 - INFO - 📊 FPS: 31.5 | Détections: 1199/1200 (99.9%) | Zoom: 1.0x
2025-06-05 17:21:06,320 - INFO - 📊 FPS: 29.9 | Détections: 1259/1260 (99.9%) | Zoom: 1.0x
2025-06-05 17:21:08,316 - INFO - 📊 FPS: 30.1 | Détections: 1319/1320 (99.9%) | Zoom: 1.0x
2025-06-05 17:21:10,346 - INFO - 📊 FPS: 29.6 | Détections: 1379/1380 (99.9%) | Zoom: 1.0x
2025-06-05 17:21:12,319 - INFO - 📊 FPS: 30.4 | Détections: 1439/1440 (99.9%) | Zoom: 1.0x
2025-06-05 17:21:14,328 - INFO - 📊 FPS: 29.9 | Détections: 1499/1500 (99.9%) | Zoom: 1.0x
2025-06-05 17:21:16,320 - INFO - 📊 FPS: 30.1 | Détections: 1559/1560 (99.9%) | Zoom: 1.0x
2025-06-05 17:21:18,330 - INFO - 📊 FPS: 29.9 | Détections: 1619/1620 (99.9%) | Zoom: 1.0x
2025-06-05 17:21:20,332 - INFO - 📊 FPS: 30.0 | Détections: 1679/1680 (99.9%) | Zoom: 1.0x
2025-06-05 17:21:22,334 - INFO - 📊 FPS: 30.0 | Détections: 1739/1740 (99.9%) | Zoom: 1.0x
2025-06-05 17:21:24,342 - INFO - 📊 FPS: 29.9 | Détections: 1799/1800 (99.9%) | Zoom: 1.0x
2025-06-05 17:21:26,338 - INFO - 📊 FPS: 30.1 | Détections: 1859/1860 (99.9%) | Zoom: 1.0x
2025-06-05 17:21:28,348 - INFO - 📊 FPS: 29.8 | Détections: 1919/1920 (99.9%) | Zoom: 1.0x
2025-06-05 17:21:30,344 - INFO - 📊 FPS: 30.1 | Détections: 1979/1980 (99.9%) | Zoom: 1.0x
2025-06-05 17:21:32,364 - INFO - 📊 FPS: 29.7 | Détections: 2039/2040 (100.0%) | Zoom: 1.0x
2025-06-05 17:21:34,344 - INFO - 📊 FPS: 30.3 | Détections: 2099/2100 (100.0%) | Zoom: 1.0x
2025-06-05 17:21:36,351 - INFO - 📊 FPS: 29.9 | Détections: 2159/2160 (100.0%) | Zoom: 1.0x
2025-06-05 17:21:38,358 - INFO - 📊 FPS: 29.9 | Détections: 2219/2220 (100.0%) | Zoom: 1.0x
2025-06-05 17:21:40,355 - INFO - 📊 FPS: 30.0 | Détections: 2279/2280 (100.0%) | Zoom: 1.0x
2025-06-05 17:21:42,360 - INFO - 📊 FPS: 29.9 | Détections: 2339/2340 (100.0%) | Zoom: 1.0x
2025-06-05 17:21:44,358 - INFO - 📊 FPS: 30.0 | Détections: 2399/2400 (100.0%) | Zoom: 1.0x
2025-06-05 17:21:46,359 - INFO - 📊 FPS: 30.0 | Détections: 2459/2460 (100.0%) | Zoom: 1.0x
2025-06-05 17:21:48,357 - INFO - 📊 FPS: 30.0 | Détections: 2519/2520 (100.0%) | Zoom: 1.0x
2025-06-05 17:21:50,364 - INFO - 📊 FPS: 29.9 | Détections: 2579/2580 (100.0%) | Zoom: 1.0x
2025-06-05 17:21:52,376 - INFO - 📊 FPS: 29.8 | Détections: 2639/2640 (100.0%) | Zoom: 1.0x
2025-06-05 17:21:54,369 - INFO - 📊 FPS: 30.1 | Détections: 2699/2700 (100.0%) | Zoom: 1.0x
2025-06-05 17:21:56,410 - INFO - 📊 FPS: 29.4 | Détections: 2759/2760 (100.0%) | Zoom: 1.0x
2025-06-05 17:21:58,413 - INFO - 📊 FPS: 30.0 | Détections: 2819/2820 (100.0%) | Zoom: 1.3x
2025-06-05 17:22:00,398 - INFO - 📊 FPS: 30.2 | Détections: 2879/2880 (100.0%) | Zoom: 1.3x
2025-06-05 17:22:02,425 - INFO - 📊 FPS: 29.6 | Détections: 2936/2940 (99.9%) | Zoom: 1.1x
2025-06-05 17:22:04,442 - INFO - 📊 FPS: 29.7 | Détections: 2996/3000 (99.9%) | Zoom: 1.0x
2025-06-05 17:22:06,432 - INFO - 📊 FPS: 30.1 | Détections: 3056/3060 (99.9%) | Zoom: 1.0x
2025-06-05 17:22:08,438 - INFO - 📊 FPS: 29.9 | Détections: 3116/3120 (99.9%) | Zoom: 1.0x
2025-06-05 17:22:10,431 - INFO - 📊 FPS: 30.1 | Détections: 3176/3180 (99.9%) | Zoom: 1.0x
2025-06-05 17:22:12,436 - INFO - 📊 FPS: 29.9 | Détections: 3236/3240 (99.9%) | Zoom: 1.0x
2025-06-05 17:22:14,440 - INFO - 📊 FPS: 29.9 | Détections: 3296/3300 (99.9%) | Zoom: 1.0x
2025-06-05 17:22:16,431 - INFO - 📊 FPS: 30.1 | Détections: 3356/3360 (99.9%) | Zoom: 1.1x
2025-06-05 17:22:18,452 - INFO - 📊 FPS: 29.7 | Détections: 3416/3420 (99.9%) | Zoom: 1.9x
2025-06-05 17:22:20,448 - INFO - 📊 FPS: 30.1 | Détections: 3476/3480 (99.9%) | Zoom: 1.7x
2025-06-05 17:22:22,459 - INFO - 📊 FPS: 29.8 | Détections: 3536/3540 (99.9%) | Zoom: 1.8x
2025-06-05 17:22:24,451 - INFO - 📊 FPS: 30.1 | Détections: 3596/3600 (99.9%) | Zoom: 1.5x
2025-06-05 17:22:26,460 - INFO - 📊 FPS: 29.9 | Détections: 3656/3660 (99.9%) | Zoom: 1.0x
2025-06-05 17:22:28,454 - INFO - 📊 FPS: 30.1 | Détections: 3716/3720 (99.9%) | Zoom: 1.0x
2025-06-05 17:22:30,449 - INFO - 📊 FPS: 30.1 | Détections: 3776/3780 (99.9%) | Zoom: 1.0x
2025-06-05 17:22:32,448 - INFO - 📊 FPS: 30.0 | Détections: 3836/3840 (99.9%) | Zoom: 1.0x
2025-06-05 17:22:34,453 - INFO - 📊 FPS: 29.9 | Détections: 3896/3900 (99.9%) | Zoom: 1.4x
2025-06-05 17:22:36,449 - INFO - 📊 FPS: 30.1 | Détections: 3956/3960 (99.9%) | Zoom: 1.0x
2025-06-05 17:22:38,454 - INFO - 📊 FPS: 29.9 | Détections: 4016/4020 (99.9%) | Zoom: 1.0x
2025-06-05 17:22:40,473 - INFO - 📊 FPS: 29.7 | Détections: 4076/4080 (99.9%) | Zoom: 1.1x
2025-06-05 17:22:42,478 - INFO - 📊 FPS: 29.9 | Détections: 4136/4140 (99.9%) | Zoom: 1.5x
2025-06-05 17:22:44,475 - INFO - 📊 FPS: 30.1 | Détections: 4196/4200 (99.9%) | Zoom: 2.2x
2025-06-05 17:22:47,899 - INFO - 📊 FPS: 17.5 | Détections: 4256/4260 (99.9%) | Zoom: 1.6x
2025-06-05 17:22:48,775 - INFO - 📊 FPS: 68.5 | Détections: 4316/4320 (99.9%) | Zoom: 1.1x
2025-06-05 17:22:50,480 - INFO - 📊 FPS: 35.2 | Détections: 4376/4380 (99.9%) | Zoom: 1.0x
2025-06-05 17:22:52,472 - INFO - 📊 FPS: 30.1 | Détections: 4436/4440 (99.9%) | Zoom: 1.0x
2025-06-05 17:22:54,465 - INFO - 📊 FPS: 30.1 | Détections: 4496/4500 (99.9%) | Zoom: 1.0x
2025-06-05 17:22:56,473 - INFO - 📊 FPS: 29.9 | Détections: 4556/4560 (99.9%) | Zoom: 1.0x
2025-06-05 17:22:58,462 - INFO - 📊 FPS: 30.2 | Détections: 4616/4620 (99.9%) | Zoom: 1.0x
2025-06-05 17:23:00,479 - INFO - 📊 FPS: 29.7 | Détections: 4676/4680 (99.9%) | Zoom: 1.3x
2025-06-05 17:23:02,516 - INFO - 📊 FPS: 29.5 | Détections: 4736/4740 (99.9%) | Zoom: 1.0x
2025-06-05 17:23:04,523 - INFO - 📊 FPS: 29.9 | Détections: 4796/4800 (99.9%) | Zoom: 1.3x
2025-06-05 17:23:06,484 - INFO - 📊 FPS: 30.6 | Détections: 4856/4860 (99.9%) | Zoom: 1.0x
2025-06-05 17:23:08,478 - INFO - 📊 FPS: 30.1 | Détections: 4916/4920 (99.9%) | Zoom: 1.0x
2025-06-05 17:23:10,512 - INFO - 📊 FPS: 29.5 | Détections: 4976/4980 (99.9%) | Zoom: 1.0x
2025-06-05 17:23:12,518 - INFO - 📊 FPS: 29.9 | Détections: 5036/5040 (99.9%) | Zoom: 1.0x
2025-06-05 17:23:14,491 - INFO - 📊 FPS: 30.4 | Détections: 5096/5100 (99.9%) | Zoom: 1.0x
2025-06-05 17:23:16,506 - INFO - 📊 FPS: 29.8 | Détections: 5156/5160 (99.9%) | Zoom: 1.0x
2025-06-05 17:23:18,496 - INFO - 📊 FPS: 30.2 | Détections: 5216/5220 (99.9%) | Zoom: 1.0x
2025-06-05 17:23:20,483 - INFO - 📊 FPS: 30.2 | Détections: 5276/5280 (99.9%) | Zoom: 1.0x
2025-06-05 17:23:22,491 - INFO - 📊 FPS: 29.9 | Détections: 5288/5340 (99.0%) | Zoom: 1.1x
2025-06-05 17:23:24,508 - INFO - 📊 FPS: 29.8 | Détections: 5288/5400 (97.9%) | Zoom: 1.1x
2025-06-05 17:23:26,485 - INFO - 📊 FPS: 30.3 | Détections: 5331/5460 (97.6%) | Zoom: 3.0x
2025-06-05 17:23:28,489 - INFO - 📊 FPS: 29.9 | Détections: 5379/5520 (97.4%) | Zoom: 2.9x
2025-06-05 17:23:30,497 - INFO - 📊 FPS: 29.9 | Détections: 5431/5580 (97.3%) | Zoom: 2.9x
2025-06-05 17:23:32,506 - INFO - 📊 FPS: 29.9 | Détections: 5448/5640 (96.6%) | Zoom: 2.6x
2025-06-05 17:23:34,481 - INFO - 📊 FPS: 30.4 | Détections: 5502/5700 (96.5%) | Zoom: 1.0x
2025-06-05 17:23:36,496 - INFO - 📊 FPS: 29.8 | Détections: 5562/5760 (96.6%) | Zoom: 2.8x
2025-06-05 17:23:38,501 - INFO - 📊 FPS: 29.9 | Détections: 5622/5820 (96.6%) | Zoom: 2.8x
2025-06-05 17:23:40,496 - INFO - 📊 FPS: 30.1 | Détections: 5682/5880 (96.6%) | Zoom: 3.0x
2025-06-05 17:23:42,503 - INFO - 📊 FPS: 29.9 | Détections: 5742/5940 (96.7%) | Zoom: 3.0x
2025-06-05 17:23:44,557 - INFO - 📊 FPS: 29.2 | Détections: 5802/6000 (96.7%) | Zoom: 3.0x
2025-06-05 17:23:46,507 - INFO - 📊 FPS: 30.8 | Détections: 5862/6060 (96.7%) | Zoom: 3.0x
2025-06-05 17:23:48,505 - INFO - 📊 FPS: 30.0 | Détections: 5922/6120 (96.8%) | Zoom: 2.9x
2025-06-05 17:23:50,508 - INFO - 📊 FPS: 30.0 | Détections: 5982/6180 (96.8%) | Zoom: 3.0x
2025-06-05 17:23:52,514 - INFO - 📊 FPS: 29.9 | Détections: 6042/6240 (96.8%) | Zoom: 3.0x
2025-06-05 17:23:54,509 - INFO - 📊 FPS: 30.1 | Détections: 6102/6300 (96.9%) | Zoom: 2.9x
2025-06-05 17:23:56,519 - INFO - 📊 FPS: 29.9 | Détections: 6162/6360 (96.9%) | Zoom: 3.0x
2025-06-05 17:23:58,517 - INFO - 📊 FPS: 30.0 | Détections: 6222/6420 (96.9%) | Zoom: 2.9x
2025-06-05 17:24:00,521 - INFO - 📊 FPS: 29.9 | Détections: 6282/6480 (96.9%) | Zoom: 3.0x
2025-06-05 17:24:02,519 - INFO - 📊 FPS: 30.0 | Détections: 6342/6540 (97.0%) | Zoom: 3.0x
2025-06-05 17:24:04,640 - INFO - 📊 FPS: 28.3 | Détections: 6402/6600 (97.0%) | Zoom: 3.0x
2025-06-05 17:24:06,522 - INFO - 📊 FPS: 31.9 | Détections: 6462/6660 (97.0%) | Zoom: 2.9x
2025-06-05 17:24:08,528 - INFO - 📊 FPS: 29.9 | Détections: 6522/6720 (97.1%) | Zoom: 3.0x
2025-06-05 17:24:10,545 - INFO - 📊 FPS: 29.8 | Détections: 6582/6780 (97.1%) | Zoom: 2.9x
2025-06-05 17:24:12,527 - INFO - 📊 FPS: 30.3 | Détections: 6642/6840 (97.1%) | Zoom: 3.0x
2025-06-05 17:24:14,533 - INFO - 📊 FPS: 29.9 | Détections: 6702/6900 (97.1%) | Zoom: 3.0x
2025-06-05 17:24:16,530 - INFO - 📊 FPS: 30.0 | Détections: 6762/6960 (97.2%) | Zoom: 2.5x
2025-06-05 17:24:18,540 - INFO - 📊 FPS: 29.9 | Détections: 6822/7020 (97.2%) | Zoom: 2.2x
2025-06-05 17:24:20,534 - INFO - 📊 FPS: 30.1 | Détections: 6882/7080 (97.2%) | Zoom: 1.5x
2025-06-05 17:24:22,541 - INFO - 📊 FPS: 29.9 | Détections: 6942/7140 (97.2%) | Zoom: 2.9x
2025-06-05 17:24:24,545 - INFO - 📊 FPS: 29.9 | Détections: 7002/7200 (97.2%) | Zoom: 2.9x
2025-06-05 17:24:26,541 - INFO - 📊 FPS: 30.1 | Détections: 7062/7260 (97.3%) | Zoom: 3.0x
2025-06-05 17:24:28,558 - INFO - 📊 FPS: 29.7 | Détections: 7122/7320 (97.3%) | Zoom: 2.9x
2025-06-05 17:24:30,544 - INFO - 📊 FPS: 30.2 | Détections: 7182/7380 (97.3%) | Zoom: 2.5x
2025-06-05 17:24:32,553 - INFO - 📊 FPS: 29.9 | Détections: 7242/7440 (97.3%) | Zoom: 2.5x
2025-06-05 17:24:34,542 - INFO - 📊 FPS: 30.2 | Détections: 7302/7500 (97.4%) | Zoom: 2.7x
2025-06-05 17:24:36,554 - INFO - 📊 FPS: 29.8 | Détections: 7362/7560 (97.4%) | Zoom: 2.8x
2025-06-05 17:24:38,550 - INFO - 📊 FPS: 30.1 | Détections: 7422/7620 (97.4%) | Zoom: 2.9x
2025-06-05 17:24:40,559 - INFO - 📊 FPS: 29.9 | Détections: 7482/7680 (97.4%) | Zoom: 3.0x
2025-06-05 17:24:42,563 - INFO - 📊 FPS: 29.9 | Détections: 7542/7740 (97.4%) | Zoom: 2.9x
2025-06-05 17:24:44,562 - INFO - 📊 FPS: 30.0 | Détections: 7602/7800 (97.5%) | Zoom: 2.9x
2025-06-05 17:24:46,573 - INFO - 📊 FPS: 29.8 | Détections: 7662/7860 (97.5%) | Zoom: 2.7x
2025-06-05 17:24:48,568 - INFO - 📊 FPS: 30.1 | Détections: 7711/7920 (97.4%) | Zoom: 2.8x
2025-06-05 17:24:50,560 - INFO - 📊 FPS: 30.1 | Détections: 7737/7980 (97.0%) | Zoom: 1.8x
2025-06-05 17:24:52,599 - INFO - 📊 FPS: 29.4 | Détections: 7754/8040 (96.4%) | Zoom: 2.3x
2025-06-05 17:24:54,593 - INFO - 📊 FPS: 30.1 | Détections: 7801/8100 (96.3%) | Zoom: 1.4x
2025-06-05 17:24:56,605 - INFO - 📊 FPS: 29.8 | Détections: 7810/8160 (95.7%) | Zoom: 1.4x
2025-06-05 17:24:58,629 - INFO - 📊 FPS: 29.7 | Détections: 7830/8220 (95.3%) | Zoom: 2.3x
2025-06-05 17:25:00,636 - INFO - 📊 FPS: 29.9 | Détections: 7870/8280 (95.0%) | Zoom: 1.5x
2025-06-05 17:25:02,602 - INFO - 📊 FPS: 30.5 | Détections: 7930/8340 (95.1%) | Zoom: 1.0x
2025-06-05 17:25:04,624 - INFO - 📊 FPS: 29.7 | Détections: 7990/8400 (95.1%) | Zoom: 1.0x
2025-06-05 17:25:06,630 - INFO - 📊 FPS: 29.9 | Détections: 8050/8460 (95.2%) | Zoom: 1.0x
2025-06-05 17:25:08,639 - INFO - 📊 FPS: 29.9 | Détections: 8110/8520 (95.2%) | Zoom: 1.0x
2025-06-05 17:25:10,630 - INFO - 📊 FPS: 30.1 | Détections: 8167/8580 (95.2%) | Zoom: 1.0x
2025-06-05 17:25:12,630 - INFO - 📊 FPS: 30.0 | Détections: 8221/8640 (95.2%) | Zoom: 1.1x
2025-06-05 17:25:14,635 - INFO - 📊 FPS: 29.9 | Détections: 8259/8700 (94.9%) | Zoom: 1.4x
2025-06-05 17:25:16,650 - INFO - 📊 FPS: 29.8 | Détections: 8309/8760 (94.9%) | Zoom: 1.2x
2025-06-05 17:25:18,647 - INFO - 📊 FPS: 30.1 | Détections: 8368/8820 (94.9%) | Zoom: 1.0x
2025-06-05 17:25:20,642 - INFO - 📊 FPS: 30.1 | Détections: 8419/8880 (94.8%) | Zoom: 1.1x
2025-06-05 17:25:22,633 - INFO - 📊 FPS: 30.1 | Détections: 8479/8940 (94.8%) | Zoom: 1.3x
2025-06-05 17:25:24,645 - INFO - 📊 FPS: 29.8 | Détections: 8539/9000 (94.9%) | Zoom: 1.0x
2025-06-05 17:25:26,684 - INFO - 📊 FPS: 29.4 | Détections: 8599/9060 (94.9%) | Zoom: 1.0x
2025-06-05 17:25:28,640 - INFO - 📊 FPS: 30.7 | Détections: 8659/9120 (94.9%) | Zoom: 1.0x
2025-06-05 17:25:30,632 - INFO - 📊 FPS: 30.1 | Détections: 8719/9180 (95.0%) | Zoom: 1.0x
2025-06-05 17:25:32,637 - INFO - 📊 FPS: 29.9 | Détections: 8779/9240 (95.0%) | Zoom: 1.0x
2025-06-05 17:25:34,685 - INFO - 📊 FPS: 29.3 | Détections: 8839/9300 (95.0%) | Zoom: 1.1x
2025-06-05 17:25:36,637 - INFO - 📊 FPS: 30.7 | Détections: 8899/9360 (95.1%) | Zoom: 1.9x
2025-06-05 17:25:38,647 - INFO - 📊 FPS: 29.9 | Détections: 8933/9420 (94.8%) | Zoom: 2.4x
2025-06-05 17:25:40,665 - INFO - 📊 FPS: 29.7 | Détections: 8993/9480 (94.9%) | Zoom: 1.1x
2025-06-05 17:25:42,656 - INFO - 📊 FPS: 30.1 | Détections: 9053/9540 (94.9%) | Zoom: 1.0x
2025-06-05 17:25:44,663 - INFO - 📊 FPS: 29.9 | Détections: 9113/9600 (94.9%) | Zoom: 1.0x
2025-06-05 17:25:46,641 - INFO - 📊 FPS: 30.3 | Détections: 9173/9660 (95.0%) | Zoom: 1.0x
2025-06-05 17:25:48,647 - INFO - 📊 FPS: 29.9 | Détections: 9233/9720 (95.0%) | Zoom: 1.0x
2025-06-05 17:25:50,659 - INFO - 📊 FPS: 29.8 | Détections: 9293/9780 (95.0%) | Zoom: 1.0x
2025-06-05 17:25:52,735 - INFO - 📊 FPS: 28.9 | Détections: 9353/9840 (95.1%) | Zoom: 1.0x
2025-06-05 17:25:54,692 - INFO - 📊 FPS: 30.7 | Détections: 9413/9900 (95.1%) | Zoom: 1.0x
2025-06-05 17:25:56,683 - INFO - 📊 FPS: 30.1 | Détections: 9473/9960 (95.1%) | Zoom: 1.0x
2025-06-05 17:25:58,712 - INFO - 📊 FPS: 29.6 | Détections: 9533/10020 (95.1%) | Zoom: 1.0x
2025-06-05 17:26:01,113 - INFO - 📊 FPS: 25.0 | Détections: 9593/10080 (95.2%) | Zoom: 1.0x
2025-06-05 17:26:02,706 - INFO - 📊 FPS: 37.7 | Détections: 9653/10140 (95.2%) | Zoom: 1.2x
2025-06-05 17:26:03,195 - INFO - ⌨️ Interruption clavier
2025-06-05 17:26:03,195 - INFO - 🧹 Nettoyage...
2025-06-05 17:26:03,195 - INFO - ==================================================
2025-06-05 17:26:03,196 - INFO - 📊 STATS FINALES:
2025-06-05 17:26:03,196 - INFO -   ⏱️ Durée: 344.5s
2025-06-05 17:26:03,196 - INFO -   🎞️ Frames: 10155
2025-06-05 17:26:03,196 - INFO -   ⚡ FPS: 29.5
2025-06-05 17:26:03,196 - INFO -   🎯 Détections: 9667 (95.2%)
2025-06-05 17:26:03,196 - INFO -   🔍 Zoom final: 1.1x
2025-06-05 17:26:03,196 - INFO -   📸 Screenshots: 0
2025-06-05 17:26:03,196 - INFO - ==================================================
2025-06-05 17:26:03,197 - INFO - ✅ Pipeline fermé
2025-06-05 17:26:03,200 - INFO - ✅ Interface fermée
2025-06-05 17:26:03,702 - INFO - ✅ Drone déconnecté
2025-06-05 17:26:03,703 - INFO - 🎉 Terminé!
