2025-06-05 11:08:25,086 - INFO - Starting Bebop 2 Ultra Smart Hybrid Detection System
2025-06-05 11:08:25,087 - INFO - Features: Minimal disk usage + Ultra-smart detection + Immediate cleanup
2025-06-05 11:08:25,087 - INFO - Images directory verified: C:/Users/Baptiste/anaconda3/Lib/site-packages/pyparrot/images
2025-06-05 11:08:25,270 - INFO - Initial cleanup: removed 1023 old files
2025-06-05 11:08:25,293 - INFO - Connecting to Bebop 2...
2025-06-05 11:08:26,318 - INFO - Drone connected successfully
2025-06-05 11:08:26,319 - INFO - Ultra display thread started
2025-06-05 11:08:26,420 - INFO - Thread 1/2 started: UltraDisplay
2025-06-05 11:08:26,427 - INFO - Ultra monitor thread started
2025-06-05 11:08:26,528 - INFO - Thread 2/2 started: UltraMonitor
2025-06-05 11:08:26,528 - INFO - All ultra threads started successfully
2025-06-05 11:08:26,528 - INFO - Opening video stream with hybrid callback...
2025-06-05 11:08:31,431 - WARNING - ISSUE DETECTED - No new frames in 5s
2025-06-05 11:08:31,432 - WARNING -               Callbacks: 0 (+0), Read success: 0.0%
2025-06-05 11:08:31,432 - WARNING -               Last frame: 6.3s ago
2025-06-05 11:08:31,447 - WARNING -               Failed reads: 0, Cleaned: 1020
2025-06-05 11:08:31,477 - WARNING -               Files in directory: 0
2025-06-05 11:08:31,507 - WARNING -               Directory accessible: True
2025-06-05 11:08:36,519 - WARNING - ISSUE DETECTED - No new frames in 5s
2025-06-05 11:08:36,519 - WARNING -               Callbacks: 0 (+0), Read success: 0.0%
2025-06-05 11:08:36,534 - WARNING -               Last frame: 11.4s ago
2025-06-05 11:08:36,549 - WARNING -               Failed reads: 0, Cleaned: 1020
2025-06-05 11:08:36,581 - WARNING -               Files in directory: 0
2025-06-05 11:08:36,596 - WARNING -               Directory accessible: True
2025-06-05 11:08:39,276 - INFO - Video stream opened successfully (12.7s)
2025-06-05 11:08:39,278 - INFO - Ultra Smart Hybrid Detection System is now active
2025-06-05 11:08:39,278 - INFO - ============================================================
2025-06-05 11:08:39,278 - INFO - CONTROLS:
2025-06-05 11:08:39,278 - INFO -   'q' or ESC  = Quit
2025-06-05 11:08:39,279 - INFO -   'r'         = Complete reset (all stats + detector)
2025-06-05 11:08:39,279 - INFO -   's'         = Screenshot
2025-06-05 11:08:39,279 - INFO -   'd'         = Debug stats
2025-06-05 11:08:39,279 - INFO -   'c'         = Manual cleanup
2025-06-05 11:08:39,279 - INFO - ============================================================
2025-06-05 11:08:40,413 - INFO - Display FPS: 2.1
2025-06-05 11:08:41,611 - INFO - ULTRA MONITOR - Frames: 1 (+1), FPS: 0.2, Det: 0.0%, Err: 0
2025-06-05 11:08:41,611 - INFO -               I/O: 1 callbacks (+1, 0.2/s), Read: 100.0% (1/1)
2025-06-05 11:08:41,611 - INFO -               Cleanup: 1038 total (+18, 3.6/s)
2025-06-05 11:08:41,676 - INFO - Display FPS: 23.7
2025-06-05 11:08:42,936 - INFO - Display FPS: 23.8
2025-06-05 11:08:44,192 - INFO - Display FPS: 23.9
2025-06-05 11:08:45,451 - INFO - Display FPS: 23.8
2025-06-05 11:08:46,612 - WARNING - ISSUE DETECTED - No new frames in 5s
2025-06-05 11:08:46,612 - WARNING -               Callbacks: 1 (+0), Read success: 100.0%
2025-06-05 11:08:46,612 - WARNING -               Last frame: 7.5s ago
2025-06-05 11:08:46,612 - WARNING -               Failed reads: 0, Cleaned: 1038
2025-06-05 11:08:46,613 - WARNING -               Files in directory: 313
2025-06-05 11:08:46,615 - WARNING -               Directory accessible: True
2025-06-05 11:08:46,713 - INFO - Display FPS: 23.8
2025-06-05 11:08:47,964 - INFO - Display FPS: 24.0
2025-06-05 11:08:49,236 - INFO - Display FPS: 23.6
2025-06-05 11:08:50,491 - INFO - Display FPS: 23.9
2025-06-05 11:08:51,615 - WARNING - ISSUE DETECTED - No new frames in 5s
2025-06-05 11:08:51,615 - WARNING -               Callbacks: 1 (+0), Read success: 100.0%
2025-06-05 11:08:51,616 - WARNING -               Last frame: 12.5s ago
2025-06-05 11:08:51,616 - WARNING -               Failed reads: 0, Cleaned: 1038
2025-06-05 11:08:51,617 - WARNING -               Files in directory: 313
2025-06-05 11:08:51,618 - WARNING -               Directory accessible: True
2025-06-05 11:08:51,746 - INFO - Display FPS: 23.9
2025-06-05 11:08:52,992 - INFO - Display FPS: 24.1
2025-06-05 11:08:54,246 - INFO - Display FPS: 23.9
2025-06-05 11:08:55,501 - INFO - Display FPS: 23.9
2025-06-05 11:08:56,619 - WARNING - ISSUE DETECTED - No new frames in 5s
2025-06-05 11:08:56,619 - WARNING -               Callbacks: 1 (+0), Read success: 100.0%
2025-06-05 11:08:56,619 - WARNING -               Last frame: 17.5s ago
2025-06-05 11:08:56,620 - WARNING -               Failed reads: 0, Cleaned: 1038
2025-06-05 11:08:56,621 - WARNING -               Files in directory: 313
2025-06-05 11:08:56,622 - WARNING -               Directory accessible: True
2025-06-05 11:08:56,765 - INFO - Display FPS: 23.7
2025-06-05 11:08:58,035 - INFO - Display FPS: 23.6
2025-06-05 11:08:59,297 - INFO - Display FPS: 23.8
2025-06-05 11:09:00,556 - INFO - Display FPS: 23.8
2025-06-05 11:09:01,623 - WARNING - ISSUE DETECTED - No new frames in 5s
2025-06-05 11:09:01,623 - WARNING -               Callbacks: 1 (+0), Read success: 100.0%
2025-06-05 11:09:01,623 - WARNING -               Last frame: 22.5s ago
2025-06-05 11:09:01,624 - WARNING -               Failed reads: 0, Cleaned: 1038
2025-06-05 11:09:01,625 - WARNING -               Files in directory: 313
2025-06-05 11:09:01,626 - WARNING -               Directory accessible: True
2025-06-05 11:09:01,811 - INFO - Display FPS: 23.9
2025-06-05 11:09:03,074 - INFO - Display FPS: 23.8
2025-06-05 11:09:04,329 - INFO - Display FPS: 23.9
2025-06-05 11:09:05,019 - INFO - Signal 2 received - initiating ultra shutdown
2025-06-05 11:09:05,025 - INFO - Ultra display thread terminated
2025-06-05 11:09:05,342 - INFO - Display window was closed
2025-06-05 11:09:05,342 - INFO - Starting ultra-comprehensive cleanup...
2025-06-05 11:09:05,342 - INFO - Thread UltraDisplay terminated successfully
2025-06-05 11:09:06,627 - INFO - Ultra monitor thread terminated
2025-06-05 11:09:06,627 - INFO - Thread UltraMonitor terminated successfully
2025-06-05 11:09:13,130 - INFO - Video stream closed successfully
2025-06-05 11:09:13,633 - INFO - Drone disconnected successfully
2025-06-05 11:09:13,699 - INFO - Final cleanup: removed 313 remaining files
2025-06-05 11:09:13,699 - INFO - OpenCV windows closed successfully
2025-06-05 11:09:13,699 - INFO - ============================================================
2025-06-05 11:09:13,700 - INFO - FINAL STATISTICS:
2025-06-05 11:09:13,700 - INFO -   Total frames processed: 1
2025-06-05 11:09:13,700 - INFO -   Total detections: 0
2025-06-05 11:09:13,700 - INFO -   Detection rate: 0.0%
2025-06-05 11:09:13,700 - INFO -   Total callbacks: 1
2025-06-05 11:09:13,700 - INFO -   Read success rate: 100.0%
2025-06-05 11:09:13,700 - INFO -   Files cleaned: 1348
2025-06-05 11:09:13,700 - INFO -   Errors: 0
2025-06-05 11:09:13,700 - INFO - ============================================================
2025-06-05 11:09:13,700 - INFO - Ultra-comprehensive cleanup completed successfully
2025-06-05 11:09:13,701 - INFO - Program exiting with code 0
