2025-06-10 09:41:53,871 - INFO - ⚡ LANCEMENT MODE ULTRA-RAPIDE
2025-06-10 09:41:53,871 - INFO - ============================================================
2025-06-10 09:41:53,872 - INFO - ⚡ BEBOP 2 - DÉTECTION ULTRA-RAPIDE
2025-06-10 09:41:53,872 - INFO - 🎯 Optimisé pour vitesse et réactivité
2025-06-10 09:41:53,872 - INFO - ============================================================
2025-06-10 09:41:53,873 - INFO - 📡 Connexion au drone...
2025-06-10 09:41:54,940 - INFO - ✅ Drone connecté!
2025-06-10 09:41:54,941 - INFO - 📹 Démarrage flux vidéo...
2025-06-10 09:41:57,447 - INFO - 🎮 Contrôle drone simplifié démarré
2025-06-10 09:41:57,449 - INFO - 🚀 FFmpeg ultra-rapide configuré
2025-06-10 09:41:57,474 - INFO - ✅ Pipeline ultra-rapide initialisé
2025-06-10 09:41:57,475 - INFO - ⚡ Détecteur Fast Glove initialisé pour performance maximale
2025-06-10 09:41:57,556 - INFO - ============================================================
2025-06-10 09:41:57,556 - INFO - 🎮 COMMANDES RAPIDES:
2025-06-10 09:41:57,556 - INFO -   'q' = Quitter | 's' = Screenshot | 'r' = Reset
2025-06-10 09:41:57,556 - INFO -   '+'/'-' = Zoom | 'f' = Mode rapide toggle
2025-06-10 09:41:57,556 - INFO - ============================================================
2025-06-10 09:41:57,556 - INFO - ⚡ OPTIMISATIONS ACTIVES:
2025-06-10 09:41:57,557 - INFO -   ✓ Skip frames intelligent
2025-06-10 09:41:57,557 - INFO -   ✓ Détection ultra-rapide
2025-06-10 09:41:57,557 - INFO -   ✓ Rendu minimal
2025-06-10 09:41:57,557 - INFO -   ✓ Cache intelligent
2025-06-10 09:41:57,558 - INFO - ============================================================
2025-06-10 09:41:57,559 - INFO - 🎬 Démarrage détection ultra-rapide...
2025-06-10 09:42:00,775 - INFO - ⚡ FPS: 18.7 | Détections: 0/60 (0.0%) | Proc: 10.0ms | Zoom: 1.0x
2025-06-10 09:42:02,783 - INFO - ⚡ FPS: 29.9 | Détections: 25/120 (20.8%) | Proc: 10.4ms | Zoom: 1.1x
2025-06-10 09:42:04,785 - INFO - ⚡ FPS: 30.0 | Détections: 55/180 (30.6%) | Proc: 10.4ms | Zoom: 1.0x
2025-06-10 09:42:06,882 - INFO - ⚡ FPS: 28.6 | Détections: 85/240 (35.4%) | Proc: 10.6ms | Zoom: 1.0x
2025-06-10 09:42:08,821 - INFO - ⚡ FPS: 30.9 | Détections: 115/300 (38.3%) | Proc: 9.4ms | Zoom: 1.0x
2025-06-10 09:42:10,825 - INFO - ⚡ FPS: 29.9 | Détections: 145/360 (40.3%) | Proc: 10.9ms | Zoom: 1.0x
2025-06-10 09:42:12,832 - INFO - ⚡ FPS: 29.9 | Détections: 166/420 (39.5%) | Proc: 9.7ms | Zoom: 1.8x
2025-06-10 09:42:14,835 - INFO - ⚡ FPS: 29.9 | Détections: 192/480 (40.0%) | Proc: 9.1ms | Zoom: 2.1x
2025-06-10 09:42:16,837 - INFO - ⚡ FPS: 30.0 | Détections: 222/540 (41.1%) | Proc: 10.4ms | Zoom: 1.3x
2025-06-10 09:42:18,841 - INFO - ⚡ FPS: 29.9 | Détections: 252/600 (42.0%) | Proc: 10.8ms | Zoom: 1.0x
2025-06-10 09:42:20,838 - INFO - ⚡ FPS: 30.0 | Détections: 282/660 (42.7%) | Proc: 10.3ms | Zoom: 1.0x
2025-06-10 09:42:22,838 - INFO - ⚡ FPS: 30.0 | Détections: 312/720 (43.3%) | Proc: 9.9ms | Zoom: 1.0x
2025-06-10 09:42:24,837 - INFO - ⚡ FPS: 30.0 | Détections: 342/780 (43.8%) | Proc: 9.3ms | Zoom: 1.0x
2025-06-10 09:42:26,835 - INFO - ⚡ FPS: 30.0 | Détections: 369/840 (43.9%) | Proc: 8.3ms | Zoom: 2.3x
2025-06-10 09:42:28,833 - INFO - ⚡ FPS: 30.0 | Détections: 369/900 (41.0%) | Proc: 6.1ms | Zoom: 2.3x
2025-06-10 09:42:30,832 - INFO - ⚡ FPS: 30.0 | Détections: 379/960 (39.5%) | Proc: 7.8ms | Zoom: 2.9x
2025-06-10 09:42:32,836 - INFO - ⚡ FPS: 29.9 | Détections: 393/1020 (38.5%) | Proc: 6.9ms | Zoom: 3.0x
2025-06-10 09:42:34,833 - INFO - ⚡ FPS: 30.0 | Détections: 410/1080 (38.0%) | Proc: 7.1ms | Zoom: 2.7x
2025-06-10 09:42:36,842 - INFO - ⚡ FPS: 29.9 | Détections: 422/1140 (37.0%) | Proc: 7.2ms | Zoom: 2.1x
2025-06-10 09:42:38,860 - INFO - ⚡ FPS: 29.7 | Détections: 452/1200 (37.7%) | Proc: 8.9ms | Zoom: 1.3x
2025-06-10 09:42:40,841 - INFO - ⚡ FPS: 30.3 | Détections: 462/1260 (36.7%) | Proc: 7.1ms | Zoom: 2.5x
2025-06-10 09:42:42,846 - INFO - ⚡ FPS: 29.9 | Détections: 462/1320 (35.0%) | Proc: 7.1ms | Zoom: 2.5x
2025-06-10 09:42:44,845 - INFO - ⚡ FPS: 30.0 | Détections: 463/1380 (33.6%) | Proc: 6.3ms | Zoom: 2.6x
2025-06-10 09:42:46,853 - INFO - ⚡ FPS: 29.9 | Détections: 463/1440 (32.2%) | Proc: 6.9ms | Zoom: 2.6x
2025-06-10 09:42:48,852 - INFO - ⚡ FPS: 30.0 | Détections: 474/1500 (31.6%) | Proc: 7.0ms | Zoom: 2.7x
2025-06-10 09:42:50,863 - INFO - ⚡ FPS: 29.8 | Détections: 504/1560 (32.3%) | Proc: 9.0ms | Zoom: 1.1x
2025-06-10 09:42:52,866 - INFO - ⚡ FPS: 30.0 | Détections: 534/1620 (33.0%) | Proc: 8.6ms | Zoom: 1.2x
2025-06-10 09:42:54,870 - INFO - ⚡ FPS: 29.9 | Détections: 564/1680 (33.6%) | Proc: 9.3ms | Zoom: 1.0x
2025-06-10 09:42:56,864 - INFO - ⚡ FPS: 30.1 | Détections: 594/1740 (34.1%) | Proc: 9.5ms | Zoom: 1.0x
2025-06-10 09:42:58,871 - INFO - ⚡ FPS: 29.9 | Détections: 624/1800 (34.7%) | Proc: 10.0ms | Zoom: 1.0x
2025-06-10 09:43:00,874 - INFO - ⚡ FPS: 30.0 | Détections: 654/1860 (35.2%) | Proc: 10.3ms | Zoom: 1.0x
2025-06-10 09:43:02,874 - INFO - ⚡ FPS: 30.0 | Détections: 684/1920 (35.6%) | Proc: 10.3ms | Zoom: 1.0x
2025-06-10 09:43:04,879 - INFO - ⚡ FPS: 29.9 | Détections: 714/1980 (36.1%) | Proc: 10.2ms | Zoom: 1.1x
2025-06-10 09:43:06,876 - INFO - ⚡ FPS: 30.0 | Détections: 744/2040 (36.5%) | Proc: 8.9ms | Zoom: 1.0x
2025-06-10 09:43:08,975 - INFO - ⚡ FPS: 28.6 | Détections: 774/2100 (36.9%) | Proc: 9.3ms | Zoom: 1.5x
2025-06-10 09:43:10,881 - INFO - ⚡ FPS: 31.5 | Détections: 804/2160 (37.2%) | Proc: 10.0ms | Zoom: 1.1x
2025-06-10 09:43:12,889 - INFO - ⚡ FPS: 29.9 | Détections: 834/2220 (37.6%) | Proc: 9.7ms | Zoom: 1.0x
2025-06-10 09:43:14,882 - INFO - ⚡ FPS: 30.1 | Détections: 864/2280 (37.9%) | Proc: 8.9ms | Zoom: 1.4x
2025-06-10 09:43:16,883 - INFO - ⚡ FPS: 30.0 | Détections: 894/2340 (38.2%) | Proc: 8.7ms | Zoom: 1.5x
2025-06-10 09:43:18,885 - INFO - ⚡ FPS: 30.0 | Détections: 924/2400 (38.5%) | Proc: 8.6ms | Zoom: 1.5x
2025-06-10 09:43:20,879 - INFO - ⚡ FPS: 30.1 | Détections: 954/2460 (38.8%) | Proc: 8.3ms | Zoom: 2.2x
2025-06-10 09:43:22,890 - INFO - ⚡ FPS: 29.8 | Détections: 975/2520 (38.7%) | Proc: 6.8ms | Zoom: 3.0x
2025-06-10 09:43:24,887 - INFO - ⚡ FPS: 30.0 | Détections: 1005/2580 (39.0%) | Proc: 9.3ms | Zoom: 1.4x
2025-06-10 09:43:26,851 - INFO - ⌨️ Interruption clavier
2025-06-10 09:43:26,852 - INFO - 🧹 Nettoyage...
2025-06-10 09:43:26,853 - INFO - ============================================================
2025-06-10 09:43:26,854 - INFO - 📊 STATS FINALES ULTRA-RAPIDES:
2025-06-10 09:43:26,854 - INFO -   ⏱️ Durée: 93.0s
2025-06-10 09:43:26,855 - INFO -   🎞️ Frames: 2638
2025-06-10 09:43:26,856 - INFO -   ⚡ FPS moyen: 28.4
2025-06-10 09:43:26,856 - INFO -   🎯 Détections: 1021 (38.7%)
2025-06-10 09:43:26,857 - INFO -   ⚙️ Temps proc moy: 6.4ms
2025-06-10 09:43:26,857 - INFO -   🔍 Zoom final: 2.8x
2025-06-10 09:43:26,858 - INFO -   📸 Screenshots: 0
2025-06-10 09:43:26,858 - INFO - ============================================================
2025-06-10 09:43:26,860 - INFO - ✅ Pipeline fermé
2025-06-10 09:43:26,877 - INFO - ✅ Interface fermée
2025-06-10 09:43:27,380 - INFO - ✅ Drone déconnecté
2025-06-10 09:43:27,382 - INFO - ⚡ Session ultra-rapide terminée!
