2025-06-12 12:08:55,118 - INFO - === BEBOP 2 AVEC IA DE RECONNAISSANCE DE POSITION ===
2025-06-12 12:08:55,118 - INFO - 🤖 Système de reconnaissance de gestes pour drone
2025-06-12 12:08:55,118 - INFO - 📡 Connexion au drone...
2025-06-12 12:08:56,179 - INFO - ✅ Drone connecté!
2025-06-12 12:08:56,179 - INFO - 📹 Démarrage flux vidéo...
2025-06-12 12:08:58,683 - INFO - Contrôle drone démarré.
2025-06-12 12:08:58,690 - INFO - ✅ Pipeline vidéo initialisé
2025-06-12 12:08:58,691 - INFO - 🤖 Aucun modèle existant - Utilisez 't' pour entraîner
2025-06-12 12:08:58,716 - INFO - ================================================================================
2025-06-12 12:08:58,724 - INFO - 🎮 COMMANDES:
2025-06-12 12:08:58,725 - INFO -   'q' = Quitter | 's' = Screenshot | 'r' = Reset
2025-06-12 12:08:58,725 - INFO - 🤖 COMMANDES IA:
2025-06-12 12:08:58,725 - INFO -   'i' = Info IA | 't' = Entraînement | 'n' = Reconnaissance
2025-06-12 12:08:58,725 - INFO -   'm' = Sauvegarder | 'l' = Charger | 'c' = Commandes drone
2025-06-12 12:08:58,725 - INFO - ================================================================================
2025-06-12 12:08:58,725 - INFO - 🎯 POSITIONS RECONNUES:
2025-06-12 12:08:58,725 - INFO -   0: poing - Poing fermé - ARRÊT D'URGENCE
2025-06-12 12:08:58,725 - INFO -   1: paume - Paume ouverte - AVANCER
2025-06-12 12:08:58,726 - INFO -   2: index - Index pointé - DIRECTION
2025-06-12 12:08:58,726 - INFO -   3: victoire - Signe V - MONTÉE
2025-06-12 12:08:58,726 - INFO -   4: ok - Signe OK - VALIDATION/HOVER
2025-06-12 12:08:58,726 - INFO -   5: pouce - Pouce levé - MONTÉE DOUCE
2025-06-12 12:08:58,726 - INFO -   6: stop - Main STOP - ARRÊT
2025-06-12 12:08:58,726 - INFO -   7: salut - Salut - ROTATION
2025-06-12 12:08:58,726 - INFO - ================================================================================
2025-06-12 12:08:58,726 - INFO - 🎬 Démarrage détection avec IA...
2025-06-12 12:09:03,773 - INFO - 📊 FPS: 17.8 | Mode: detection | Détections: 0.0%
2025-06-12 12:09:06,813 - INFO - 📊 FPS: 29.6 | Mode: detection | Détections: 0.0%
2025-06-12 12:09:09,777 - INFO - 📊 FPS: 30.4 | Mode: detection | Détections: 0.0%
2025-06-12 12:09:10,551 - INFO - 🎓 Mode entraînement IA démarré
2025-06-12 12:09:10,552 - INFO - 📝 Positions à entraîner:
2025-06-12 12:09:10,552 - INFO -    0: poing - Poing fermé - ARRÊT D'URGENCE
2025-06-12 12:09:10,552 - INFO -    1: paume - Paume ouverte - AVANCER
2025-06-12 12:09:10,552 - INFO -    2: index - Index pointé - DIRECTION
2025-06-12 12:09:10,552 - INFO -    3: victoire - Signe V - MONTÉE
2025-06-12 12:09:10,552 - INFO -    4: ok - Signe OK - VALIDATION/HOVER
2025-06-12 12:09:10,552 - INFO -    5: pouce - Pouce levé - MONTÉE DOUCE
2025-06-12 12:09:10,552 - INFO -    6: stop - Main STOP - ARRÊT
2025-06-12 12:09:10,552 - INFO -    7: salut - Salut - ROTATION
2025-06-12 12:09:10,552 - INFO - 🎓 Mode entraînement IA activé
2025-06-12 12:09:10,552 - INFO - Effectuez chaque position quand demandé
2025-06-12 12:09:12,579 - INFO - 📊 Échantillon ajouté: poing - Total: 1
2025-06-12 12:09:12,782 - INFO - 📊 FPS: 29.9 | Mode: training | Détections: 18.6% | Échantillons: 1
2025-06-12 12:09:12,783 - INFO - 🤖 Position: training_poing (confiance: 0.40)
2025-06-12 12:09:13,612 - INFO - 📊 Échantillon ajouté: poing - Total: 2
2025-06-12 12:09:14,651 - INFO - 📊 Échantillon ajouté: poing - Total: 3
2025-06-12 12:09:15,680 - INFO - 📊 Échantillon ajouté: poing - Total: 4
2025-06-12 12:09:15,781 - INFO - 📊 FPS: 30.0 | Mode: training | Détections: 34.9% | Échantillons: 4
2025-06-12 12:09:15,781 - INFO - 🤖 Position: training_poing (confiance: 0.45)
2025-06-12 12:09:16,739 - INFO - 📊 Échantillon ajouté: poing - Total: 5
2025-06-12 12:09:17,749 - INFO - 📊 Échantillon ajouté: poing - Total: 6
2025-06-12 12:09:18,787 - INFO - 📊 Échantillon ajouté: poing - Total: 7
2025-06-12 12:09:18,788 - INFO - 📊 FPS: 29.9 | Mode: training | Détections: 45.7% | Échantillons: 7
2025-06-12 12:09:18,788 - INFO - 🤖 Position: captured_poing (confiance: 1.00)
2025-06-12 12:09:19,823 - INFO - 📊 Échantillon ajouté: poing - Total: 8
2025-06-12 12:09:20,853 - INFO - 📊 Échantillon ajouté: poing - Total: 9
2025-06-12 12:09:21,790 - INFO - 📊 FPS: 30.0 | Mode: training | Détections: 53.5% | Échantillons: 9
2025-06-12 12:09:21,790 - INFO - 🤖 Position: training_poing (confiance: 0.03)
2025-06-12 12:09:21,908 - INFO - 📊 Échantillon ajouté: poing - Total: 10
2025-06-12 12:09:22,921 - INFO - 📊 Échantillon ajouté: poing - Total: 11
2025-06-12 12:09:23,959 - INFO - 📊 Échantillon ajouté: poing - Total: 12
2025-06-12 12:09:24,795 - INFO - 📊 FPS: 30.0 | Mode: training | Détections: 59.3% | Échantillons: 12
2025-06-12 12:09:24,795 - INFO - 🤖 Position: training_poing (confiance: 0.08)
2025-06-12 12:09:24,989 - INFO - 📊 Échantillon ajouté: poing - Total: 13
2025-06-12 12:09:26,045 - INFO - 📊 Échantillon ajouté: poing - Total: 14
2025-06-12 12:09:27,065 - INFO - 📊 Échantillon ajouté: poing - Total: 15
2025-06-12 12:09:27,792 - INFO - 📊 FPS: 30.0 | Mode: training | Détections: 63.8% | Échantillons: 15
2025-06-12 12:09:27,792 - INFO - 🤖 Position: training_poing (confiance: 0.13)
2025-06-12 12:09:28,098 - INFO - 📊 Échantillon ajouté: poing - Total: 16
2025-06-12 12:09:29,130 - INFO - 📊 Échantillon ajouté: poing - Total: 17
2025-06-12 12:09:30,166 - INFO - 📊 Échantillon ajouté: poing - Total: 18
2025-06-12 12:09:30,797 - INFO - 📊 FPS: 29.9 | Mode: training | Détections: 67.4% | Échantillons: 18
2025-06-12 12:09:30,797 - INFO - 🤖 Position: training_poing (confiance: 0.18)
2025-06-12 12:09:31,197 - INFO - 📊 Échantillon ajouté: poing - Total: 19
2025-06-12 12:09:32,240 - INFO - 📊 Échantillon ajouté: poing - Total: 20
2025-06-12 12:09:33,263 - INFO - 📊 Échantillon ajouté: poing - Total: 21
2025-06-12 12:09:33,798 - INFO - 📊 FPS: 30.0 | Mode: training | Détections: 70.4% | Échantillons: 21
2025-06-12 12:09:33,799 - INFO - 🤖 Position: training_poing (confiance: 0.23)
2025-06-12 12:09:34,303 - INFO - 📊 Échantillon ajouté: poing - Total: 22
2025-06-12 12:09:35,332 - INFO - 📊 Échantillon ajouté: poing - Total: 23
2025-06-12 12:09:36,373 - INFO - 📊 Échantillon ajouté: poing - Total: 24
2025-06-12 12:09:36,803 - INFO - 📊 FPS: 29.9 | Mode: training | Détections: 72.9% | Échantillons: 24
2025-06-12 12:09:36,803 - INFO - 🤖 Position: training_poing (confiance: 0.28)
2025-06-12 12:09:37,409 - INFO - 📊 Échantillon ajouté: poing - Total: 25
2025-06-12 12:09:37,410 - INFO - 📝 Position suivante: paume
2025-06-12 12:09:39,438 - INFO - 📊 Échantillon ajouté: paume - Total: 26
2025-06-12 12:09:39,807 - INFO - 📊 FPS: 30.0 | Mode: training | Détections: 75.0% | Échantillons: 26
2025-06-12 12:09:39,808 - INFO - 🤖 Position: training_paume (confiance: 0.32)
2025-06-12 12:09:40,473 - INFO - 📊 Échantillon ajouté: paume - Total: 27
2025-06-12 12:09:41,513 - INFO - 📊 Échantillon ajouté: paume - Total: 28
2025-06-12 12:09:42,540 - INFO - 📊 Échantillon ajouté: paume - Total: 29
2025-06-12 12:09:42,811 - INFO - 📊 FPS: 30.0 | Mode: training | Détections: 76.7% | Échantillons: 29
2025-06-12 12:09:42,812 - INFO - 🤖 Position: training_paume (confiance: 0.37)
2025-06-12 12:09:43,579 - INFO - 📊 Échantillon ajouté: paume - Total: 30
2025-06-12 12:09:44,613 - INFO - 📊 Échantillon ajouté: paume - Total: 31
2025-06-12 12:09:45,645 - INFO - 📊 Échantillon ajouté: paume - Total: 32
2025-06-12 12:09:45,812 - INFO - 📊 FPS: 30.0 | Mode: training | Détections: 78.3% | Échantillons: 32
2025-06-12 12:09:45,812 - INFO - 🤖 Position: training_paume (confiance: 0.42)
2025-06-12 12:09:46,685 - INFO - 📊 Échantillon ajouté: paume - Total: 33
2025-06-12 12:09:47,711 - INFO - 📊 Échantillon ajouté: paume - Total: 34
2025-06-12 12:09:48,755 - INFO - 📊 Échantillon ajouté: paume - Total: 35
2025-06-12 12:09:48,817 - INFO - 📊 FPS: 29.9 | Mode: training | Détections: 79.7% | Échantillons: 35
2025-06-12 12:09:48,818 - INFO - 🤖 Position: training_paume (confiance: 0.47)
2025-06-12 12:09:49,786 - INFO - 📊 Échantillon ajouté: paume - Total: 36
2025-06-12 12:09:50,817 - INFO - 📊 Échantillon ajouté: paume - Total: 37
2025-06-12 12:09:51,820 - INFO - 📊 FPS: 30.0 | Mode: training | Détections: 80.8% | Échantillons: 37
2025-06-12 12:09:51,821 - INFO - 🤖 Position: training_paume (confiance: 0.00)
2025-06-12 12:09:51,852 - INFO - 📊 Échantillon ajouté: paume - Total: 38
2025-06-12 12:09:52,888 - INFO - 📊 Échantillon ajouté: paume - Total: 39
2025-06-12 12:09:53,923 - INFO - 📊 Échantillon ajouté: paume - Total: 40
2025-06-12 12:09:54,819 - INFO - 📊 FPS: 30.0 | Mode: training | Détections: 81.9% | Échantillons: 40
2025-06-12 12:09:54,820 - INFO - 🤖 Position: training_paume (confiance: 0.05)
2025-06-12 12:09:54,963 - INFO - 📊 Échantillon ajouté: paume - Total: 41
2025-06-12 12:09:55,989 - INFO - 📊 Échantillon ajouté: paume - Total: 42
2025-06-12 12:09:57,026 - INFO - 📊 Échantillon ajouté: paume - Total: 43
2025-06-12 12:09:57,822 - INFO - 📊 FPS: 30.0 | Mode: training | Détections: 82.9% | Échantillons: 43
2025-06-12 12:09:57,823 - INFO - 🤖 Position: training_paume (confiance: 0.10)
2025-06-12 12:09:58,059 - INFO - 📊 Échantillon ajouté: paume - Total: 44
2025-06-12 12:09:59,101 - INFO - 📊 Échantillon ajouté: paume - Total: 45
2025-06-12 12:10:00,128 - INFO - 📊 Échantillon ajouté: paume - Total: 46
2025-06-12 12:10:00,830 - INFO - 📊 FPS: 29.9 | Mode: training | Détections: 83.7% | Échantillons: 46
2025-06-12 12:10:00,830 - INFO - 🤖 Position: training_paume (confiance: 0.15)
2025-06-12 12:10:01,165 - INFO - 📊 Échantillon ajouté: paume - Total: 47
2025-06-12 12:10:02,210 - INFO - 📊 Échantillon ajouté: paume - Total: 48
2025-06-12 12:10:03,228 - INFO - 📊 Échantillon ajouté: paume - Total: 49
2025-06-12 12:10:03,833 - INFO - 📊 FPS: 30.0 | Mode: training | Détections: 84.5% | Échantillons: 49
2025-06-12 12:10:03,833 - INFO - 🤖 Position: training_paume (confiance: 0.20)
2025-06-12 12:10:04,270 - INFO - 📊 Échantillon ajouté: paume - Total: 50
2025-06-12 12:10:04,270 - INFO - 📝 Position suivante: index
2025-06-12 12:10:06,300 - INFO - 📊 Échantillon ajouté: index - Total: 51
2025-06-12 12:10:06,826 - INFO - 📊 FPS: 30.1 | Mode: training | Détections: 85.2% | Échantillons: 51
2025-06-12 12:10:06,826 - INFO - 🤖 Position: training_index (confiance: 0.23)
2025-06-12 12:10:07,336 - INFO - 📊 Échantillon ajouté: index - Total: 52
2025-06-12 12:10:08,371 - INFO - 📊 Échantillon ajouté: index - Total: 53
2025-06-12 12:10:09,406 - INFO - 📊 Échantillon ajouté: index - Total: 54
2025-06-12 12:10:09,856 - INFO - 📊 FPS: 29.7 | Mode: training | Détections: 85.8% | Échantillons: 54
2025-06-12 12:10:09,857 - INFO - 🤖 Position: training_index (confiance: 0.28)
2025-06-12 12:10:10,520 - INFO - 📊 Échantillon ajouté: index - Total: 55
2025-06-12 12:10:11,508 - INFO - 📊 Échantillon ajouté: index - Total: 56
2025-06-12 12:10:12,513 - INFO - 📊 Échantillon ajouté: index - Total: 57
2025-06-12 12:10:12,837 - INFO - 📊 FPS: 30.2 | Mode: training | Détections: 86.4% | Échantillons: 57
2025-06-12 12:10:12,837 - INFO - 🤖 Position: training_index (confiance: 0.33)
2025-06-12 12:10:13,544 - INFO - 📊 Échantillon ajouté: index - Total: 58
2025-06-12 12:10:14,573 - INFO - 📊 Échantillon ajouté: index - Total: 59
2025-06-12 12:10:15,610 - INFO - 📊 Échantillon ajouté: index - Total: 60
2025-06-12 12:10:15,843 - INFO - 📊 FPS: 29.9 | Mode: training | Détections: 87.0% | Échantillons: 60
2025-06-12 12:10:15,843 - INFO - 🤖 Position: training_index (confiance: 0.38)
2025-06-12 12:10:16,645 - INFO - 📊 Échantillon ajouté: index - Total: 61
2025-06-12 12:10:17,675 - INFO - 📊 Échantillon ajouté: index - Total: 62
2025-06-12 12:10:18,714 - INFO - 📊 Échantillon ajouté: index - Total: 63
2025-06-12 12:10:18,847 - INFO - 📊 FPS: 30.0 | Mode: training | Détections: 87.5% | Échantillons: 63
2025-06-12 12:10:18,847 - INFO - 🤖 Position: training_index (confiance: 0.43)
2025-06-12 12:10:19,746 - INFO - 📊 Échantillon ajouté: index - Total: 64
2025-06-12 12:10:20,786 - INFO - 📊 Échantillon ajouté: index - Total: 65
2025-06-12 12:10:21,813 - INFO - 📊 Échantillon ajouté: index - Total: 66
2025-06-12 12:10:21,849 - INFO - 📊 FPS: 30.0 | Mode: training | Détections: 87.9% | Échantillons: 66
2025-06-12 12:10:21,849 - INFO - 🤖 Position: training_index (confiance: 0.48)
2025-06-12 12:10:22,849 - INFO - 📊 Échantillon ajouté: index - Total: 67
2025-06-12 12:10:23,886 - INFO - 📊 Échantillon ajouté: index - Total: 68
2025-06-12 12:10:24,848 - INFO - 📊 FPS: 30.0 | Mode: training | Détections: 88.4% | Échantillons: 68
2025-06-12 12:10:24,848 - INFO - 🤖 Position: training_index (confiance: 0.02)
2025-06-12 12:10:24,916 - INFO - 📊 Échantillon ajouté: index - Total: 69
2025-06-12 12:10:25,956 - INFO - 📊 Échantillon ajouté: index - Total: 70
2025-06-12 12:10:26,985 - INFO - 📊 Échantillon ajouté: index - Total: 71
2025-06-12 12:10:27,859 - INFO - 📊 FPS: 29.9 | Mode: training | Détections: 88.8% | Échantillons: 71
2025-06-12 12:10:27,860 - INFO - 🤖 Position: training_index (confiance: 0.07)
2025-06-12 12:10:28,022 - INFO - 📊 Échantillon ajouté: index - Total: 72
2025-06-12 12:10:29,053 - INFO - 📊 Échantillon ajouté: index - Total: 73
2025-06-12 12:10:30,088 - INFO - 📊 Échantillon ajouté: index - Total: 74
2025-06-12 12:10:30,858 - INFO - 📊 FPS: 30.0 | Mode: training | Détections: 89.1% | Échantillons: 74
2025-06-12 12:10:30,858 - INFO - 🤖 Position: training_index (confiance: 0.12)
2025-06-12 12:10:31,132 - INFO - 📊 Échantillon ajouté: index - Total: 75
2025-06-12 12:10:31,132 - INFO - 📝 Position suivante: victoire
2025-06-12 12:10:33,165 - INFO - 📊 Échantillon ajouté: victoire - Total: 76
2025-06-12 12:10:33,858 - INFO - 📊 FPS: 30.0 | Mode: training | Détections: 89.5% | Échantillons: 76
2025-06-12 12:10:33,858 - INFO - 🤖 Position: training_victoire (confiance: 0.15)
2025-06-12 12:10:34,195 - INFO - 📊 Échantillon ajouté: victoire - Total: 77
2025-06-12 12:10:35,230 - INFO - 📊 Échantillon ajouté: victoire - Total: 78
2025-06-12 12:10:36,261 - INFO - 📊 Échantillon ajouté: victoire - Total: 79
2025-06-12 12:10:36,862 - INFO - 📊 FPS: 30.0 | Mode: training | Détections: 89.8% | Échantillons: 79
2025-06-12 12:10:36,863 - INFO - 🤖 Position: training_victoire (confiance: 0.20)
2025-06-12 12:10:37,299 - INFO - 📊 Échantillon ajouté: victoire - Total: 80
2025-06-12 12:10:38,326 - INFO - 📊 Échantillon ajouté: victoire - Total: 81
2025-06-12 12:10:39,365 - INFO - 📊 Échantillon ajouté: victoire - Total: 82
2025-06-12 12:10:39,870 - INFO - 📊 FPS: 29.9 | Mode: training | Détections: 90.1% | Échantillons: 82
2025-06-12 12:10:39,870 - INFO - 🤖 Position: training_victoire (confiance: 0.25)
2025-06-12 12:10:40,407 - INFO - 📊 Échantillon ajouté: victoire - Total: 83
2025-06-12 12:10:41,436 - INFO - 📊 Échantillon ajouté: victoire - Total: 84
2025-06-12 12:10:42,470 - INFO - 📊 Échantillon ajouté: victoire - Total: 85
2025-06-12 12:10:42,876 - INFO - 📊 FPS: 29.9 | Mode: training | Détections: 90.4% | Échantillons: 85
2025-06-12 12:10:42,876 - INFO - 🤖 Position: training_victoire (confiance: 0.30)
2025-06-12 12:10:43,499 - INFO - 📊 Échantillon ajouté: victoire - Total: 86
2025-06-12 12:10:44,536 - INFO - 📊 Échantillon ajouté: victoire - Total: 87
2025-06-12 12:10:45,576 - INFO - 📊 Échantillon ajouté: victoire - Total: 88
2025-06-12 12:10:45,867 - INFO - 📊 FPS: 30.1 | Mode: training | Détections: 90.7% | Échantillons: 88
2025-06-12 12:10:45,868 - INFO - 🤖 Position: training_victoire (confiance: 0.35)
2025-06-12 12:10:46,607 - INFO - 📊 Échantillon ajouté: victoire - Total: 89
2025-06-12 12:10:47,643 - INFO - 📊 Échantillon ajouté: victoire - Total: 90
2025-06-12 12:10:48,672 - INFO - 📊 Échantillon ajouté: victoire - Total: 91
2025-06-12 12:10:48,999 - INFO - 📊 FPS: 28.7 | Mode: training | Détections: 91.0% | Échantillons: 91
2025-06-12 12:10:48,999 - INFO - 🤖 Position: training_victoire (confiance: 0.40)
2025-06-12 12:10:49,708 - INFO - 📊 Échantillon ajouté: victoire - Total: 92
2025-06-12 12:10:50,746 - INFO - 📊 Échantillon ajouté: victoire - Total: 93
2025-06-12 12:10:51,778 - INFO - 📊 Échantillon ajouté: victoire - Total: 94
2025-06-12 12:10:51,877 - INFO - 📊 FPS: 31.3 | Mode: training | Détections: 91.2% | Échantillons: 94
2025-06-12 12:10:51,877 - INFO - 🤖 Position: training_victoire (confiance: 0.45)
2025-06-12 12:10:52,814 - INFO - 📊 Échantillon ajouté: victoire - Total: 95
2025-06-12 12:10:53,843 - INFO - 📊 Échantillon ajouté: victoire - Total: 96
2025-06-12 12:10:54,883 - INFO - 📊 Échantillon ajouté: victoire - Total: 97
2025-06-12 12:10:54,884 - INFO - 📊 FPS: 29.9 | Mode: training | Détections: 91.4% | Échantillons: 97
2025-06-12 12:10:54,885 - INFO - 🤖 Position: captured_victoire (confiance: 1.00)
2025-06-12 12:10:55,920 - INFO - 📊 Échantillon ajouté: victoire - Total: 98
2025-06-12 12:10:56,948 - INFO - 📊 Échantillon ajouté: victoire - Total: 99
2025-06-12 12:10:57,894 - INFO - 📊 FPS: 29.9 | Mode: training | Détections: 91.7% | Échantillons: 99
2025-06-12 12:10:57,894 - INFO - 🤖 Position: training_victoire (confiance: 0.03)
2025-06-12 12:10:58,002 - INFO - 📊 Échantillon ajouté: victoire - Total: 100
2025-06-12 12:10:58,003 - INFO - 📝 Position suivante: ok
2025-06-12 12:11:00,025 - INFO - 📊 Échantillon ajouté: ok - Total: 101
2025-06-12 12:11:00,894 - INFO - 📊 FPS: 30.0 | Mode: training | Détections: 91.9% | Échantillons: 101
2025-06-12 12:11:00,894 - INFO - 🤖 Position: training_ok (confiance: 0.07)
2025-06-12 12:11:01,051 - INFO - 📊 Échantillon ajouté: ok - Total: 102
2025-06-12 12:11:02,091 - INFO - 📊 Échantillon ajouté: ok - Total: 103
2025-06-12 12:11:03,123 - INFO - 📊 Échantillon ajouté: ok - Total: 104
2025-06-12 12:11:03,886 - INFO - 📊 FPS: 30.1 | Mode: training | Détections: 92.1% | Échantillons: 104
2025-06-12 12:11:03,886 - INFO - 🤖 Position: training_ok (confiance: 0.12)
2025-06-12 12:11:04,156 - INFO - 📊 Échantillon ajouté: ok - Total: 105
2025-06-12 12:11:05,197 - INFO - 📊 Échantillon ajouté: ok - Total: 106
2025-06-12 12:11:06,225 - INFO - 📊 Échantillon ajouté: ok - Total: 107
2025-06-12 12:11:06,899 - INFO - 📊 FPS: 29.9 | Mode: training | Détections: 92.2% | Échantillons: 107
2025-06-12 12:11:06,900 - INFO - 🤖 Position: training_ok (confiance: 0.17)
2025-06-12 12:11:07,263 - INFO - 📊 Échantillon ajouté: ok - Total: 108
2025-06-12 12:11:08,299 - INFO - 📊 Échantillon ajouté: ok - Total: 109
2025-06-12 12:11:09,329 - INFO - 📊 Échantillon ajouté: ok - Total: 110
2025-06-12 12:11:09,894 - INFO - 📊 FPS: 30.1 | Mode: training | Détections: 92.4% | Échantillons: 110
2025-06-12 12:11:09,894 - INFO - 🤖 Position: training_ok (confiance: 0.22)
2025-06-12 12:11:10,362 - INFO - 📊 Échantillon ajouté: ok - Total: 111
2025-06-12 12:11:11,397 - INFO - 📊 Échantillon ajouté: ok - Total: 112
2025-06-12 12:11:12,435 - INFO - 📊 Échantillon ajouté: ok - Total: 113
2025-06-12 12:11:12,898 - INFO - 📊 FPS: 30.0 | Mode: training | Détections: 92.6% | Échantillons: 113
2025-06-12 12:11:12,898 - INFO - 🤖 Position: training_ok (confiance: 0.27)
2025-06-12 12:11:13,467 - INFO - 📊 Échantillon ajouté: ok - Total: 114
2025-06-12 12:11:14,502 - INFO - 📊 Échantillon ajouté: ok - Total: 115
2025-06-12 12:11:15,536 - INFO - 📊 Échantillon ajouté: ok - Total: 116
2025-06-12 12:11:15,907 - INFO - 📊 FPS: 29.9 | Mode: training | Détections: 92.8% | Échantillons: 116
2025-06-12 12:11:15,908 - INFO - 🤖 Position: training_ok (confiance: 0.32)
2025-06-12 12:11:16,568 - INFO - 📊 Échantillon ajouté: ok - Total: 117
2025-06-12 12:11:17,611 - INFO - 📊 Échantillon ajouté: ok - Total: 118
2025-06-12 12:11:18,641 - INFO - 📊 Échantillon ajouté: ok - Total: 119
2025-06-12 12:11:18,908 - INFO - 📊 FPS: 30.0 | Mode: training | Détections: 92.9% | Échantillons: 119
2025-06-12 12:11:18,909 - INFO - 🤖 Position: training_ok (confiance: 0.37)
2025-06-12 12:11:19,678 - INFO - 📊 Échantillon ajouté: ok - Total: 120
2025-06-12 12:11:20,706 - INFO - 📊 Échantillon ajouté: ok - Total: 121
2025-06-12 12:11:21,741 - INFO - 📊 Échantillon ajouté: ok - Total: 122
2025-06-12 12:11:21,925 - INFO - 📊 FPS: 29.8 | Mode: training | Détections: 93.1% | Échantillons: 122
2025-06-12 12:11:21,925 - INFO - 🤖 Position: training_ok (confiance: 0.42)
2025-06-12 12:11:22,779 - INFO - 📊 Échantillon ajouté: ok - Total: 123
2025-06-12 12:11:23,808 - INFO - 📊 Échantillon ajouté: ok - Total: 124
2025-06-12 12:11:24,845 - INFO - 📊 Échantillon ajouté: ok - Total: 125
2025-06-12 12:11:24,846 - INFO - 📝 Position suivante: pouce
2025-06-12 12:11:24,910 - INFO - 📊 FPS: 30.2 | Mode: training | Détections: 93.2% | Échantillons: 125
2025-06-12 12:11:24,910 - INFO - 🤖 Position: training_pouce (confiance: 0.97)
2025-06-12 12:11:26,886 - INFO - 📊 Échantillon ajouté: pouce - Total: 126
2025-06-12 12:11:27,916 - INFO - 📊 Échantillon ajouté: pouce - Total: 127
2025-06-12 12:11:27,918 - INFO - 📊 FPS: 29.9 | Mode: training | Détections: 93.4% | Échantillons: 127
2025-06-12 12:11:27,918 - INFO - 🤖 Position: captured_pouce (confiance: 1.00)
2025-06-12 12:11:28,950 - INFO - 📊 Échantillon ajouté: pouce - Total: 128
2025-06-12 12:11:29,981 - INFO - 📊 Échantillon ajouté: pouce - Total: 129
2025-06-12 12:11:30,917 - INFO - 📊 FPS: 30.0 | Mode: training | Détections: 93.5% | Échantillons: 129
2025-06-12 12:11:30,917 - INFO - 🤖 Position: training_pouce (confiance: 0.03)
2025-06-12 12:11:31,019 - INFO - 📊 Échantillon ajouté: pouce - Total: 130
2025-06-12 12:11:32,057 - INFO - 📊 Échantillon ajouté: pouce - Total: 131
2025-06-12 12:11:33,085 - INFO - 📊 Échantillon ajouté: pouce - Total: 132
2025-06-12 12:11:33,920 - INFO - 📊 FPS: 30.0 | Mode: training | Détections: 93.6% | Échantillons: 132
2025-06-12 12:11:33,920 - INFO - 🤖 Position: training_pouce (confiance: 0.08)
2025-06-12 12:11:34,127 - INFO - 📊 Échantillon ajouté: pouce - Total: 133
2025-06-12 12:11:35,194 - INFO - 📊 Échantillon ajouté: pouce - Total: 134
2025-06-12 12:11:36,299 - INFO - 📊 Échantillon ajouté: pouce - Total: 135
2025-06-12 12:11:36,924 - INFO - 📊 FPS: 30.0 | Mode: training | Détections: 93.7% | Échantillons: 135
2025-06-12 12:11:36,925 - INFO - 🤖 Position: training_pouce (confiance: 0.13)
2025-06-12 12:11:37,237 - INFO - 📊 Échantillon ajouté: pouce - Total: 136
2025-06-12 12:11:38,260 - INFO - 📊 Échantillon ajouté: pouce - Total: 137
2025-06-12 12:11:39,294 - INFO - 📊 Échantillon ajouté: pouce - Total: 138
2025-06-12 12:11:39,932 - INFO - 📊 FPS: 29.9 | Mode: training | Détections: 93.9% | Échantillons: 138
2025-06-12 12:11:39,932 - INFO - 🤖 Position: training_pouce (confiance: 0.18)
2025-06-12 12:11:40,328 - INFO - 📊 Échantillon ajouté: pouce - Total: 139
2025-06-12 12:11:41,360 - INFO - 📊 Échantillon ajouté: pouce - Total: 140
2025-06-12 12:11:42,392 - INFO - 📊 Échantillon ajouté: pouce - Total: 141
2025-06-12 12:11:42,927 - INFO - 📊 FPS: 30.0 | Mode: training | Détections: 94.0% | Échantillons: 141
2025-06-12 12:11:42,927 - INFO - 🤖 Position: training_pouce (confiance: 0.23)
2025-06-12 12:11:43,432 - INFO - 📊 Échantillon ajouté: pouce - Total: 142
2025-06-12 12:11:44,467 - INFO - 📊 Échantillon ajouté: pouce - Total: 143
2025-06-12 12:11:45,498 - INFO - 📊 Échantillon ajouté: pouce - Total: 144
2025-06-12 12:11:45,931 - INFO - 📊 FPS: 30.0 | Mode: training | Détections: 94.1% | Échantillons: 144
2025-06-12 12:11:45,931 - INFO - 🤖 Position: training_pouce (confiance: 0.28)
2025-06-12 12:11:46,533 - INFO - 📊 Échantillon ajouté: pouce - Total: 145
2025-06-12 12:11:47,568 - INFO - 📊 Échantillon ajouté: pouce - Total: 146
2025-06-12 12:11:48,600 - INFO - 📊 Échantillon ajouté: pouce - Total: 147
2025-06-12 12:11:48,934 - INFO - 📊 FPS: 30.0 | Mode: training | Détections: 94.2% | Échantillons: 147
2025-06-12 12:11:48,934 - INFO - 🤖 Position: training_pouce (confiance: 0.33)
2025-06-12 12:11:49,641 - INFO - 📊 Échantillon ajouté: pouce - Total: 148
2025-06-12 12:11:50,670 - INFO - 📊 Échantillon ajouté: pouce - Total: 149
2025-06-12 12:11:51,713 - INFO - 📊 Échantillon ajouté: pouce - Total: 150
2025-06-12 12:11:51,713 - INFO - 📝 Position suivante: stop
2025-06-12 12:11:51,940 - INFO - 📊 FPS: 29.9 | Mode: training | Détections: 94.3% | Échantillons: 150
2025-06-12 12:11:51,941 - INFO - 🤖 Position: training_stop (confiance: 0.88)
2025-06-12 12:11:53,745 - INFO - 📊 Échantillon ajouté: stop - Total: 151
2025-06-12 12:11:54,775 - INFO - 📊 Échantillon ajouté: stop - Total: 152
2025-06-12 12:11:54,944 - INFO - 📊 FPS: 30.0 | Mode: training | Détections: 94.4% | Échantillons: 152
2025-06-12 12:11:54,945 - INFO - 🤖 Position: training_stop (confiance: 0.42)
2025-06-12 12:11:55,809 - INFO - 📊 Échantillon ajouté: stop - Total: 153
2025-06-12 12:11:56,840 - INFO - 📊 Échantillon ajouté: stop - Total: 154
2025-06-12 12:11:57,877 - INFO - 📊 Échantillon ajouté: stop - Total: 155
2025-06-12 12:11:57,947 - INFO - 📊 FPS: 30.0 | Mode: training | Détections: 94.5% | Échantillons: 155
2025-06-12 12:11:57,947 - INFO - 🤖 Position: training_stop (confiance: 0.47)
2025-06-12 12:11:58,919 - INFO - 📊 Échantillon ajouté: stop - Total: 156
2025-06-12 12:11:59,953 - INFO - 📊 Échantillon ajouté: stop - Total: 157
2025-06-12 12:12:00,945 - INFO - 📊 FPS: 30.0 | Mode: training | Détections: 94.6% | Échantillons: 157
2025-06-12 12:12:00,945 - INFO - 🤖 Position: training_stop (confiance: 0.00)
2025-06-12 12:12:00,982 - INFO - 📊 Échantillon ajouté: stop - Total: 158
2025-06-12 12:12:02,034 - INFO - 📊 Échantillon ajouté: stop - Total: 159
2025-06-12 12:12:03,049 - INFO - 📊 Échantillon ajouté: stop - Total: 160
2025-06-12 12:12:03,948 - INFO - 📊 FPS: 30.0 | Mode: training | Détections: 94.7% | Échantillons: 160
2025-06-12 12:12:03,948 - INFO - 🤖 Position: training_stop (confiance: 0.05)
2025-06-12 12:12:04,091 - INFO - 📊 Échantillon ajouté: stop - Total: 161
2025-06-12 12:12:05,116 - INFO - 📊 Échantillon ajouté: stop - Total: 162
2025-06-12 12:12:06,164 - INFO - 📊 Échantillon ajouté: stop - Total: 163
2025-06-12 12:12:06,952 - INFO - 📊 FPS: 30.0 | Mode: training | Détections: 94.7% | Échantillons: 163
2025-06-12 12:12:06,952 - INFO - 🤖 Position: training_stop (confiance: 0.10)
2025-06-12 12:12:07,187 - INFO - 📊 Échantillon ajouté: stop - Total: 164
2025-06-12 12:12:08,224 - INFO - 📊 Échantillon ajouté: stop - Total: 165
2025-06-12 12:12:09,260 - INFO - 📊 Échantillon ajouté: stop - Total: 166
2025-06-12 12:12:09,954 - INFO - 📊 FPS: 30.0 | Mode: training | Détections: 94.8% | Échantillons: 166
2025-06-12 12:12:09,954 - INFO - 🤖 Position: training_stop (confiance: 0.15)
2025-06-12 12:12:10,293 - INFO - 📊 Échantillon ajouté: stop - Total: 167
2025-06-12 12:12:11,329 - INFO - 📊 Échantillon ajouté: stop - Total: 168
2025-06-12 12:12:12,366 - INFO - 📊 Échantillon ajouté: stop - Total: 169
2025-06-12 12:12:12,959 - INFO - 📊 FPS: 30.0 | Mode: training | Détections: 94.9% | Échantillons: 169
2025-06-12 12:12:12,960 - INFO - 🤖 Position: training_stop (confiance: 0.20)
2025-06-12 12:12:13,395 - INFO - 📊 Échantillon ajouté: stop - Total: 170
2025-06-12 12:12:14,441 - INFO - 📊 Échantillon ajouté: stop - Total: 171
2025-06-12 12:12:15,461 - INFO - 📊 Échantillon ajouté: stop - Total: 172
2025-06-12 12:12:15,966 - INFO - 📊 FPS: 29.9 | Mode: training | Détections: 95.0% | Échantillons: 172
2025-06-12 12:12:15,966 - INFO - 🤖 Position: training_stop (confiance: 0.25)
2025-06-12 12:12:16,504 - INFO - 📊 Échantillon ajouté: stop - Total: 173
2025-06-12 12:12:17,531 - INFO - 📊 Échantillon ajouté: stop - Total: 174
2025-06-12 12:12:18,570 - INFO - 📊 Échantillon ajouté: stop - Total: 175
2025-06-12 12:12:18,570 - INFO - 📝 Position suivante: salut
2025-06-12 12:12:18,983 - INFO - 📊 FPS: 29.8 | Mode: training | Détections: 95.1% | Échantillons: 175
2025-06-12 12:12:18,983 - INFO - 🤖 Position: training_salut (confiance: 0.80)
2025-06-12 12:12:20,604 - INFO - 📊 Échantillon ajouté: salut - Total: 176
2025-06-12 12:12:21,633 - INFO - 📊 Échantillon ajouté: salut - Total: 177
2025-06-12 12:12:21,975 - INFO - 📊 FPS: 30.1 | Mode: training | Détections: 95.1% | Échantillons: 177
2025-06-12 12:12:21,976 - INFO - 🤖 Position: training_salut (confiance: 0.33)
2025-06-12 12:12:22,670 - INFO - 📊 Échantillon ajouté: salut - Total: 178
2025-06-12 12:12:23,703 - INFO - 📊 Échantillon ajouté: salut - Total: 179
2025-06-12 12:12:24,748 - INFO - 📊 Échantillon ajouté: salut - Total: 180
2025-06-12 12:12:24,971 - INFO - 📊 FPS: 30.0 | Mode: training | Détections: 95.2% | Échantillons: 180
2025-06-12 12:12:24,972 - INFO - 🤖 Position: training_salut (confiance: 0.38)
2025-06-12 12:12:25,778 - INFO - 📊 Échantillon ajouté: salut - Total: 181
2025-06-12 12:12:26,806 - INFO - 📊 Échantillon ajouté: salut - Total: 182
2025-06-12 12:12:27,841 - INFO - 📊 Échantillon ajouté: salut - Total: 183
2025-06-12 12:12:27,974 - INFO - 📊 FPS: 30.0 | Mode: training | Détections: 95.3% | Échantillons: 183
2025-06-12 12:12:27,974 - INFO - 🤖 Position: training_salut (confiance: 0.43)
2025-06-12 12:12:28,873 - INFO - 📊 Échantillon ajouté: salut - Total: 184
2025-06-12 12:12:29,911 - INFO - 📊 Échantillon ajouté: salut - Total: 185
2025-06-12 12:12:30,947 - INFO - 📊 Échantillon ajouté: salut - Total: 186
2025-06-12 12:12:31,001 - INFO - 📊 FPS: 29.7 | Mode: training | Détections: 95.3% | Échantillons: 186
2025-06-12 12:12:31,001 - INFO - 🤖 Position: training_salut (confiance: 0.48)
2025-06-12 12:12:31,982 - INFO - 📊 Échantillon ajouté: salut - Total: 187
2025-06-12 12:12:33,036 - INFO - 📊 Échantillon ajouté: salut - Total: 188
2025-06-12 12:12:33,980 - INFO - 📊 FPS: 30.2 | Mode: training | Détections: 95.4% | Échantillons: 188
2025-06-12 12:12:33,980 - INFO - 🤖 Position: training_salut (confiance: 0.02)
2025-06-12 12:12:34,040 - INFO - 📊 Échantillon ajouté: salut - Total: 189
2025-06-12 12:12:35,083 - INFO - 📊 Échantillon ajouté: salut - Total: 190
2025-06-12 12:12:36,120 - INFO - 📊 Échantillon ajouté: salut - Total: 191
2025-06-12 12:12:36,989 - INFO - 📊 FPS: 29.9 | Mode: training | Détections: 95.5% | Échantillons: 191
2025-06-12 12:12:36,989 - INFO - 🤖 Position: training_salut (confiance: 0.07)
2025-06-12 12:12:37,163 - INFO - 📊 Échantillon ajouté: salut - Total: 192
2025-06-12 12:12:38,189 - INFO - 📊 Échantillon ajouté: salut - Total: 193
2025-06-12 12:12:39,215 - INFO - 📊 Échantillon ajouté: salut - Total: 194
2025-06-12 12:12:39,984 - INFO - 📊 FPS: 30.0 | Mode: training | Détections: 95.5% | Échantillons: 194
2025-06-12 12:12:39,984 - INFO - 🤖 Position: training_salut (confiance: 0.12)
2025-06-12 12:12:40,251 - INFO - 📊 Échantillon ajouté: salut - Total: 195
2025-06-12 12:12:41,288 - INFO - 📊 Échantillon ajouté: salut - Total: 196
2025-06-12 12:12:42,315 - INFO - 📊 Échantillon ajouté: salut - Total: 197
2025-06-12 12:12:42,981 - INFO - 📊 FPS: 30.0 | Mode: training | Détections: 95.6% | Échantillons: 197
2025-06-12 12:12:42,981 - INFO - 🤖 Position: training_salut (confiance: 0.17)
2025-06-12 12:12:43,358 - INFO - 📊 Échantillon ajouté: salut - Total: 198
2025-06-12 12:12:44,381 - INFO - 📊 Échantillon ajouté: salut - Total: 199
2025-06-12 12:12:45,420 - INFO - 📊 Échantillon ajouté: salut - Total: 200
2025-06-12 12:12:45,449 - INFO - 🚀 Démarrage entraînement du modèle IA...
2025-06-12 12:12:45,496 - WARNING - ⚠️ Entraînement déjà en cours - ignoré
2025-06-12 12:12:45,524 - WARNING - ⚠️ Entraînement déjà en cours - ignoré
2025-06-12 12:12:45,536 - INFO - ✅ Modèle créé: 30408 paramètres
2025-06-12 12:12:45,537 - INFO - 📊 Distribution: {0: 25, 1: 25, 2: 25, 3: 25, 4: 25, 5: 25, 6: 25, 7: 25}
2025-06-12 12:12:45,537 - INFO - 🚀 Entraînement: 200 échantillons, 25 époques
2025-06-12 12:12:45,563 - WARNING - ⚠️ Entraînement déjà en cours - ignoré
2025-06-12 12:12:45,588 - WARNING - ⚠️ Entraînement déjà en cours - ignoré
2025-06-12 12:12:45,655 - WARNING - ⚠️ Entraînement déjà en cours - ignoré
2025-06-12 12:12:45,697 - WARNING - ⚠️ Entraînement déjà en cours - ignoré
2025-06-12 12:12:45,730 - WARNING - ⚠️ Entraînement déjà en cours - ignoré
2025-06-12 12:12:45,757 - WARNING - ⚠️ Entraînement déjà en cours - ignoré
2025-06-12 12:12:45,787 - WARNING - ⚠️ Entraînement déjà en cours - ignoré
2025-06-12 12:12:45,817 - WARNING - ⚠️ Entraînement déjà en cours - ignoré
2025-06-12 12:12:45,846 - WARNING - ⚠️ Entraînement déjà en cours - ignoré
2025-06-12 12:12:45,869 - WARNING - ⚠️ Entraînement déjà en cours - ignoré
2025-06-12 12:12:45,910 - WARNING - ⚠️ Entraînement déjà en cours - ignoré
2025-06-12 12:12:45,940 - WARNING - ⚠️ Entraînement déjà en cours - ignoré
2025-06-12 12:12:45,966 - WARNING - ⚠️ Entraînement déjà en cours - ignoré
2025-06-12 12:12:45,997 - WARNING - ⚠️ Entraînement déjà en cours - ignoré
2025-06-12 12:12:46,001 - INFO - 📊 FPS: 29.8 | Mode: training | Détections: 95.7% | Échantillons: 200
2025-06-12 12:12:46,002 - INFO - 🤖 Position: training_complete (confiance: 1.00)
2025-06-12 12:12:46,048 - WARNING - ⚠️ Entraînement déjà en cours - ignoré
2025-06-12 12:12:46,074 - WARNING - ⚠️ Entraînement déjà en cours - ignoré
2025-06-12 12:12:46,108 - WARNING - ⚠️ Entraînement déjà en cours - ignoré
2025-06-12 12:12:46,148 - WARNING - ⚠️ Entraînement déjà en cours - ignoré
2025-06-12 12:12:46,179 - WARNING - ⚠️ Entraînement déjà en cours - ignoré
2025-06-12 12:12:46,216 - WARNING - ⚠️ Entraînement déjà en cours - ignoré
2025-06-12 12:12:46,246 - WARNING - ⚠️ Entraînement déjà en cours - ignoré
2025-06-12 12:12:46,283 - WARNING - ⚠️ Entraînement déjà en cours - ignoré
2025-06-12 12:12:46,324 - WARNING - ⚠️ Entraînement déjà en cours - ignoré
2025-06-12 12:12:46,358 - WARNING - ⚠️ Entraînement déjà en cours - ignoré
2025-06-12 12:12:46,403 - WARNING - ⚠️ Entraînement déjà en cours - ignoré
2025-06-12 12:12:46,426 - WARNING - ⚠️ Entraînement déjà en cours - ignoré
2025-06-12 12:12:46,519 - WARNING - ⚠️ Entraînement déjà en cours - ignoré
2025-06-12 12:12:46,538 - WARNING - ⚠️ Entraînement déjà en cours - ignoré
2025-06-12 12:12:46,566 - WARNING - ⚠️ Entraînement déjà en cours - ignoré
2025-06-12 12:12:46,592 - WARNING - ⚠️ Entraînement déjà en cours - ignoré
2025-06-12 12:12:46,631 - WARNING - ⚠️ Entraînement déjà en cours - ignoré
2025-06-12 12:12:46,663 - WARNING - ⚠️ Entraînement déjà en cours - ignoré
2025-06-12 12:12:46,705 - WARNING - ⚠️ Entraînement déjà en cours - ignoré
2025-06-12 12:12:46,736 - WARNING - ⚠️ Entraînement déjà en cours - ignoré
2025-06-12 12:12:46,765 - WARNING - ⚠️ Entraînement déjà en cours - ignoré
2025-06-12 12:12:46,799 - WARNING - ⚠️ Entraînement déjà en cours - ignoré
2025-06-12 12:12:46,828 - WARNING - ⚠️ Entraînement déjà en cours - ignoré
2025-06-12 12:12:46,864 - WARNING - ⚠️ Entraînement déjà en cours - ignoré
2025-06-12 12:12:46,892 - WARNING - ⚠️ Entraînement déjà en cours - ignoré
2025-06-12 12:12:46,925 - WARNING - ⚠️ Entraînement déjà en cours - ignoré
2025-06-12 12:12:46,956 - WARNING - ⚠️ Entraînement déjà en cours - ignoré
2025-06-12 12:12:46,987 - WARNING - ⚠️ Entraînement déjà en cours - ignoré
2025-06-12 12:12:47,019 - WARNING - ⚠️ Entraînement déjà en cours - ignoré
2025-06-12 12:12:47,046 - WARNING - ⚠️ Entraînement déjà en cours - ignoré
2025-06-12 12:12:47,080 - WARNING - ⚠️ Entraînement déjà en cours - ignoré
2025-06-12 12:12:47,152 - WARNING - ⚠️ Entraînement déjà en cours - ignoré
2025-06-12 12:12:47,178 - WARNING - ⚠️ Entraînement déjà en cours - ignoré
2025-06-12 12:12:47,186 - WARNING - ⚠️ Entraînement déjà en cours - ignoré
2025-06-12 12:12:47,203 - WARNING - ⚠️ Entraînement déjà en cours - ignoré
2025-06-12 12:12:47,217 - WARNING - ⚠️ Entraînement déjà en cours - ignoré
2025-06-12 12:12:47,233 - WARNING - ⚠️ Entraînement déjà en cours - ignoré
2025-06-12 12:12:47,262 - WARNING - ⚠️ Entraînement déjà en cours - ignoré
2025-06-12 12:12:47,285 - WARNING - ⚠️ Entraînement déjà en cours - ignoré
2025-06-12 12:12:47,324 - WARNING - ⚠️ Entraînement déjà en cours - ignoré
2025-06-12 12:12:47,356 - WARNING - ⚠️ Entraînement déjà en cours - ignoré
2025-06-12 12:12:47,383 - WARNING - ⚠️ Entraînement déjà en cours - ignoré
2025-06-12 12:12:47,423 - WARNING - ⚠️ Entraînement déjà en cours - ignoré
2025-06-12 12:12:47,458 - WARNING - ⚠️ Entraînement déjà en cours - ignoré
2025-06-12 12:12:47,485 - WARNING - ⚠️ Entraînement déjà en cours - ignoré
2025-06-12 12:12:47,515 - WARNING - ⚠️ Entraînement déjà en cours - ignoré
2025-06-12 12:12:47,603 - WARNING - ⚠️ Entraînement déjà en cours - ignoré
2025-06-12 12:12:47,630 - WARNING - ⚠️ Entraînement déjà en cours - ignoré
2025-06-12 12:12:47,663 - WARNING - ⚠️ Entraînement déjà en cours - ignoré
2025-06-12 12:12:47,681 - WARNING - ⚠️ Entraînement déjà en cours - ignoré
2025-06-12 12:12:47,695 - WARNING - ⚠️ Entraînement déjà en cours - ignoré
2025-06-12 12:12:47,720 - WARNING - ⚠️ Entraînement déjà en cours - ignoré
2025-06-12 12:12:47,759 - WARNING - ⚠️ Entraînement déjà en cours - ignoré
2025-06-12 12:12:47,791 - WARNING - ⚠️ Entraînement déjà en cours - ignoré
2025-06-12 12:12:47,821 - WARNING - ⚠️ Entraînement déjà en cours - ignoré
2025-06-12 12:12:47,859 - WARNING - ⚠️ Entraînement déjà en cours - ignoré
2025-06-12 12:12:47,895 - WARNING - ⚠️ Entraînement déjà en cours - ignoré
2025-06-12 12:12:47,926 - WARNING - ⚠️ Entraînement déjà en cours - ignoré
2025-06-12 12:12:47,957 - WARNING - ⚠️ Entraînement déjà en cours - ignoré
2025-06-12 12:12:47,990 - WARNING - ⚠️ Entraînement déjà en cours - ignoré
2025-06-12 12:12:48,035 - WARNING - ⚠️ Entraînement déjà en cours - ignoré
2025-06-12 12:12:48,068 - WARNING - ⚠️ Entraînement déjà en cours - ignoré
2025-06-12 12:12:48,091 - WARNING - ⚠️ Entraînement déjà en cours - ignoré
2025-06-12 12:12:48,132 - WARNING - ⚠️ Entraînement déjà en cours - ignoré
2025-06-12 12:12:48,164 - WARNING - ⚠️ Entraînement déjà en cours - ignoré
2025-06-12 12:12:48,194 - WARNING - ⚠️ Entraînement déjà en cours - ignoré
2025-06-12 12:12:48,222 - WARNING - ⚠️ Entraînement déjà en cours - ignoré
2025-06-12 12:12:48,251 - WARNING - ⚠️ Entraînement déjà en cours - ignoré
2025-06-12 12:12:48,293 - WARNING - ⚠️ Entraînement déjà en cours - ignoré
2025-06-12 12:12:48,326 - WARNING - ⚠️ Entraînement déjà en cours - ignoré
2025-06-12 12:12:48,355 - WARNING - ⚠️ Entraînement déjà en cours - ignoré
2025-06-12 12:12:48,382 - WARNING - ⚠️ Entraînement déjà en cours - ignoré
2025-06-12 12:12:48,425 - WARNING - ⚠️ Entraînement déjà en cours - ignoré
2025-06-12 12:12:48,455 - WARNING - ⚠️ Entraînement déjà en cours - ignoré
2025-06-12 12:12:48,485 - WARNING - ⚠️ Entraînement déjà en cours - ignoré
2025-06-12 12:12:48,528 - WARNING - ⚠️ Entraînement déjà en cours - ignoré
2025-06-12 12:12:48,554 - INFO - ✅ Entraînement terminé:
2025-06-12 12:12:48,554 - INFO -    Précision: 0.7125
2025-06-12 12:12:48,554 - WARNING - ⚠️ Entraînement déjà en cours - ignoré
2025-06-12 12:12:48,555 - INFO -    Validation: 0.0000
2025-06-12 12:12:48,555 - ERROR - ❌ Erreur sauvegarde: Invalid filepath extension for saving. Please add either a `.keras` extension for the native Keras format (recommended) or a `.h5` extension. Use `model.export(filepath)` if you want to export a SavedModel for use with TFLite/TFServing/etc. Received: filepath=hand_position_model.
2025-06-12 12:12:48,555 - INFO - ✅ Modèle entraîné et sauvegardé!
2025-06-12 12:12:48,991 - INFO - 📊 FPS: 30.1 | Mode: recognition (Entraînée) | Détections: 95.5% | Échantillons: 200
2025-06-12 12:12:48,991 - INFO - 🤖 Position: training_complete (confiance: 1.00)
2025-06-12 12:12:52,044 - INFO - 📊 FPS: 29.5 | Mode: recognition (Entraînée) | Détections: 94.3% | Échantillons: 200
2025-06-12 12:12:52,044 - INFO - 🤖 Position: training_complete (confiance: 1.00)
2025-06-12 12:12:55,049 - INFO - 📊 FPS: 29.9 | Mode: recognition (Entraînée) | Détections: 93.1% | Échantillons: 200
2025-06-12 12:12:55,049 - INFO - 🤖 Position: training_complete (confiance: 1.00)
2025-06-12 12:12:58,051 - INFO - 📊 FPS: 30.0 | Mode: recognition (Entraînée) | Détections: 91.9% | Échantillons: 200
2025-06-12 12:12:58,052 - INFO - 🤖 Position: training_complete (confiance: 1.00)
2025-06-12 12:13:01,001 - INFO - 📊 FPS: 30.5 | Mode: recognition (Entraînée) | Détections: 90.8% | Échantillons: 200
2025-06-12 12:13:01,001 - INFO - 🤖 Position: training_complete (confiance: 1.00)
2025-06-12 12:13:02,178 - INFO - 🤖 Mode reconnaissance activé
2025-06-12 12:13:02,178 - INFO - 🤖 Mode reconnaissance IA activé
2025-06-12 12:13:04,005 - INFO - 📊 FPS: 30.0 | Mode: recognition (Entraînée) | Détections: 89.6% | Échantillons: 200
2025-06-12 12:13:04,005 - INFO - 🤖 Position: training_complete (confiance: 1.00)
2025-06-12 12:13:06,577 - WARNING - ⚠️ Aucun modèle trouvé: hand_position_model_model
2025-06-12 12:13:06,577 - WARNING - ⚠️ Aucun modèle à charger
2025-06-12 12:13:07,007 - INFO - 📊 FPS: 30.0 | Mode: recognition (Entraînée) | Détections: 88.5% | Échantillons: 200
2025-06-12 12:13:07,008 - INFO - 🤖 Position: training_complete (confiance: 1.00)
2025-06-12 12:13:10,008 - INFO - 📊 FPS: 30.0 | Mode: recognition (Entraînée) | Détections: 87.5% | Échantillons: 200
2025-06-12 12:13:10,008 - INFO - 🤖 Position: training_complete (confiance: 1.00)
2025-06-12 12:13:12,608 - INFO - 🛑 Arrêt demandé
2025-06-12 12:13:12,608 - INFO - 🧹 Nettoyage...
2025-06-12 12:13:12,609 - INFO - ================================================================================
2025-06-12 12:13:12,609 - INFO - 📊 STATS FINALES:
2025-06-12 12:13:12,609 - INFO -   ⏱️ Durée: 257.5s
2025-06-12 12:13:12,609 - INFO -   🎞️ Frames: 7548
2025-06-12 12:13:12,609 - INFO -   🎯 Détections gant: 7548
2025-06-12 12:13:12,609 - INFO -   🤖 Frames IA: 7548
2025-06-12 12:13:12,609 - INFO -   🎭 Détections position: 6534
2025-06-12 12:13:12,609 - INFO -   📈 Taux reconnaissance: 86.6%
2025-06-12 12:13:12,609 - INFO -   📚 Échantillons: 200
2025-06-12 12:13:12,609 - INFO -   📸 Screenshots: 0
2025-06-12 12:13:12,609 - INFO - ================================================================================
2025-06-12 12:13:12,610 - INFO - ✅ Pipeline fermé
2025-06-12 12:13:12,617 - INFO - ✅ Interface fermée
2025-06-12 12:13:13,119 - INFO - ✅ Drone déconnecté
2025-06-12 12:13:13,120 - INFO - 🎉 Session IA terminée!
