2025-06-05 11:00:11,048 - INFO - Starting Bebop 2 Smart Detection System (No Disk Recording)
2025-06-05 11:00:11,070 - INFO - Connecting to Bebop 2...
2025-06-05 11:00:12,109 - INFO - Drone connected successfully
2025-06-05 11:00:12,109 - INFO - Display thread started
2025-06-05 11:00:12,210 - INFO - Monitor thread started
2025-06-05 11:00:12,310 - INFO - All threads started successfully
2025-06-05 11:00:12,310 - INFO - Opening video stream without disk recording...
2025-06-05 11:00:15,934 - INFO - Video stream opened successfully
2025-06-05 11:00:15,934 - INFO - Smart detection system is now active (No disk recording)
2025-06-05 11:00:15,934 - INFO - Controls: 'q'/ESC=Quit, 'r'=Complete reset, 's'=Screenshot, 'd'=Debug stats
2025-06-05 11:00:17,211 - WARNING - No new frames - callbacks: 69 (+69), direct update rate: 0.0%, last frame 6.2s ago
2025-06-05 11:00:22,211 - WARNING - No new frames - callbacks: 219 (+150), direct update rate: 0.0%, last frame 11.2s ago
2025-06-05 11:00:27,212 - WARNING - No new frames - callbacks: 369 (+150), direct update rate: 0.0%, last frame 16.2s ago
2025-06-05 11:00:32,213 - WARNING - No new frames - callbacks: 518 (+149), direct update rate: 0.0%, last frame 21.2s ago
2025-06-05 11:00:37,213 - WARNING - No new frames - callbacks: 669 (+151), direct update rate: 0.0%, last frame 26.2s ago
2025-06-05 11:00:37,900 - INFO - Signal 2 received - initiating shutdown
2025-06-05 11:00:37,942 - INFO - Display thread terminated
2025-06-05 11:00:38,008 - INFO - Display window was closed
2025-06-05 11:00:38,008 - INFO - Starting cleanup...
2025-06-05 11:00:42,214 - INFO - Monitor thread terminated
2025-06-05 11:00:48,718 - INFO - Video stream closed
2025-06-05 11:00:49,221 - INFO - Drone disconnected
2025-06-05 11:00:49,222 - INFO - Cleanup completed successfully
2025-06-05 11:00:49,235 - INFO - Program exiting with code 0
