2025-06-05 10:01:48,025 - INFO - Starting Advanced Bebop 2 detection with auto-restart
2025-06-05 10:01:48,048 - INFO - Connecting to Bebop 2...
2025-06-05 10:01:49,086 - INFO - Drone connected successfully
2025-06-05 10:01:49,088 - INFO - Display thread started
2025-06-05 10:01:49,288 - INFO - Conservative cleanup thread started
2025-06-05 10:01:49,489 - INFO - Enhanced connection monitor started
2025-06-05 10:01:49,691 - INFO - Vision restart manager started
2025-06-05 10:01:49,891 - INFO - All threads started successfully
2025-06-05 10:01:49,891 - INFO - Opening initial video stream...
2025-06-05 10:01:53,492 - WARNING - Stream issue detected (failure #1). Last frame: 5.5s ago
2025-06-05 10:01:57,505 - WARNING - Stream issue detected (failure #2). Last frame: 9.5s ago
2025-06-05 10:01:57,520 - WARNING - Triggering automatic restart
2025-06-05 10:01:57,535 - WARNING - Attempting vision restart #1
2025-06-05 10:02:01,538 - WARNING - Stream issue detected (failure #3). Last frame: 13.5s ago
2025-06-05 10:02:02,263 - INFO - Initial video stream opened successfully
2025-06-05 10:02:02,263 - INFO - Auto-restart detection system is now active
2025-06-05 10:02:02,264 - INFO - Controls: 'q'/ESC=Quit, 'r'=Reset all, 's'=Screenshot, 'c'=Cache stats, 'v'=Manual restart
2025-06-05 10:02:05,554 - WARNING - Stream issue detected (failure #4). Last frame: 17.5s ago
2025-06-05 10:02:06,092 - INFO - Video stream closed for restart
2025-06-05 10:02:09,554 - WARNING - Stream issue detected (failure #5). Last frame: 21.5s ago
2025-06-05 10:02:10,181 - ERROR - Vision restart error: [WinError 32] Le processus ne peut pas accéder au fichier car ce fichier est utilisé par un autre processus: 'C:\\Users\\Baptiste\\anaconda3\\Lib\\site-packages\\pyparrot\\images'
2025-06-05 10:02:10,181 - ERROR - Vision restart failed
2025-06-05 10:02:13,555 - WARNING - Stream issue detected (failure #6). Last frame: 25.5s ago
2025-06-05 10:02:17,556 - WARNING - Stream issue detected (failure #7). Last frame: 29.5s ago
2025-06-05 10:02:20,181 - WARNING - Attempting vision restart #2
2025-06-05 10:02:21,556 - WARNING - Stream issue detected (failure #8). Last frame: 33.5s ago
2025-06-05 10:02:23,800 - INFO - Signal 2 received - initiating graceful shutdown
2025-06-05 10:02:24,272 - INFO - Starting comprehensive cleanup...
2025-06-05 10:02:24,272 - INFO - Waiting for threads to terminate...
2025-06-05 10:02:24,335 - INFO - Display thread terminated
2025-06-05 10:02:24,360 - INFO - Cleanup thread terminated
2025-06-05 10:02:25,561 - INFO - Enhanced connection monitor terminated
2025-06-05 10:02:35,567 - INFO - Cache and queue cleared
2025-06-05 10:02:42,152 - INFO - Video stream closed
2025-06-05 10:02:42,726 - INFO - Drone disconnected
2025-06-05 10:02:42,742 - INFO - OpenCV windows closed
2025-06-05 10:02:42,757 - INFO - Comprehensive cleanup completed successfully
2025-06-05 10:02:42,804 - INFO - Program exiting with code 0
