2025-06-12 08:46:51,375 - INFO - === BEBOP 2 OPTIMIZED BICOLOR DETECTION ===
2025-06-12 08:46:51,375 - INFO - 🎯 Détection gant bicolore optimisée rouge/orange
2025-06-12 08:46:51,376 - INFO - 📡 Connexion au drone...
2025-06-12 08:46:52,439 - INFO - ✅ Drone connecté!
2025-06-12 08:46:52,440 - INFO - 📹 Démarrage flux vidéo...
2025-06-12 08:46:54,945 - INFO - Contrôle drone démarré.
2025-06-12 08:46:54,946 - INFO - 🚀 FFmpeg optimisé couleurs: ffmpeg -protocol_whitelist file,rtp,udp -fflags nobuffer -flags low_delay -avioflags direct -analyzeduration 1000000 -probesize 1000000 -i C:\Users\Baptiste\anaconda3\Lib\site-packages\pyparrot\utils\bebop.sdp -vf eq=saturation=1.1:gamma=0.95 -f rawvideo -pix_fmt bgr24 -
2025-06-12 08:46:54,963 - INFO - ✅ Pipeline optimisé initialisé
2025-06-12 08:46:55,018 - INFO - ======================================================================
2025-06-12 08:46:55,019 - INFO - 🎮 COMMANDES:
2025-06-12 08:46:55,019 - INFO -   'q' = Quitter | 's' = Screenshot | 'r' = Reset détecteur
2025-06-12 08:46:55,019 - INFO -   'z' = Reset zoom | '+/-' = Zoom manuel | 'd' = Debug
2025-06-12 08:46:55,020 - INFO -   'c' = Calibrage couleurs | 'e' = Ajust exposition
2025-06-12 08:46:55,020 - INFO - ======================================================================
2025-06-12 08:46:55,020 - INFO - 🎯 OPTIMISATIONS:
2025-06-12 08:46:55,020 - INFO -   ✓ Équilibrage rouge/orange automatique
2025-06-12 08:46:55,021 - INFO -   ✓ Correction exposition adaptative
2025-06-12 08:46:55,021 - INFO -   ✓ Zoom prédictif avec tracking
2025-06-12 08:46:55,021 - INFO -   ✓ Scoring qualité bicolore
2025-06-12 08:46:55,021 - INFO -   ✓ Morphologie adaptée au zoom
2025-06-12 08:46:55,022 - INFO - ======================================================================
2025-06-12 08:46:55,022 - INFO - 🎬 Démarrage détection optimisée...
2025-06-12 08:47:03,134 - INFO - 📊 FPS: 11.1 | Détections: 0.0% | Qualité moy: 0.00 | Zoom: 1.0x | Exposition: 1.00
2025-06-12 08:47:09,635 - INFO - 📊 FPS: 13.8 | Détections: 2.2% | Qualité moy: 0.61 | Zoom: 1.0x | Exposition: 1.00
2025-06-12 08:47:15,137 - INFO - 📊 FPS: 16.4 | Détections: 1.5% | Qualité moy: 0.61 | Zoom: 1.0x | Exposition: 1.00
2025-06-12 08:47:19,938 - INFO - 📊 FPS: 18.7 | Détections: 22.5% | Qualité moy: 0.61 | Zoom: 1.0x | Exposition: 1.00
2025-06-12 08:47:24,166 - INFO - 📊 FPS: 21.3 | Détections: 38.0% | Qualité moy: 0.61 | Zoom: 1.0x | Exposition: 1.00
2025-06-12 08:47:30,284 - INFO - 📊 FPS: 14.7 | Détections: 42.2% | Qualité moy: 0.67 | Zoom: 1.5x | Exposition: 1.00
2025-06-12 08:47:34,763 - INFO - ⌨️ Interruption clavier
2025-06-12 08:47:34,765 - INFO - 🧹 Nettoyage...
2025-06-12 08:47:34,765 - INFO - ======================================================================
2025-06-12 08:47:34,766 - INFO - 📊 STATS FINALES OPTIMISÉES:
2025-06-12 08:47:34,767 - INFO -   ⏱️ Durée: 43.4s
2025-06-12 08:47:34,767 - INFO -   🎞️ Frames: 611
2025-06-12 08:47:34,768 - INFO -   ⚡ FPS moyen: 14.1
2025-06-12 08:47:34,769 - INFO -   🎯 Détections: 228 (37.3%)
2025-06-12 08:47:34,769 - INFO -   ⭐ Détections qualité: 21 (9.2%)
2025-06-12 08:47:34,770 - INFO -   📈 Qualité moyenne: 0.67
2025-06-12 08:47:34,771 - INFO -   🔍 Zoom final: 1.0x
2025-06-12 08:47:34,771 - INFO -   📈 Ajustements zoom: 230
2025-06-12 08:47:34,772 - INFO -   💡 Exposition finale: 1.00
2025-06-12 08:47:34,772 - INFO -   📸 Screenshots: 0
2025-06-12 08:47:34,773 - INFO -   🎨 Équilibrage final R/O: 0.00/1.00
2025-06-12 08:47:34,774 - INFO -   📏 Aire moyenne: 2414
2025-06-12 08:47:34,775 - INFO - ======================================================================
2025-06-12 08:47:34,777 - INFO - ✅ Pipeline fermé
2025-06-12 08:47:34,793 - INFO - ✅ Interface fermée
2025-06-12 08:47:35,296 - INFO - ✅ Drone déconnecté
2025-06-12 08:47:35,298 - INFO - 🎉 Session détection optimisée terminée!
