2025-06-05 16:27:46,087 - INFO - === BEBOP 2 OPTIMIZED GLOVE CAPTURE ===
2025-06-05 16:27:46,087 - INFO - 🚀 Version ultra-fluide pour capture parfaite du gant
2025-06-05 16:27:46,087 - INFO - 📡 Connexion au drone...
2025-06-05 16:27:47,134 - INFO - ✅ Drone connecté!
2025-06-05 16:27:47,134 - INFO - 📹 Démarrage flux vidéo...
2025-06-05 16:27:49,638 - INFO - Contrôle drone démarré.
2025-06-05 16:27:49,639 - INFO - 🚀 FFmpeg ultra-rapide: ffmpeg -protocol_whitelist file,rtp,udp -fflags nobuffer -flags low_delay -avioflags direct -analyzeduration 500000 -probesize 500000 -i C:\Users\Baptiste\anaconda3\Lib\site-packages\pyparrot\utils\bebop.sdp -f rawvideo -pix_fmt bgr24 -
2025-06-05 16:27:49,646 - INFO - ✅ Pipeline ultra-rapide initialisé
2025-06-05 16:27:49,675 - INFO - ==================================================
2025-06-05 16:27:49,675 - INFO - 🎮 COMMANDES:
2025-06-05 16:27:49,675 - INFO -   'q' = Quitter | 's' = Screenshot | 'r' = Reset
2025-06-05 16:27:49,675 - INFO - ==================================================
2025-06-05 16:27:49,676 - INFO - 🎬 Démarrage capture ultra-fluide...
2025-06-05 16:27:55,222 - INFO - 📊 FPS: 10.8 | Détections: 59/60 (98.3%)
2025-06-05 16:27:59,226 - INFO - 📊 FPS: 15.0 | Détections: 119/120 (99.2%)
2025-06-05 16:28:03,229 - INFO - 📊 FPS: 15.0 | Détections: 179/180 (99.4%)
2025-06-05 16:28:07,248 - INFO - 📊 FPS: 14.9 | Détections: 239/240 (99.6%)
2025-06-05 16:28:11,251 - INFO - 📊 FPS: 15.0 | Détections: 299/300 (99.7%)
2025-06-05 16:28:15,282 - INFO - 📊 FPS: 14.9 | Détections: 339/360 (94.2%)
2025-06-05 16:28:19,263 - INFO - 📊 FPS: 15.1 | Détections: 392/420 (93.3%)
2025-06-05 16:28:23,311 - INFO - 📊 FPS: 14.8 | Détections: 441/480 (91.9%)
2025-06-05 16:28:27,293 - INFO - 📊 FPS: 15.1 | Détections: 501/540 (92.8%)
2025-06-05 16:28:31,304 - INFO - 📊 FPS: 15.0 | Détections: 561/600 (93.5%)
2025-06-05 16:28:35,315 - INFO - 📊 FPS: 15.0 | Détections: 621/660 (94.1%)
2025-06-05 16:28:39,334 - INFO - 📊 FPS: 14.9 | Détections: 676/720 (93.9%)
2025-06-05 16:28:43,320 - INFO - 📊 FPS: 15.1 | Détections: 684/780 (87.7%)
2025-06-05 16:28:47,328 - INFO - 📊 FPS: 15.0 | Détections: 743/840 (88.5%)
2025-06-05 16:28:51,330 - INFO - 📊 FPS: 15.0 | Détections: 798/900 (88.7%)
2025-06-05 16:28:55,335 - INFO - 📊 FPS: 15.0 | Détections: 855/960 (89.1%)
2025-06-05 16:28:59,313 - INFO - 📊 FPS: 15.1 | Détections: 873/1020 (85.6%)
2025-06-05 16:29:03,334 - INFO - 📊 FPS: 14.9 | Détections: 890/1080 (82.4%)
2025-06-05 16:29:07,344 - INFO - 📊 FPS: 15.0 | Détections: 931/1140 (81.7%)
2025-06-05 16:29:11,337 - INFO - 📊 FPS: 15.0 | Détections: 982/1200 (81.8%)
2025-06-05 16:29:15,343 - INFO - 📊 FPS: 15.0 | Détections: 1036/1260 (82.2%)
2025-06-05 16:29:19,356 - INFO - 📊 FPS: 15.0 | Détections: 1096/1320 (83.0%)
2025-06-05 16:29:23,372 - INFO - 📊 FPS: 14.9 | Détections: 1131/1380 (82.0%)
2025-06-05 16:29:27,364 - INFO - 📊 FPS: 15.0 | Détections: 1156/1440 (80.3%)
2025-06-05 16:29:31,368 - INFO - 📊 FPS: 15.0 | Détections: 1216/1500 (81.1%)
2025-06-05 16:29:35,373 - INFO - 📊 FPS: 15.0 | Détections: 1276/1560 (81.8%)
2025-06-05 16:29:39,371 - INFO - 📊 FPS: 15.0 | Détections: 1332/1620 (82.2%)
2025-06-05 16:29:43,377 - INFO - 📊 FPS: 15.0 | Détections: 1390/1680 (82.7%)
2025-06-05 16:29:47,380 - INFO - 📊 FPS: 15.0 | Détections: 1450/1740 (83.3%)
2025-06-05 16:29:51,392 - INFO - 📊 FPS: 15.0 | Détections: 1510/1800 (83.9%)
2025-06-05 16:29:55,368 - INFO - 📊 FPS: 15.1 | Détections: 1570/1860 (84.4%)
2025-06-05 16:29:59,379 - INFO - 📊 FPS: 15.0 | Détections: 1607/1920 (83.7%)
2025-06-05 16:30:03,400 - INFO - 📊 FPS: 14.9 | Détections: 1658/1980 (83.7%)
2025-06-05 16:30:07,390 - INFO - 📊 FPS: 15.0 | Détections: 1706/2040 (83.6%)
2025-06-05 16:30:11,405 - INFO - 📊 FPS: 14.9 | Détections: 1750/2100 (83.3%)
2025-06-05 16:30:15,427 - INFO - 📊 FPS: 14.9 | Détections: 1796/2160 (83.1%)
2025-06-05 16:30:19,419 - INFO - 📊 FPS: 15.0 | Détections: 1856/2220 (83.6%)
2025-06-05 16:30:23,423 - INFO - 📊 FPS: 15.0 | Détections: 1916/2280 (84.0%)
2025-06-05 16:30:27,427 - INFO - 📊 FPS: 15.0 | Détections: 1974/2340 (84.4%)
2025-06-05 16:30:31,428 - INFO - 📊 FPS: 15.0 | Détections: 2034/2400 (84.8%)
2025-06-05 16:30:35,429 - INFO - 📊 FPS: 15.0 | Détections: 2094/2460 (85.1%)
2025-06-05 16:30:39,603 - INFO - 📊 FPS: 14.4 | Détections: 2154/2520 (85.5%)
2025-06-05 16:30:43,500 - INFO - 📊 FPS: 15.4 | Détections: 2214/2580 (85.8%)
2025-06-05 16:30:47,479 - INFO - 📊 FPS: 15.1 | Détections: 2274/2640 (86.1%)
2025-06-05 16:30:51,487 - INFO - 📊 FPS: 15.0 | Détections: 2334/2700 (86.4%)
2025-06-05 16:30:55,551 - INFO - 📊 FPS: 14.8 | Détections: 2394/2760 (86.7%)
2025-06-05 16:30:59,487 - INFO - 📊 FPS: 15.2 | Détections: 2454/2820 (87.0%)
2025-06-05 16:31:03,507 - INFO - 📊 FPS: 14.9 | Détections: 2514/2880 (87.3%)
2025-06-05 16:31:07,526 - INFO - 📊 FPS: 14.9 | Détections: 2561/2940 (87.1%)
2025-06-05 16:31:11,518 - INFO - 📊 FPS: 15.0 | Détections: 2621/3000 (87.4%)
2025-06-05 16:31:15,539 - INFO - 📊 FPS: 14.9 | Détections: 2678/3060 (87.5%)
2025-06-05 16:31:19,546 - INFO - 📊 FPS: 15.0 | Détections: 2738/3120 (87.8%)
2025-06-05 16:31:23,547 - INFO - 📊 FPS: 15.0 | Détections: 2793/3180 (87.8%)
2025-06-05 16:31:27,569 - INFO - 📊 FPS: 14.9 | Détections: 2835/3240 (87.5%)
2025-06-05 16:31:31,560 - INFO - 📊 FPS: 15.0 | Détections: 2882/3300 (87.3%)
2025-06-05 16:31:35,575 - INFO - 📊 FPS: 14.9 | Détections: 2934/3360 (87.3%)
2025-06-05 16:31:39,587 - INFO - 📊 FPS: 15.0 | Détections: 2980/3420 (87.1%)
2025-06-05 16:31:43,590 - INFO - 📊 FPS: 15.0 | Détections: 3030/3480 (87.1%)
2025-06-05 16:31:47,588 - INFO - 📊 FPS: 15.0 | Détections: 3090/3540 (87.3%)
2025-06-05 16:31:51,571 - INFO - 📊 FPS: 15.1 | Détections: 3150/3600 (87.5%)
2025-06-05 16:31:55,562 - INFO - 📊 FPS: 15.0 | Détections: 3210/3660 (87.7%)
2025-06-05 16:31:59,611 - INFO - 📊 FPS: 14.8 | Détections: 3270/3720 (87.9%)
2025-06-05 16:32:03,572 - INFO - 📊 FPS: 15.2 | Détections: 3330/3780 (88.1%)
2025-06-05 16:32:07,567 - INFO - 📊 FPS: 15.0 | Détections: 3390/3840 (88.3%)
2025-06-05 16:32:11,575 - INFO - 📊 FPS: 15.0 | Détections: 3450/3900 (88.5%)
2025-06-05 16:32:15,467 - INFO - ⌨️ Interruption clavier
2025-06-05 16:32:15,467 - INFO - 🧹 Nettoyage...
2025-06-05 16:32:15,467 - INFO - ==================================================
2025-06-05 16:32:15,467 - INFO - 📊 STATS FINALES:
2025-06-05 16:32:15,467 - INFO -   ⏱️ Durée: 269.4s
2025-06-05 16:32:15,467 - INFO -   🎞️ Frames: 3958
2025-06-05 16:32:15,468 - INFO -   ⚡ FPS: 14.7
2025-06-05 16:32:15,468 - INFO -   🎯 Détections: 3508 (88.6%)
2025-06-05 16:32:15,468 - INFO -   📸 Screenshots: 0
2025-06-05 16:32:15,468 - INFO - ==================================================
2025-06-05 16:32:15,468 - INFO - ✅ Pipeline fermé
2025-06-05 16:32:15,471 - INFO - ✅ Interface fermée
2025-06-05 16:32:15,975 - INFO - ✅ Drone déconnecté
2025-06-05 16:32:15,975 - INFO - 🎉 Terminé!
