2025-06-05 10:11:35,611 - INFO - Starting Bebop 2 Direct Stream Detection System
2025-06-05 10:11:35,632 - INFO - Connecting to Bebop 2...
2025-06-05 10:11:36,681 - INFO - Drone connected successfully
2025-06-05 10:11:36,681 - INFO - Display thread started
2025-06-05 10:11:36,782 - INFO - Monitor thread started
2025-06-05 10:11:36,883 - INFO - All threads started successfully
2025-06-05 10:11:36,883 - INFO - Starting direct video stream capture...
2025-06-05 10:11:36,887 - INFO - Stream reader thread started
2025-06-05 10:11:36,887 - INFO - Direct video stream started successfully
2025-06-05 10:11:36,897 - INFO - Direct stream detection system is now active
2025-06-05 10:11:36,898 - INFO - Controls: 'q'/ESC=Quit, 'r'=Reset stats, 's'=Screenshot
2025-06-05 10:11:41,783 - WARNING - No new frames - last frame 6.2s ago
2025-06-05 10:11:46,784 - WARNING - No new frames - last frame 11.2s ago
2025-06-05 10:11:51,785 - WARNING - No new frames - last frame 16.2s ago
2025-06-05 10:11:56,785 - WARNING - No new frames - last frame 21.2s ago
2025-06-05 10:12:01,786 - WARNING - No new frames - last frame 26.2s ago
2025-06-05 10:12:05,200 - INFO - Signal 2 received - initiating shutdown
2025-06-05 10:12:05,250 - INFO - Stream reader thread terminated
2025-06-05 10:12:05,314 - INFO - Display thread terminated
2025-06-05 10:12:05,980 - INFO - Display window was closed
2025-06-05 10:12:05,981 - INFO - Starting cleanup...
2025-06-05 10:12:05,996 - INFO - Direct video stream stopped
2025-06-05 10:12:06,787 - INFO - Monitor thread terminated
2025-06-05 10:12:07,289 - INFO - Drone disconnected
2025-06-05 10:12:07,290 - INFO - Cleanup completed successfully
2025-06-05 10:12:07,291 - INFO - Program exiting with code 0
