2025-06-12 09:54:34,534 - INFO - === BEBOP 2 OPTIMIZED BICOLOR DETECTION - PURE MODE ===
2025-06-12 09:54:34,535 - INFO - 🎯 Détection gant bicolore optimisée rouge/orange
2025-06-12 09:54:34,535 - INFO - 🚫 Mode détection pure - AUCUNE commande drone
2025-06-12 09:54:34,535 - INFO - 📡 Connexion au drone...
2025-06-12 09:54:35,631 - INFO - ✅ Drone connecté! (mode détection pure)
2025-06-12 09:54:35,631 - INFO - 📹 Démarrage flux vidéo...
2025-06-12 09:54:38,135 - INFO - 🚀 FFmpeg optimisé couleurs: ffmpeg -protocol_whitelist file,rtp,udp -fflags nobuffer -flags low_delay -avioflags direct -analyzeduration 1000000 -probesize 1000000 -i C:\Users\Baptiste\anaconda3\Lib\site-packages\pyparrot\utils\bebop.sdp -vf eq=saturation=1.1:gamma=0.95 -f rawvideo -pix_fmt bgr24 -
2025-06-12 09:54:38,162 - INFO - ✅ Pipeline optimisé initialisé
2025-06-12 09:54:38,247 - INFO - ======================================================================
2025-06-12 09:54:38,248 - INFO - 🎮 COMMANDES:
2025-06-12 09:54:38,248 - INFO -   'q' = Quitter | 's' = Screenshot | 'r' = Reset détecteur
2025-06-12 09:54:38,249 - INFO -   'z' = Reset zoom | '+/-' = Zoom manuel | 'd' = Debug
2025-06-12 09:54:38,249 - INFO -   'c' = Calibrage couleurs | 'e' = Ajust exposition
2025-06-12 09:54:38,250 - INFO - ======================================================================
2025-06-12 09:54:38,250 - INFO - 🎯 OPTIMISATIONS:
2025-06-12 09:54:38,250 - INFO -   ✓ Équilibrage rouge/orange automatique
2025-06-12 09:54:38,250 - INFO -   ✓ Correction exposition adaptative
2025-06-12 09:54:38,251 - INFO -   ✓ Zoom prédictif avec tracking
2025-06-12 09:54:38,251 - INFO -   ✓ Scoring qualité bicolore
2025-06-12 09:54:38,251 - INFO -   ✓ Morphologie adaptée au zoom
2025-06-12 09:54:38,252 - INFO -   🚫 AUCUNE commande drone (flux stable)
2025-06-12 09:54:38,252 - INFO - ======================================================================
2025-06-12 09:54:38,252 - INFO - 🎬 Démarrage détection pure...
2025-06-12 09:54:41,172 - ERROR - ❌ Erreur boucle: too many values to unpack (expected 2)
2025-06-12 09:54:41,199 - ERROR - ❌ Erreur boucle: too many values to unpack (expected 2)
2025-06-12 09:54:41,217 - ERROR - ❌ Erreur boucle: too many values to unpack (expected 2)
2025-06-12 09:54:41,245 - ERROR - ❌ Erreur boucle: too many values to unpack (expected 2)
2025-06-12 09:54:41,276 - ERROR - ❌ Erreur boucle: too many values to unpack (expected 2)
2025-06-12 09:54:41,326 - ERROR - ❌ Erreur boucle: too many values to unpack (expected 2)
2025-06-12 09:54:41,355 - ERROR - ❌ Erreur boucle: too many values to unpack (expected 2)
2025-06-12 09:54:41,376 - ERROR - ❌ Erreur boucle: too many values to unpack (expected 2)
2025-06-12 09:54:41,425 - ERROR - ❌ Erreur boucle: too many values to unpack (expected 2)
2025-06-12 09:54:41,455 - ERROR - ❌ Erreur boucle: too many values to unpack (expected 2)
2025-06-12 09:54:41,487 - ERROR - ❌ Erreur boucle: too many values to unpack (expected 2)
2025-06-12 09:54:41,522 - ERROR - ❌ Erreur boucle: too many values to unpack (expected 2)
2025-06-12 09:54:41,541 - ERROR - ❌ Erreur boucle: too many values to unpack (expected 2)
2025-06-12 09:54:41,573 - ERROR - ❌ Erreur boucle: too many values to unpack (expected 2)
2025-06-12 09:54:41,604 - ERROR - ❌ Erreur boucle: too many values to unpack (expected 2)
2025-06-12 09:54:41,655 - ERROR - ❌ Erreur boucle: too many values to unpack (expected 2)
2025-06-12 09:54:41,671 - ERROR - ❌ Erreur boucle: too many values to unpack (expected 2)
2025-06-12 09:54:41,710 - ERROR - ❌ Erreur boucle: too many values to unpack (expected 2)
2025-06-12 09:54:41,760 - ERROR - ❌ Erreur boucle: too many values to unpack (expected 2)
2025-06-12 09:54:41,789 - ERROR - ❌ Erreur boucle: too many values to unpack (expected 2)
2025-06-12 09:54:41,809 - ERROR - ❌ Erreur boucle: too many values to unpack (expected 2)
2025-06-12 09:54:41,858 - ERROR - ❌ Erreur boucle: too many values to unpack (expected 2)
2025-06-12 09:54:41,889 - ERROR - ❌ Erreur boucle: too many values to unpack (expected 2)
2025-06-12 09:54:41,907 - ERROR - ❌ Erreur boucle: too many values to unpack (expected 2)
2025-06-12 09:54:41,955 - ERROR - ❌ Erreur boucle: too many values to unpack (expected 2)
2025-06-12 09:54:41,973 - ERROR - ❌ Erreur boucle: too many values to unpack (expected 2)
2025-06-12 09:54:42,016 - ERROR - ❌ Erreur boucle: too many values to unpack (expected 2)
2025-06-12 09:54:42,062 - ERROR - ❌ Erreur boucle: too many values to unpack (expected 2)
2025-06-12 09:54:42,082 - ERROR - ❌ Erreur boucle: too many values to unpack (expected 2)
2025-06-12 09:54:42,106 - ERROR - ❌ Erreur boucle: too many values to unpack (expected 2)
2025-06-12 09:54:42,145 - ERROR - ❌ Erreur boucle: too many values to unpack (expected 2)
2025-06-12 09:54:42,186 - ERROR - ❌ Erreur boucle: too many values to unpack (expected 2)
2025-06-12 09:54:42,224 - ERROR - ❌ Erreur boucle: too many values to unpack (expected 2)
2025-06-12 09:54:42,258 - ERROR - ❌ Erreur boucle: too many values to unpack (expected 2)
2025-06-12 09:54:42,285 - ERROR - ❌ Erreur boucle: too many values to unpack (expected 2)
2025-06-12 09:54:42,309 - ERROR - ❌ Erreur boucle: too many values to unpack (expected 2)
2025-06-12 09:54:42,348 - ERROR - ❌ Erreur boucle: too many values to unpack (expected 2)
2025-06-12 09:54:42,392 - ERROR - ❌ Erreur boucle: too many values to unpack (expected 2)
2025-06-12 09:54:42,410 - ERROR - ❌ Erreur boucle: too many values to unpack (expected 2)
2025-06-12 09:54:42,448 - ERROR - ❌ Erreur boucle: too many values to unpack (expected 2)
2025-06-12 09:54:42,499 - ERROR - ❌ Erreur boucle: too many values to unpack (expected 2)
2025-06-12 09:54:42,519 - ERROR - ❌ Erreur boucle: too many values to unpack (expected 2)
2025-06-12 09:54:42,541 - ERROR - ❌ Erreur boucle: too many values to unpack (expected 2)
2025-06-12 09:54:42,573 - ERROR - ❌ Erreur boucle: too many values to unpack (expected 2)
2025-06-12 09:54:42,617 - ERROR - ❌ Erreur boucle: too many values to unpack (expected 2)
2025-06-12 09:54:42,642 - ERROR - ❌ Erreur boucle: too many values to unpack (expected 2)
2025-06-12 09:54:42,672 - ERROR - ❌ Erreur boucle: too many values to unpack (expected 2)
2025-06-12 09:54:42,723 - ERROR - ❌ Erreur boucle: too many values to unpack (expected 2)
2025-06-12 09:54:42,758 - ERROR - ❌ Erreur boucle: too many values to unpack (expected 2)
2025-06-12 09:54:42,779 - ERROR - ❌ Erreur boucle: too many values to unpack (expected 2)
2025-06-12 09:54:42,837 - ERROR - ❌ Erreur boucle: too many values to unpack (expected 2)
2025-06-12 09:54:42,856 - ERROR - ❌ Erreur boucle: too many values to unpack (expected 2)
2025-06-12 09:54:42,883 - ERROR - ❌ Erreur boucle: too many values to unpack (expected 2)
2025-06-12 09:54:42,927 - ERROR - ❌ Erreur boucle: too many values to unpack (expected 2)
2025-06-12 09:54:42,952 - ERROR - ❌ Erreur boucle: too many values to unpack (expected 2)
2025-06-12 09:54:42,976 - ERROR - ❌ Erreur boucle: too many values to unpack (expected 2)
2025-06-12 09:54:43,014 - ERROR - ❌ Erreur boucle: too many values to unpack (expected 2)
2025-06-12 09:54:43,056 - ERROR - ❌ Erreur boucle: too many values to unpack (expected 2)
2025-06-12 09:54:43,085 - ERROR - ❌ Erreur boucle: too many values to unpack (expected 2)
2025-06-12 09:54:43,108 - ERROR - ❌ Erreur boucle: too many values to unpack (expected 2)
2025-06-12 09:54:43,145 - ERROR - ❌ Erreur boucle: too many values to unpack (expected 2)
2025-06-12 09:54:43,178 - ERROR - ❌ Erreur boucle: too many values to unpack (expected 2)
2025-06-12 09:54:43,213 - ERROR - ❌ Erreur boucle: too many values to unpack (expected 2)
2025-06-12 09:54:43,264 - ERROR - ❌ Erreur boucle: too many values to unpack (expected 2)
2025-06-12 09:54:43,295 - ERROR - ❌ Erreur boucle: too many values to unpack (expected 2)
2025-06-12 09:54:43,324 - ERROR - ❌ Erreur boucle: too many values to unpack (expected 2)
2025-06-12 09:54:43,365 - ERROR - ❌ Erreur boucle: too many values to unpack (expected 2)
2025-06-12 09:54:43,380 - ERROR - ❌ Erreur boucle: too many values to unpack (expected 2)
2025-06-12 09:54:43,409 - ERROR - ❌ Erreur boucle: too many values to unpack (expected 2)
2025-06-12 09:54:43,468 - ERROR - ❌ Erreur boucle: too many values to unpack (expected 2)
2025-06-12 09:54:43,501 - ERROR - ❌ Erreur boucle: too many values to unpack (expected 2)
2025-06-12 09:54:43,522 - ERROR - ❌ Erreur boucle: too many values to unpack (expected 2)
2025-06-12 09:54:43,552 - ERROR - ❌ Erreur boucle: too many values to unpack (expected 2)
2025-06-12 09:54:43,593 - ERROR - ❌ Erreur boucle: too many values to unpack (expected 2)
2025-06-12 09:54:43,608 - ERROR - ❌ Erreur boucle: too many values to unpack (expected 2)
2025-06-12 09:54:43,640 - ERROR - ❌ Erreur boucle: too many values to unpack (expected 2)
2025-06-12 09:54:43,692 - ERROR - ❌ Erreur boucle: too many values to unpack (expected 2)
2025-06-12 09:54:43,727 - ERROR - ❌ Erreur boucle: too many values to unpack (expected 2)
2025-06-12 09:54:43,760 - ERROR - ❌ Erreur boucle: too many values to unpack (expected 2)
2025-06-12 09:54:43,797 - ERROR - ❌ Erreur boucle: too many values to unpack (expected 2)
2025-06-12 09:54:43,815 - ERROR - ❌ Erreur boucle: too many values to unpack (expected 2)
2025-06-12 09:54:43,843 - ERROR - ❌ Erreur boucle: too many values to unpack (expected 2)
2025-06-12 09:54:43,887 - ERROR - ❌ Erreur boucle: too many values to unpack (expected 2)
2025-06-12 09:54:43,913 - ERROR - ❌ Erreur boucle: too many values to unpack (expected 2)
2025-06-12 09:54:43,947 - ERROR - ❌ Erreur boucle: too many values to unpack (expected 2)
2025-06-12 09:54:43,974 - ERROR - ❌ Erreur boucle: too many values to unpack (expected 2)
2025-06-12 09:54:44,024 - ERROR - ❌ Erreur boucle: too many values to unpack (expected 2)
2025-06-12 09:54:44,056 - ERROR - ❌ Erreur boucle: too many values to unpack (expected 2)
2025-06-12 09:54:44,081 - ERROR - ❌ Erreur boucle: too many values to unpack (expected 2)
2025-06-12 09:54:44,126 - ERROR - ❌ Erreur boucle: too many values to unpack (expected 2)
2025-06-12 09:54:44,162 - ERROR - ❌ Erreur boucle: too many values to unpack (expected 2)
2025-06-12 09:54:44,180 - ERROR - ❌ Erreur boucle: too many values to unpack (expected 2)
2025-06-12 09:54:44,242 - ERROR - ❌ Erreur boucle: too many values to unpack (expected 2)
2025-06-12 09:54:44,273 - ERROR - ❌ Erreur boucle: too many values to unpack (expected 2)
2025-06-12 09:54:44,297 - ERROR - ❌ Erreur boucle: too many values to unpack (expected 2)
2025-06-12 09:54:44,316 - ERROR - ❌ Erreur boucle: too many values to unpack (expected 2)
2025-06-12 09:54:44,353 - ERROR - ❌ Erreur boucle: too many values to unpack (expected 2)
2025-06-12 09:54:44,380 - ERROR - ❌ Erreur boucle: too many values to unpack (expected 2)
2025-06-12 09:54:44,414 - ERROR - ❌ Erreur boucle: too many values to unpack (expected 2)
2025-06-12 09:54:44,462 - ERROR - ❌ Erreur boucle: too many values to unpack (expected 2)
2025-06-12 09:54:44,489 - ERROR - ❌ Erreur boucle: too many values to unpack (expected 2)
2025-06-12 09:54:44,514 - ERROR - ❌ Erreur boucle: too many values to unpack (expected 2)
2025-06-12 09:54:44,575 - ERROR - ❌ Erreur boucle: too many values to unpack (expected 2)
2025-06-12 09:54:44,614 - ERROR - ❌ Erreur boucle: too many values to unpack (expected 2)
2025-06-12 09:54:44,647 - ERROR - ❌ Erreur boucle: too many values to unpack (expected 2)
2025-06-12 09:54:44,679 - ERROR - ❌ Erreur boucle: too many values to unpack (expected 2)
2025-06-12 09:54:44,709 - ERROR - ❌ Erreur boucle: too many values to unpack (expected 2)
2025-06-12 09:54:44,737 - ERROR - ❌ Erreur boucle: too many values to unpack (expected 2)
2025-06-12 09:54:44,764 - ERROR - ❌ Erreur boucle: too many values to unpack (expected 2)
2025-06-12 09:54:44,785 - ERROR - ❌ Erreur boucle: too many values to unpack (expected 2)
2025-06-12 09:54:44,823 - ERROR - ❌ Erreur boucle: too many values to unpack (expected 2)
2025-06-12 09:54:44,845 - ERROR - ❌ Erreur boucle: too many values to unpack (expected 2)
2025-06-12 09:54:44,892 - ERROR - ❌ Erreur boucle: too many values to unpack (expected 2)
2025-06-12 09:54:44,921 - ERROR - ❌ Erreur boucle: too many values to unpack (expected 2)
2025-06-12 09:54:44,943 - ERROR - ❌ Erreur boucle: too many values to unpack (expected 2)
2025-06-12 09:54:44,982 - ERROR - ❌ Erreur boucle: too many values to unpack (expected 2)
2025-06-12 09:54:45,024 - ERROR - ❌ Erreur boucle: too many values to unpack (expected 2)
2025-06-12 09:54:45,056 - ERROR - ❌ Erreur boucle: too many values to unpack (expected 2)
2025-06-12 09:54:45,107 - ERROR - ❌ Erreur boucle: too many values to unpack (expected 2)
2025-06-12 09:54:45,134 - ERROR - ❌ Erreur boucle: too many values to unpack (expected 2)
2025-06-12 09:54:45,154 - ERROR - ❌ Erreur boucle: too many values to unpack (expected 2)
2025-06-12 09:54:45,188 - ERROR - ❌ Erreur boucle: too many values to unpack (expected 2)
2025-06-12 09:54:45,214 - ERROR - ❌ Erreur boucle: too many values to unpack (expected 2)
2025-06-12 09:54:45,253 - ERROR - ❌ Erreur boucle: too many values to unpack (expected 2)
2025-06-12 09:54:45,300 - ERROR - ❌ Erreur boucle: too many values to unpack (expected 2)
2025-06-12 09:54:45,322 - ERROR - ❌ Erreur boucle: too many values to unpack (expected 2)
2025-06-12 09:54:45,357 - ERROR - ❌ Erreur boucle: too many values to unpack (expected 2)
2025-06-12 09:54:45,391 - ERROR - ❌ Erreur boucle: too many values to unpack (expected 2)
2025-06-12 09:54:45,437 - ERROR - ❌ Erreur boucle: too many values to unpack (expected 2)
2025-06-12 09:54:45,472 - ERROR - ❌ Erreur boucle: too many values to unpack (expected 2)
2025-06-12 09:54:45,491 - ERROR - ❌ Erreur boucle: too many values to unpack (expected 2)
2025-06-12 09:54:45,518 - ERROR - ❌ Erreur boucle: too many values to unpack (expected 2)
2025-06-12 09:54:45,546 - ERROR - ❌ Erreur boucle: too many values to unpack (expected 2)
2025-06-12 09:54:45,590 - ERROR - ❌ Erreur boucle: too many values to unpack (expected 2)
2025-06-12 09:54:45,642 - ERROR - ❌ Erreur boucle: too many values to unpack (expected 2)
2025-06-12 09:54:45,685 - ERROR - ❌ Erreur boucle: too many values to unpack (expected 2)
2025-06-12 09:54:45,726 - ERROR - ❌ Erreur boucle: too many values to unpack (expected 2)
2025-06-12 09:54:45,758 - ERROR - ❌ Erreur boucle: too many values to unpack (expected 2)
2025-06-12 09:54:45,785 - ERROR - ❌ Erreur boucle: too many values to unpack (expected 2)
2025-06-12 09:54:45,814 - ERROR - ❌ Erreur boucle: too many values to unpack (expected 2)
2025-06-12 09:54:45,838 - ERROR - ❌ Erreur boucle: too many values to unpack (expected 2)
2025-06-12 09:54:45,863 - ERROR - ❌ Erreur boucle: too many values to unpack (expected 2)
2025-06-12 09:54:45,889 - ERROR - ❌ Erreur boucle: too many values to unpack (expected 2)
2025-06-12 09:54:45,912 - ERROR - ❌ Erreur boucle: too many values to unpack (expected 2)
2025-06-12 09:54:45,959 - ERROR - ❌ Erreur boucle: too many values to unpack (expected 2)
2025-06-12 09:54:45,979 - ERROR - ❌ Erreur boucle: too many values to unpack (expected 2)
2025-06-12 09:54:46,029 - ERROR - ❌ Erreur boucle: too many values to unpack (expected 2)
2025-06-12 09:54:46,077 - ERROR - ❌ Erreur boucle: too many values to unpack (expected 2)
2025-06-12 09:54:46,101 - ERROR - ❌ Erreur boucle: too many values to unpack (expected 2)
2025-06-12 09:54:46,130 - ERROR - ❌ Erreur boucle: too many values to unpack (expected 2)
2025-06-12 09:54:46,172 - ERROR - ❌ Erreur boucle: too many values to unpack (expected 2)
2025-06-12 09:54:46,194 - ERROR - ❌ Erreur boucle: too many values to unpack (expected 2)
2025-06-12 09:54:46,221 - ERROR - ❌ Erreur boucle: too many values to unpack (expected 2)
2025-06-12 09:54:46,247 - ERROR - ❌ Erreur boucle: too many values to unpack (expected 2)
2025-06-12 09:54:46,288 - ERROR - ❌ Erreur boucle: too many values to unpack (expected 2)
2025-06-12 09:54:46,312 - ERROR - ❌ Erreur boucle: too many values to unpack (expected 2)
2025-06-12 09:54:46,363 - ERROR - ❌ Erreur boucle: too many values to unpack (expected 2)
2025-06-12 09:54:46,398 - ERROR - ❌ Erreur boucle: too many values to unpack (expected 2)
2025-06-12 09:54:46,417 - ERROR - ❌ Erreur boucle: too many values to unpack (expected 2)
2025-06-12 09:54:46,445 - ERROR - ❌ Erreur boucle: too many values to unpack (expected 2)
2025-06-12 09:54:46,499 - ERROR - ❌ Erreur boucle: too many values to unpack (expected 2)
2025-06-12 09:54:46,534 - ERROR - ❌ Erreur boucle: too many values to unpack (expected 2)
2025-06-12 09:54:46,559 - ERROR - ❌ Erreur boucle: too many values to unpack (expected 2)
2025-06-12 09:54:46,619 - ERROR - ❌ Erreur boucle: too many values to unpack (expected 2)
2025-06-12 09:54:46,646 - ERROR - ❌ Erreur boucle: too many values to unpack (expected 2)
2025-06-12 09:54:46,670 - ERROR - ❌ Erreur boucle: too many values to unpack (expected 2)
2025-06-12 09:54:46,692 - ERROR - ❌ Erreur boucle: too many values to unpack (expected 2)
2025-06-12 09:54:46,741 - ERROR - ❌ Erreur boucle: too many values to unpack (expected 2)
2025-06-12 09:54:46,771 - ERROR - ❌ Erreur boucle: too many values to unpack (expected 2)
2025-06-12 09:54:46,793 - ERROR - ❌ Erreur boucle: too many values to unpack (expected 2)
2025-06-12 09:54:46,844 - ERROR - ❌ Erreur boucle: too many values to unpack (expected 2)
2025-06-12 09:54:46,867 - ERROR - ❌ Erreur boucle: too many values to unpack (expected 2)
2025-06-12 09:54:46,903 - ERROR - ❌ Erreur boucle: too many values to unpack (expected 2)
2025-06-12 09:54:46,946 - ERROR - ❌ Erreur boucle: too many values to unpack (expected 2)
2025-06-12 09:54:46,988 - ERROR - ❌ Erreur boucle: too many values to unpack (expected 2)
2025-06-12 09:54:47,027 - ERROR - ❌ Erreur boucle: too many values to unpack (expected 2)
2025-06-12 09:54:47,076 - ERROR - ❌ Erreur boucle: too many values to unpack (expected 2)
2025-06-12 09:54:47,117 - ERROR - ❌ Erreur boucle: too many values to unpack (expected 2)
2025-06-12 09:54:47,163 - ERROR - ❌ Erreur boucle: too many values to unpack (expected 2)
2025-06-12 09:54:47,210 - ERROR - ❌ Erreur boucle: too many values to unpack (expected 2)
2025-06-12 09:54:47,247 - ERROR - ❌ Erreur boucle: too many values to unpack (expected 2)
2025-06-12 09:54:47,276 - ERROR - ❌ Erreur boucle: too many values to unpack (expected 2)
2025-06-12 09:54:48,385 - ERROR - ❌ Erreur boucle: too many values to unpack (expected 2)
2025-06-12 09:54:48,417 - ERROR - ❌ Erreur boucle: too many values to unpack (expected 2)
2025-06-12 09:54:48,454 - ERROR - ❌ Erreur boucle: too many values to unpack (expected 2)
2025-06-12 09:54:48,489 - ERROR - ❌ Erreur boucle: too many values to unpack (expected 2)
2025-06-12 09:54:48,531 - ERROR - ❌ Erreur boucle: too many values to unpack (expected 2)
2025-06-12 09:54:48,569 - ERROR - ❌ Erreur boucle: too many values to unpack (expected 2)
2025-06-12 09:54:48,620 - ERROR - ❌ Erreur boucle: too many values to unpack (expected 2)
2025-06-12 09:54:48,666 - ERROR - ❌ Erreur boucle: too many values to unpack (expected 2)
2025-06-12 09:54:48,694 - ERROR - ❌ Erreur boucle: too many values to unpack (expected 2)
2025-06-12 09:54:48,738 - ERROR - ❌ Erreur boucle: too many values to unpack (expected 2)
2025-06-12 09:54:48,776 - ERROR - ❌ Erreur boucle: too many values to unpack (expected 2)
2025-06-12 09:54:48,820 - ERROR - ❌ Erreur boucle: too many values to unpack (expected 2)
2025-06-12 09:54:48,859 - ERROR - ❌ Erreur boucle: too many values to unpack (expected 2)
2025-06-12 09:54:48,887 - ERROR - ❌ Erreur boucle: too many values to unpack (expected 2)
2025-06-12 09:54:48,917 - ERROR - ❌ Erreur boucle: too many values to unpack (expected 2)
2025-06-12 09:54:48,946 - ERROR - ❌ Erreur boucle: too many values to unpack (expected 2)
2025-06-12 09:54:48,987 - ERROR - ❌ Erreur boucle: too many values to unpack (expected 2)
2025-06-12 09:54:49,029 - ERROR - ❌ Erreur boucle: too many values to unpack (expected 2)
2025-06-12 09:54:49,079 - ERROR - ❌ Erreur boucle: too many values to unpack (expected 2)
2025-06-12 09:54:49,132 - ERROR - ❌ Erreur boucle: too many values to unpack (expected 2)
2025-06-12 09:54:49,174 - ERROR - ❌ Erreur boucle: too many values to unpack (expected 2)
2025-06-12 09:54:49,203 - ERROR - ❌ Erreur boucle: too many values to unpack (expected 2)
2025-06-12 09:54:49,230 - ERROR - ❌ Erreur boucle: too many values to unpack (expected 2)
2025-06-12 09:54:49,255 - ERROR - ❌ Erreur boucle: too many values to unpack (expected 2)
2025-06-12 09:54:49,284 - ERROR - ❌ Erreur boucle: too many values to unpack (expected 2)
2025-06-12 09:54:49,308 - ERROR - ❌ Erreur boucle: too many values to unpack (expected 2)
2025-06-12 09:54:49,337 - ERROR - ❌ Erreur boucle: too many values to unpack (expected 2)
2025-06-12 09:54:49,375 - ERROR - ❌ Erreur boucle: too many values to unpack (expected 2)
2025-06-12 09:54:49,420 - ERROR - ❌ Erreur boucle: too many values to unpack (expected 2)
2025-06-12 09:54:49,449 - ERROR - ❌ Erreur boucle: too many values to unpack (expected 2)
2025-06-12 09:54:49,480 - ERROR - ❌ Erreur boucle: too many values to unpack (expected 2)
2025-06-12 09:54:49,500 - ERROR - ❌ Erreur boucle: too many values to unpack (expected 2)
2025-06-12 09:54:49,529 - ERROR - ❌ Erreur boucle: too many values to unpack (expected 2)
2025-06-12 09:54:49,556 - ERROR - ❌ Erreur boucle: too many values to unpack (expected 2)
2025-06-12 09:54:49,586 - ERROR - ❌ Erreur boucle: too many values to unpack (expected 2)
2025-06-12 09:54:49,604 - ERROR - ❌ Erreur boucle: too many values to unpack (expected 2)
2025-06-12 09:54:49,625 - ERROR - ❌ Erreur boucle: too many values to unpack (expected 2)
2025-06-12 09:54:49,653 - ERROR - ❌ Erreur boucle: too many values to unpack (expected 2)
2025-06-12 09:54:49,673 - ERROR - ❌ Erreur boucle: too many values to unpack (expected 2)
2025-06-12 09:54:49,691 - ERROR - ❌ Erreur boucle: too many values to unpack (expected 2)
2025-06-12 09:54:49,712 - ERROR - ❌ Erreur boucle: too many values to unpack (expected 2)
2025-06-12 09:54:49,740 - ERROR - ❌ Erreur boucle: too many values to unpack (expected 2)
2025-06-12 09:54:49,774 - ERROR - ❌ Erreur boucle: too many values to unpack (expected 2)
2025-06-12 09:54:49,796 - ERROR - ❌ Erreur boucle: too many values to unpack (expected 2)
2025-06-12 09:54:49,816 - ERROR - ❌ Erreur boucle: too many values to unpack (expected 2)
2025-06-12 09:54:49,839 - ERROR - ❌ Erreur boucle: too many values to unpack (expected 2)
2025-06-12 09:54:49,866 - ERROR - ❌ Erreur boucle: too many values to unpack (expected 2)
2025-06-12 09:54:49,899 - ERROR - ❌ Erreur boucle: too many values to unpack (expected 2)
2025-06-12 09:54:49,935 - ERROR - ❌ Erreur boucle: too many values to unpack (expected 2)
2025-06-12 09:54:49,965 - ERROR - ❌ Erreur boucle: too many values to unpack (expected 2)
2025-06-12 09:54:49,999 - ERROR - ❌ Erreur boucle: too many values to unpack (expected 2)
2025-06-12 09:54:50,035 - ERROR - ❌ Erreur boucle: too many values to unpack (expected 2)
2025-06-12 09:54:50,070 - ERROR - ❌ Erreur boucle: too many values to unpack (expected 2)
2025-06-12 09:54:50,093 - ERROR - ❌ Erreur boucle: too many values to unpack (expected 2)
2025-06-12 09:54:50,121 - ERROR - ❌ Erreur boucle: too many values to unpack (expected 2)
2025-06-12 09:54:50,153 - ERROR - ❌ Erreur boucle: too many values to unpack (expected 2)
2025-06-12 09:54:50,184 - ERROR - ❌ Erreur boucle: too many values to unpack (expected 2)
2025-06-12 09:54:50,219 - ERROR - ❌ Erreur boucle: too many values to unpack (expected 2)
2025-06-12 09:54:50,259 - ERROR - ❌ Erreur boucle: too many values to unpack (expected 2)
2025-06-12 09:54:50,296 - ERROR - ❌ Erreur boucle: too many values to unpack (expected 2)
2025-06-12 09:54:50,316 - ERROR - ❌ Erreur boucle: too many values to unpack (expected 2)
2025-06-12 09:54:50,341 - ERROR - ❌ Erreur boucle: too many values to unpack (expected 2)
2025-06-12 09:54:50,376 - ERROR - ❌ Erreur boucle: too many values to unpack (expected 2)
2025-06-12 09:54:50,410 - ERROR - ❌ Erreur boucle: too many values to unpack (expected 2)
2025-06-12 09:54:50,448 - ERROR - ❌ Erreur boucle: too many values to unpack (expected 2)
2025-06-12 09:54:50,485 - ERROR - ❌ Erreur boucle: too many values to unpack (expected 2)
2025-06-12 09:54:50,519 - ERROR - ❌ Erreur boucle: too many values to unpack (expected 2)
2025-06-12 09:54:50,540 - ERROR - ❌ Erreur boucle: too many values to unpack (expected 2)
2025-06-12 09:54:50,568 - ERROR - ❌ Erreur boucle: too many values to unpack (expected 2)
2025-06-12 09:54:50,599 - ERROR - ❌ Erreur boucle: too many values to unpack (expected 2)
2025-06-12 09:54:50,626 - ERROR - ❌ Erreur boucle: too many values to unpack (expected 2)
2025-06-12 09:54:50,655 - ERROR - ❌ Erreur boucle: too many values to unpack (expected 2)
2025-06-12 09:54:50,682 - ERROR - ❌ Erreur boucle: too many values to unpack (expected 2)
2025-06-12 09:54:50,710 - ERROR - ❌ Erreur boucle: too many values to unpack (expected 2)
2025-06-12 09:54:50,737 - ERROR - ❌ Erreur boucle: too many values to unpack (expected 2)
2025-06-12 09:54:50,776 - ERROR - ❌ Erreur boucle: too many values to unpack (expected 2)
2025-06-12 09:54:50,809 - ERROR - ❌ Erreur boucle: too many values to unpack (expected 2)
2025-06-12 09:54:50,848 - ERROR - ❌ Erreur boucle: too many values to unpack (expected 2)
2025-06-12 09:54:50,881 - ERROR - ❌ Erreur boucle: too many values to unpack (expected 2)
2025-06-12 09:54:50,914 - ERROR - ❌ Erreur boucle: too many values to unpack (expected 2)
2025-06-12 09:54:50,938 - ERROR - ❌ Erreur boucle: too many values to unpack (expected 2)
2025-06-12 09:54:50,959 - ERROR - ❌ Erreur boucle: too many values to unpack (expected 2)
2025-06-12 09:54:50,980 - ERROR - ❌ Erreur boucle: too many values to unpack (expected 2)
2025-06-12 09:54:51,011 - ERROR - ❌ Erreur boucle: too many values to unpack (expected 2)
2025-06-12 09:54:51,032 - ERROR - ❌ Erreur boucle: too many values to unpack (expected 2)
2025-06-12 09:54:51,059 - ERROR - ❌ Erreur boucle: too many values to unpack (expected 2)
2025-06-12 09:54:51,092 - ERROR - ❌ Erreur boucle: too many values to unpack (expected 2)
2025-06-12 09:54:51,127 - ERROR - ❌ Erreur boucle: too many values to unpack (expected 2)
2025-06-12 09:54:51,164 - ERROR - ❌ Erreur boucle: too many values to unpack (expected 2)
2025-06-12 09:54:51,192 - ERROR - ❌ Erreur boucle: too many values to unpack (expected 2)
2025-06-12 09:54:51,227 - ERROR - ❌ Erreur boucle: too many values to unpack (expected 2)
2025-06-12 09:54:51,261 - ERROR - ❌ Erreur boucle: too many values to unpack (expected 2)
2025-06-12 09:54:51,280 - ERROR - ❌ Erreur boucle: too many values to unpack (expected 2)
2025-06-12 09:54:51,305 - ERROR - ❌ Erreur boucle: too many values to unpack (expected 2)
2025-06-12 09:54:51,330 - ERROR - ❌ Erreur boucle: too many values to unpack (expected 2)
2025-06-12 09:54:51,354 - ERROR - ❌ Erreur boucle: too many values to unpack (expected 2)
2025-06-12 09:54:51,372 - ERROR - ❌ Erreur boucle: too many values to unpack (expected 2)
2025-06-12 09:54:51,399 - ERROR - ❌ Erreur boucle: too many values to unpack (expected 2)
2025-06-12 09:54:51,424 - ERROR - ❌ Erreur boucle: too many values to unpack (expected 2)
2025-06-12 09:54:51,443 - ERROR - ❌ Erreur boucle: too many values to unpack (expected 2)
2025-06-12 09:54:51,476 - ERROR - ❌ Erreur boucle: too many values to unpack (expected 2)
2025-06-12 09:54:51,497 - ERROR - ❌ Erreur boucle: too many values to unpack (expected 2)
2025-06-12 09:54:51,515 - ERROR - ❌ Erreur boucle: too many values to unpack (expected 2)
2025-06-12 09:54:51,535 - ERROR - ❌ Erreur boucle: too many values to unpack (expected 2)
2025-06-12 09:54:51,555 - ERROR - ❌ Erreur boucle: too many values to unpack (expected 2)
2025-06-12 09:54:51,576 - ERROR - ❌ Erreur boucle: too many values to unpack (expected 2)
2025-06-12 09:54:51,603 - ERROR - ❌ Erreur boucle: too many values to unpack (expected 2)
2025-06-12 09:54:51,621 - ERROR - ❌ Erreur boucle: too many values to unpack (expected 2)
2025-06-12 09:54:51,641 - ERROR - ❌ Erreur boucle: too many values to unpack (expected 2)
2025-06-12 09:54:51,660 - ERROR - ❌ Erreur boucle: too many values to unpack (expected 2)
2025-06-12 09:54:51,689 - ERROR - ❌ Erreur boucle: too many values to unpack (expected 2)
2025-06-12 09:54:51,709 - ERROR - ❌ Erreur boucle: too many values to unpack (expected 2)
2025-06-12 09:54:51,736 - ERROR - ❌ Erreur boucle: too many values to unpack (expected 2)
2025-06-12 09:54:51,756 - ERROR - ❌ Erreur boucle: too many values to unpack (expected 2)
2025-06-12 09:54:51,784 - ERROR - ❌ Erreur boucle: too many values to unpack (expected 2)
2025-06-12 09:54:51,814 - ERROR - ❌ Erreur boucle: too many values to unpack (expected 2)
2025-06-12 09:54:51,845 - ERROR - ❌ Erreur boucle: too many values to unpack (expected 2)
2025-06-12 09:54:51,886 - ERROR - ❌ Erreur boucle: too many values to unpack (expected 2)
2025-06-12 09:54:51,907 - ERROR - ❌ Erreur boucle: too many values to unpack (expected 2)
2025-06-12 09:54:51,934 - ERROR - ❌ Erreur boucle: too many values to unpack (expected 2)
2025-06-12 09:54:51,966 - ERROR - ❌ Erreur boucle: too many values to unpack (expected 2)
2025-06-12 09:54:51,998 - ERROR - ❌ Erreur boucle: too many values to unpack (expected 2)
2025-06-12 09:54:52,032 - ERROR - ❌ Erreur boucle: too many values to unpack (expected 2)
2025-06-12 09:54:52,052 - ERROR - ❌ Erreur boucle: too many values to unpack (expected 2)
2025-06-12 09:54:52,073 - ERROR - ❌ Erreur boucle: too many values to unpack (expected 2)
2025-06-12 09:54:52,095 - ERROR - ❌ Erreur boucle: too many values to unpack (expected 2)
2025-06-12 09:54:52,118 - ERROR - ❌ Erreur boucle: too many values to unpack (expected 2)
2025-06-12 09:54:52,137 - ERROR - ❌ Erreur boucle: too many values to unpack (expected 2)
2025-06-12 09:54:52,155 - ERROR - ❌ Erreur boucle: too many values to unpack (expected 2)
2025-06-12 09:54:52,175 - ERROR - ❌ Erreur boucle: too many values to unpack (expected 2)
2025-06-12 09:54:52,197 - ERROR - ❌ Erreur boucle: too many values to unpack (expected 2)
2025-06-12 09:54:52,224 - ERROR - ❌ Erreur boucle: too many values to unpack (expected 2)
2025-06-12 09:54:52,252 - ERROR - ❌ Erreur boucle: too many values to unpack (expected 2)
2025-06-12 09:54:52,274 - ERROR - ❌ Erreur boucle: too many values to unpack (expected 2)
2025-06-12 09:54:52,302 - ERROR - ❌ Erreur boucle: too many values to unpack (expected 2)
2025-06-12 09:54:52,329 - ERROR - ❌ Erreur boucle: too many values to unpack (expected 2)
2025-06-12 09:54:52,356 - ERROR - ❌ Erreur boucle: too many values to unpack (expected 2)
2025-06-12 09:54:52,385 - ERROR - ❌ Erreur boucle: too many values to unpack (expected 2)
2025-06-12 09:54:52,405 - ERROR - ❌ Erreur boucle: too many values to unpack (expected 2)
2025-06-12 09:54:52,432 - ERROR - ❌ Erreur boucle: too many values to unpack (expected 2)
2025-06-12 09:54:52,454 - ERROR - ❌ Erreur boucle: too many values to unpack (expected 2)
2025-06-12 09:54:52,475 - ERROR - ❌ Erreur boucle: too many values to unpack (expected 2)
2025-06-12 09:54:52,502 - ERROR - ❌ Erreur boucle: too many values to unpack (expected 2)
2025-06-12 09:54:52,533 - ERROR - ❌ Erreur boucle: too many values to unpack (expected 2)
2025-06-12 09:54:52,558 - ERROR - ❌ Erreur boucle: too many values to unpack (expected 2)
2025-06-12 09:54:52,576 - ERROR - ❌ Erreur boucle: too many values to unpack (expected 2)
2025-06-12 09:54:52,595 - ERROR - ❌ Erreur boucle: too many values to unpack (expected 2)
2025-06-12 09:54:52,615 - ERROR - ❌ Erreur boucle: too many values to unpack (expected 2)
2025-06-12 09:54:52,637 - ERROR - ❌ Erreur boucle: too many values to unpack (expected 2)
2025-06-12 09:54:52,657 - ERROR - ❌ Erreur boucle: too many values to unpack (expected 2)
2025-06-12 09:54:52,677 - ERROR - ❌ Erreur boucle: too many values to unpack (expected 2)
2025-06-12 09:54:52,701 - ERROR - ❌ Erreur boucle: too many values to unpack (expected 2)
2025-06-12 09:54:52,722 - ERROR - ❌ Erreur boucle: too many values to unpack (expected 2)
2025-06-12 09:54:52,753 - ERROR - ❌ Erreur boucle: too many values to unpack (expected 2)
2025-06-12 09:54:52,783 - ERROR - ❌ Erreur boucle: too many values to unpack (expected 2)
2025-06-12 09:54:52,817 - ERROR - ❌ Erreur boucle: too many values to unpack (expected 2)
2025-06-12 09:54:52,851 - ERROR - ❌ Erreur boucle: too many values to unpack (expected 2)
2025-06-12 09:54:52,882 - ERROR - ❌ Erreur boucle: too many values to unpack (expected 2)
2025-06-12 09:54:52,915 - ERROR - ❌ Erreur boucle: too many values to unpack (expected 2)
2025-06-12 09:54:52,942 - ERROR - ❌ Erreur boucle: too many values to unpack (expected 2)
2025-06-12 09:54:52,971 - ERROR - ❌ Erreur boucle: too many values to unpack (expected 2)
2025-06-12 09:54:52,989 - ERROR - ❌ Erreur boucle: too many values to unpack (expected 2)
2025-06-12 09:54:53,016 - ERROR - ❌ Erreur boucle: too many values to unpack (expected 2)
2025-06-12 09:54:53,036 - ERROR - ❌ Erreur boucle: too many values to unpack (expected 2)
2025-06-12 09:54:53,054 - ERROR - ❌ Erreur boucle: too many values to unpack (expected 2)
2025-06-12 09:54:53,073 - ERROR - ❌ Erreur boucle: too many values to unpack (expected 2)
2025-06-12 09:54:53,092 - ERROR - ❌ Erreur boucle: too many values to unpack (expected 2)
2025-06-12 09:54:53,121 - ERROR - ❌ Erreur boucle: too many values to unpack (expected 2)
2025-06-12 09:54:53,148 - ERROR - ❌ Erreur boucle: too many values to unpack (expected 2)
2025-06-12 09:54:53,182 - ERROR - ❌ Erreur boucle: too many values to unpack (expected 2)
2025-06-12 09:54:53,215 - ERROR - ❌ Erreur boucle: too many values to unpack (expected 2)
2025-06-12 09:54:53,259 - ERROR - ❌ Erreur boucle: too many values to unpack (expected 2)
2025-06-12 09:54:53,279 - ERROR - ❌ Erreur boucle: too many values to unpack (expected 2)
2025-06-12 09:54:53,301 - ERROR - ❌ Erreur boucle: too many values to unpack (expected 2)
2025-06-12 09:54:53,322 - ERROR - ❌ Erreur boucle: too many values to unpack (expected 2)
2025-06-12 09:54:53,342 - ERROR - ❌ Erreur boucle: too many values to unpack (expected 2)
2025-06-12 09:54:53,370 - ERROR - ❌ Erreur boucle: too many values to unpack (expected 2)
2025-06-12 09:54:53,389 - ERROR - ❌ Erreur boucle: too many values to unpack (expected 2)
2025-06-12 09:54:53,407 - ERROR - ❌ Erreur boucle: too many values to unpack (expected 2)
2025-06-12 09:54:53,428 - ERROR - ❌ Erreur boucle: too many values to unpack (expected 2)
2025-06-12 09:54:53,450 - ERROR - ❌ Erreur boucle: too many values to unpack (expected 2)
2025-06-12 09:54:53,471 - ERROR - ❌ Erreur boucle: too many values to unpack (expected 2)
2025-06-12 09:54:53,491 - ERROR - ❌ Erreur boucle: too many values to unpack (expected 2)
2025-06-12 09:54:53,510 - ERROR - ❌ Erreur boucle: too many values to unpack (expected 2)
2025-06-12 09:54:53,531 - ERROR - ❌ Erreur boucle: too many values to unpack (expected 2)
2025-06-12 09:54:53,560 - ERROR - ❌ Erreur boucle: too many values to unpack (expected 2)
2025-06-12 09:54:53,582 - ERROR - ❌ Erreur boucle: too many values to unpack (expected 2)
2025-06-12 09:54:53,601 - ERROR - ❌ Erreur boucle: too many values to unpack (expected 2)
2025-06-12 09:54:53,618 - ERROR - ❌ Erreur boucle: too many values to unpack (expected 2)
2025-06-12 09:54:53,648 - ERROR - ❌ Erreur boucle: too many values to unpack (expected 2)
2025-06-12 09:54:53,674 - ERROR - ❌ Erreur boucle: too many values to unpack (expected 2)
2025-06-12 09:54:53,692 - ERROR - ❌ Erreur boucle: too many values to unpack (expected 2)
2025-06-12 09:54:53,720 - ERROR - ❌ Erreur boucle: too many values to unpack (expected 2)
2025-06-12 09:54:53,746 - ERROR - ❌ Erreur boucle: too many values to unpack (expected 2)
2025-06-12 09:54:53,777 - ERROR - ❌ Erreur boucle: too many values to unpack (expected 2)
2025-06-12 09:54:53,801 - ERROR - ❌ Erreur boucle: too many values to unpack (expected 2)
2025-06-12 09:54:53,831 - ERROR - ❌ Erreur boucle: too many values to unpack (expected 2)
2025-06-12 09:54:53,864 - ERROR - ❌ Erreur boucle: too many values to unpack (expected 2)
2025-06-12 09:54:53,886 - ERROR - ❌ Erreur boucle: too many values to unpack (expected 2)
2025-06-12 09:54:53,906 - ERROR - ❌ Erreur boucle: too many values to unpack (expected 2)
2025-06-12 09:54:53,930 - ERROR - ❌ Erreur boucle: too many values to unpack (expected 2)
2025-06-12 09:54:53,954 - ERROR - ❌ Erreur boucle: too many values to unpack (expected 2)
2025-06-12 09:54:53,988 - ERROR - ❌ Erreur boucle: too many values to unpack (expected 2)
2025-06-12 09:54:54,013 - ERROR - ❌ Erreur boucle: too many values to unpack (expected 2)
2025-06-12 09:54:54,053 - ERROR - ❌ Erreur boucle: too many values to unpack (expected 2)
2025-06-12 09:54:54,101 - ERROR - ❌ Erreur boucle: too many values to unpack (expected 2)
2025-06-12 09:54:54,124 - ERROR - ❌ Erreur boucle: too many values to unpack (expected 2)
2025-06-12 09:54:54,145 - ERROR - ❌ Erreur boucle: too many values to unpack (expected 2)
2025-06-12 09:54:54,194 - ERROR - ❌ Erreur boucle: too many values to unpack (expected 2)
2025-06-12 09:54:54,217 - ERROR - ❌ Erreur boucle: too many values to unpack (expected 2)
2025-06-12 09:54:54,253 - ERROR - ❌ Erreur boucle: too many values to unpack (expected 2)
2025-06-12 09:54:54,296 - ERROR - ❌ Erreur boucle: too many values to unpack (expected 2)
2025-06-12 09:54:54,334 - ERROR - ❌ Erreur boucle: too many values to unpack (expected 2)
2025-06-12 09:54:54,363 - ERROR - ❌ Erreur boucle: too many values to unpack (expected 2)
2025-06-12 09:54:54,380 - ERROR - ❌ Erreur boucle: too many values to unpack (expected 2)
2025-06-12 09:54:54,417 - ERROR - ❌ Erreur boucle: too many values to unpack (expected 2)
2025-06-12 09:54:54,448 - ERROR - ❌ Erreur boucle: too many values to unpack (expected 2)
2025-06-12 09:54:54,468 - ERROR - ❌ Erreur boucle: too many values to unpack (expected 2)
2025-06-12 09:54:54,534 - ERROR - ❌ Erreur boucle: too many values to unpack (expected 2)
2025-06-12 09:54:54,571 - ERROR - ❌ Erreur boucle: too many values to unpack (expected 2)
2025-06-12 09:54:54,604 - ERROR - ❌ Erreur boucle: too many values to unpack (expected 2)
2025-06-12 09:54:54,633 - ERROR - ❌ Erreur boucle: too many values to unpack (expected 2)
2025-06-12 09:54:54,659 - ERROR - ❌ Erreur boucle: too many values to unpack (expected 2)
2025-06-12 09:54:54,684 - ERROR - ❌ Erreur boucle: too many values to unpack (expected 2)
2025-06-12 09:54:54,714 - ERROR - ❌ Erreur boucle: too many values to unpack (expected 2)
2025-06-12 09:54:54,748 - ERROR - ❌ Erreur boucle: too many values to unpack (expected 2)
2025-06-12 09:54:54,773 - ERROR - ❌ Erreur boucle: too many values to unpack (expected 2)
2025-06-12 09:54:54,811 - ERROR - ❌ Erreur boucle: too many values to unpack (expected 2)
2025-06-12 09:54:54,861 - ERROR - ❌ Erreur boucle: too many values to unpack (expected 2)
2025-06-12 09:54:54,880 - ERROR - ❌ Erreur boucle: too many values to unpack (expected 2)
2025-06-12 09:54:54,904 - ERROR - ❌ Erreur boucle: too many values to unpack (expected 2)
2025-06-12 09:54:54,961 - ERROR - ❌ Erreur boucle: too many values to unpack (expected 2)
2025-06-12 09:54:54,994 - ERROR - ❌ Erreur boucle: too many values to unpack (expected 2)
2025-06-12 09:54:55,029 - ERROR - ❌ Erreur boucle: too many values to unpack (expected 2)
2025-06-12 09:54:55,060 - ERROR - ❌ Erreur boucle: too many values to unpack (expected 2)
2025-06-12 09:54:55,092 - ERROR - ❌ Erreur boucle: too many values to unpack (expected 2)
2025-06-12 09:54:55,113 - ERROR - ❌ Erreur boucle: too many values to unpack (expected 2)
2025-06-12 09:54:55,157 - ERROR - ❌ Erreur boucle: too many values to unpack (expected 2)
2025-06-12 09:54:55,186 - ERROR - ❌ Erreur boucle: too many values to unpack (expected 2)
2025-06-12 09:54:55,211 - ERROR - ❌ Erreur boucle: too many values to unpack (expected 2)
2025-06-12 09:54:55,279 - ERROR - ❌ Erreur boucle: too many values to unpack (expected 2)
2025-06-12 09:54:55,303 - ERROR - ❌ Erreur boucle: too many values to unpack (expected 2)
2025-06-12 09:54:55,325 - ERROR - ❌ Erreur boucle: too many values to unpack (expected 2)
2025-06-12 09:54:55,348 - ERROR - ❌ Erreur boucle: too many values to unpack (expected 2)
2025-06-12 09:54:55,385 - ERROR - ❌ Erreur boucle: too many values to unpack (expected 2)
2025-06-12 09:54:55,429 - ERROR - ❌ Erreur boucle: too many values to unpack (expected 2)
2025-06-12 09:54:55,462 - ERROR - ❌ Erreur boucle: too many values to unpack (expected 2)
2025-06-12 09:54:55,497 - ERROR - ❌ Erreur boucle: too many values to unpack (expected 2)
2025-06-12 09:54:55,518 - ERROR - ❌ Erreur boucle: too many values to unpack (expected 2)
2025-06-12 09:54:55,539 - ERROR - ❌ Erreur boucle: too many values to unpack (expected 2)
2025-06-12 09:54:55,582 - ERROR - ❌ Erreur boucle: too many values to unpack (expected 2)
2025-06-12 09:54:55,626 - ERROR - ❌ Erreur boucle: too many values to unpack (expected 2)
2025-06-12 09:54:55,658 - ERROR - ❌ Erreur boucle: too many values to unpack (expected 2)
2025-06-12 09:54:55,693 - ERROR - ❌ Erreur boucle: too many values to unpack (expected 2)
2025-06-12 09:54:55,714 - ERROR - ❌ Erreur boucle: too many values to unpack (expected 2)
2025-06-12 09:54:55,744 - ERROR - ❌ Erreur boucle: too many values to unpack (expected 2)
2025-06-12 09:54:55,787 - ERROR - ❌ Erreur boucle: too many values to unpack (expected 2)
2025-06-12 09:54:55,822 - ERROR - ❌ Erreur boucle: too many values to unpack (expected 2)
2025-06-12 09:54:55,840 - ERROR - ❌ Erreur boucle: too many values to unpack (expected 2)
2025-06-12 09:54:55,872 - ERROR - ❌ Erreur boucle: too many values to unpack (expected 2)
2025-06-12 09:54:55,929 - ERROR - ❌ Erreur boucle: too many values to unpack (expected 2)
2025-06-12 09:54:55,967 - ERROR - ❌ Erreur boucle: too many values to unpack (expected 2)
2025-06-12 09:54:56,003 - ERROR - ❌ Erreur boucle: too many values to unpack (expected 2)
2025-06-12 09:54:56,023 - ERROR - ❌ Erreur boucle: too many values to unpack (expected 2)
2025-06-12 09:54:56,044 - ERROR - ❌ Erreur boucle: too many values to unpack (expected 2)
2025-06-12 09:54:56,082 - ERROR - ❌ Erreur boucle: too many values to unpack (expected 2)
2025-06-12 09:54:56,132 - ERROR - ❌ Erreur boucle: too many values to unpack (expected 2)
2025-06-12 09:54:56,165 - ERROR - ❌ Erreur boucle: too many values to unpack (expected 2)
2025-06-12 09:54:56,199 - ERROR - ❌ Erreur boucle: too many values to unpack (expected 2)
2025-06-12 09:54:56,222 - ERROR - ❌ Erreur boucle: too many values to unpack (expected 2)
2025-06-12 09:54:56,245 - ERROR - ❌ Erreur boucle: too many values to unpack (expected 2)
2025-06-12 09:54:56,279 - ERROR - ❌ Erreur boucle: too many values to unpack (expected 2)
2025-06-12 09:54:56,314 - ERROR - ❌ Erreur boucle: too many values to unpack (expected 2)
2025-06-12 09:54:56,347 - ERROR - ❌ Erreur boucle: too many values to unpack (expected 2)
2025-06-12 09:54:56,390 - ERROR - ❌ Erreur boucle: too many values to unpack (expected 2)
2025-06-12 09:54:56,412 - ERROR - ❌ Erreur boucle: too many values to unpack (expected 2)
2025-06-12 09:54:56,461 - ERROR - ❌ Erreur boucle: too many values to unpack (expected 2)
2025-06-12 09:54:56,495 - ERROR - ❌ Erreur boucle: too many values to unpack (expected 2)
2025-06-12 09:54:56,526 - ERROR - ❌ Erreur boucle: too many values to unpack (expected 2)
2025-06-12 09:54:56,553 - ERROR - ❌ Erreur boucle: too many values to unpack (expected 2)
2025-06-12 09:54:56,586 - ERROR - ❌ Erreur boucle: too many values to unpack (expected 2)
2025-06-12 09:54:56,606 - ERROR - ❌ Erreur boucle: too many values to unpack (expected 2)
2025-06-12 09:54:56,659 - ERROR - ❌ Erreur boucle: too many values to unpack (expected 2)
2025-06-12 09:54:56,689 - ERROR - ❌ Erreur boucle: too many values to unpack (expected 2)
2025-06-12 09:54:56,714 - ERROR - ❌ Erreur boucle: too many values to unpack (expected 2)
2025-06-12 09:54:56,739 - ERROR - ❌ Erreur boucle: too many values to unpack (expected 2)
2025-06-12 09:54:56,787 - ERROR - ❌ Erreur boucle: too many values to unpack (expected 2)
2025-06-12 09:54:56,807 - ERROR - ❌ Erreur boucle: too many values to unpack (expected 2)
2025-06-12 09:54:56,842 - ERROR - ❌ Erreur boucle: too many values to unpack (expected 2)
2025-06-12 09:54:56,886 - ERROR - ❌ Erreur boucle: too many values to unpack (expected 2)
2025-06-12 09:54:56,915 - ERROR - ❌ Erreur boucle: too many values to unpack (expected 2)
2025-06-12 09:54:56,957 - ERROR - ❌ Erreur boucle: too many values to unpack (expected 2)
2025-06-12 09:54:56,980 - ERROR - ❌ Erreur boucle: too many values to unpack (expected 2)
2025-06-12 09:54:57,028 - ERROR - ❌ Erreur boucle: too many values to unpack (expected 2)
2025-06-12 09:54:57,062 - ERROR - ❌ Erreur boucle: too many values to unpack (expected 2)
2025-06-12 09:54:57,080 - ERROR - ❌ Erreur boucle: too many values to unpack (expected 2)
2025-06-12 09:54:57,125 - ERROR - ❌ Erreur boucle: too many values to unpack (expected 2)
2025-06-12 09:54:57,153 - ERROR - ❌ Erreur boucle: too many values to unpack (expected 2)
2025-06-12 09:54:57,183 - ERROR - ❌ Erreur boucle: too many values to unpack (expected 2)
2025-06-12 09:54:57,233 - ERROR - ❌ Erreur boucle: too many values to unpack (expected 2)
2025-06-12 09:54:57,265 - ERROR - ❌ Erreur boucle: too many values to unpack (expected 2)
2025-06-12 09:54:57,284 - ERROR - ❌ Erreur boucle: too many values to unpack (expected 2)
2025-06-12 09:54:57,318 - ERROR - ❌ Erreur boucle: too many values to unpack (expected 2)
2025-06-12 09:54:57,349 - ERROR - ❌ Erreur boucle: too many values to unpack (expected 2)
2025-06-12 09:54:57,372 - ERROR - ❌ Erreur boucle: too many values to unpack (expected 2)
2025-06-12 09:54:57,428 - ERROR - ❌ Erreur boucle: too many values to unpack (expected 2)
2025-06-12 09:54:57,458 - ERROR - ❌ Erreur boucle: too many values to unpack (expected 2)
2025-06-12 09:54:57,479 - ERROR - ❌ Erreur boucle: too many values to unpack (expected 2)
2025-06-12 09:54:57,519 - ERROR - ❌ Erreur boucle: too many values to unpack (expected 2)
2025-06-12 09:54:57,551 - ERROR - ❌ Erreur boucle: too many values to unpack (expected 2)
2025-06-12 09:54:57,580 - ERROR - ❌ Erreur boucle: too many values to unpack (expected 2)
2025-06-12 09:54:57,606 - ERROR - ❌ Erreur boucle: too many values to unpack (expected 2)
2025-06-12 09:54:57,650 - ERROR - ❌ Erreur boucle: too many values to unpack (expected 2)
2025-06-12 09:54:57,706 - ERROR - ❌ Erreur boucle: too many values to unpack (expected 2)
2025-06-12 09:54:57,737 - ERROR - ❌ Erreur boucle: too many values to unpack (expected 2)
2025-06-12 09:54:57,756 - ERROR - ❌ Erreur boucle: too many values to unpack (expected 2)
2025-06-12 09:54:57,780 - ERROR - ❌ Erreur boucle: too many values to unpack (expected 2)
2025-06-12 09:54:57,816 - ERROR - ❌ Erreur boucle: too many values to unpack (expected 2)
2025-06-12 09:54:57,862 - ERROR - ❌ Erreur boucle: too many values to unpack (expected 2)
2025-06-12 09:54:57,882 - ERROR - ❌ Erreur boucle: too many values to unpack (expected 2)
2025-06-12 09:54:57,919 - ERROR - ❌ Erreur boucle: too many values to unpack (expected 2)
2025-06-12 09:54:57,963 - ERROR - ❌ Erreur boucle: too many values to unpack (expected 2)
2025-06-12 09:54:57,985 - ERROR - ❌ Erreur boucle: too many values to unpack (expected 2)
2025-06-12 09:54:58,027 - ERROR - ❌ Erreur boucle: too many values to unpack (expected 2)
2025-06-12 09:54:58,061 - ERROR - ❌ Erreur boucle: too many values to unpack (expected 2)
2025-06-12 09:54:58,094 - ERROR - ❌ Erreur boucle: too many values to unpack (expected 2)
2025-06-12 09:54:58,127 - ERROR - ❌ Erreur boucle: too many values to unpack (expected 2)
2025-06-12 09:54:58,147 - ERROR - ❌ Erreur boucle: too many values to unpack (expected 2)
2025-06-12 09:54:58,192 - ERROR - ❌ Erreur boucle: too many values to unpack (expected 2)
2025-06-12 09:54:58,221 - ERROR - ❌ Erreur boucle: too many values to unpack (expected 2)
2025-06-12 09:54:58,248 - ERROR - ❌ Erreur boucle: too many values to unpack (expected 2)
2025-06-12 09:54:58,292 - ERROR - ❌ Erreur boucle: too many values to unpack (expected 2)
2025-06-12 09:54:58,310 - ERROR - ❌ Erreur boucle: too many values to unpack (expected 2)
2025-06-12 09:54:58,365 - ERROR - ❌ Erreur boucle: too many values to unpack (expected 2)
2025-06-12 09:54:58,387 - ERROR - ❌ Erreur boucle: too many values to unpack (expected 2)
2025-06-12 09:54:58,418 - ERROR - ❌ Erreur boucle: too many values to unpack (expected 2)
2025-06-12 09:54:58,451 - ERROR - ❌ Erreur boucle: too many values to unpack (expected 2)
2025-06-12 09:54:58,499 - ERROR - ❌ Erreur boucle: too many values to unpack (expected 2)
2025-06-12 09:54:58,521 - ERROR - ❌ Erreur boucle: too many values to unpack (expected 2)
2025-06-12 09:54:58,558 - ERROR - ❌ Erreur boucle: too many values to unpack (expected 2)
2025-06-12 09:54:58,582 - ERROR - ❌ Erreur boucle: too many values to unpack (expected 2)
2025-06-12 09:54:58,610 - ERROR - ❌ Erreur boucle: too many values to unpack (expected 2)
2025-06-12 09:54:58,650 - ERROR - ❌ Erreur boucle: too many values to unpack (expected 2)
2025-06-12 09:54:58,681 - ERROR - ❌ Erreur boucle: too many values to unpack (expected 2)
2025-06-12 09:54:58,718 - ERROR - ❌ Erreur boucle: too many values to unpack (expected 2)
2025-06-12 09:54:58,745 - ERROR - ❌ Erreur boucle: too many values to unpack (expected 2)
2025-06-12 09:54:58,782 - ERROR - ❌ Erreur boucle: too many values to unpack (expected 2)
2025-06-12 09:54:58,824 - ERROR - ❌ Erreur boucle: too many values to unpack (expected 2)
2025-06-12 09:54:58,846 - ERROR - ❌ Erreur boucle: too many values to unpack (expected 2)
2025-06-12 09:54:58,880 - ERROR - ❌ Erreur boucle: too many values to unpack (expected 2)
2025-06-12 09:54:58,936 - ERROR - ❌ Erreur boucle: too many values to unpack (expected 2)
2025-06-12 09:54:58,964 - ERROR - ❌ Erreur boucle: too many values to unpack (expected 2)
2025-06-12 09:54:58,999 - ERROR - ❌ Erreur boucle: too many values to unpack (expected 2)
2025-06-12 09:54:59,033 - ERROR - ❌ Erreur boucle: too many values to unpack (expected 2)
2025-06-12 09:54:59,068 - ERROR - ❌ Erreur boucle: too many values to unpack (expected 2)
2025-06-12 09:54:59,089 - ERROR - ❌ Erreur boucle: too many values to unpack (expected 2)
2025-06-12 09:54:59,112 - ERROR - ❌ Erreur boucle: too many values to unpack (expected 2)
2025-06-12 09:54:59,166 - ERROR - ❌ Erreur boucle: too many values to unpack (expected 2)
2025-06-12 09:54:59,190 - ERROR - ❌ Erreur boucle: too many values to unpack (expected 2)
2025-06-12 09:54:59,213 - ERROR - ❌ Erreur boucle: too many values to unpack (expected 2)
2025-06-12 09:54:59,264 - ERROR - ❌ Erreur boucle: too many values to unpack (expected 2)
2025-06-12 09:54:59,285 - ERROR - ❌ Erreur boucle: too many values to unpack (expected 2)
2025-06-12 09:54:59,329 - ERROR - ❌ Erreur boucle: too many values to unpack (expected 2)
2025-06-12 09:54:59,375 - ERROR - ❌ Erreur boucle: too many values to unpack (expected 2)
2025-06-12 09:54:59,394 - ERROR - ❌ Erreur boucle: too many values to unpack (expected 2)
2025-06-12 09:54:59,424 - ERROR - ❌ Erreur boucle: too many values to unpack (expected 2)
2025-06-12 09:54:59,461 - ERROR - ❌ Erreur boucle: too many values to unpack (expected 2)
2025-06-12 09:54:59,488 - ERROR - ❌ Erreur boucle: too many values to unpack (expected 2)
2025-06-12 09:54:59,527 - ERROR - ❌ Erreur boucle: too many values to unpack (expected 2)
2025-06-12 09:54:59,557 - ERROR - ❌ Erreur boucle: too many values to unpack (expected 2)
2025-06-12 09:54:59,586 - ERROR - ❌ Erreur boucle: too many values to unpack (expected 2)
2025-06-12 09:54:59,616 - ERROR - ❌ Erreur boucle: too many values to unpack (expected 2)
2025-06-12 09:54:59,658 - ERROR - ❌ Erreur boucle: too many values to unpack (expected 2)
2025-06-12 09:54:59,692 - ERROR - ❌ Erreur boucle: too many values to unpack (expected 2)
2025-06-12 09:54:59,725 - ERROR - ❌ Erreur boucle: too many values to unpack (expected 2)
2025-06-12 09:54:59,754 - ERROR - ❌ Erreur boucle: too many values to unpack (expected 2)
2025-06-12 09:54:59,800 - ERROR - ❌ Erreur boucle: too many values to unpack (expected 2)
2025-06-12 09:54:59,832 - ERROR - ❌ Erreur boucle: too many values to unpack (expected 2)
2025-06-12 09:54:59,851 - ERROR - ❌ Erreur boucle: too many values to unpack (expected 2)
2025-06-12 09:54:59,886 - ERROR - ❌ Erreur boucle: too many values to unpack (expected 2)
2025-06-12 09:54:59,914 - ERROR - ❌ Erreur boucle: too many values to unpack (expected 2)
2025-06-12 09:54:59,951 - ERROR - ❌ Erreur boucle: too many values to unpack (expected 2)
2025-06-12 09:54:59,974 - ERROR - ❌ Erreur boucle: too many values to unpack (expected 2)
2025-06-12 09:55:00,017 - ERROR - ❌ Erreur boucle: too many values to unpack (expected 2)
2025-06-12 09:55:00,049 - ERROR - ❌ Erreur boucle: too many values to unpack (expected 2)
2025-06-12 09:55:00,082 - ERROR - ❌ Erreur boucle: too many values to unpack (expected 2)
2025-06-12 09:55:00,129 - ERROR - ❌ Erreur boucle: too many values to unpack (expected 2)
2025-06-12 09:55:00,160 - ERROR - ❌ Erreur boucle: too many values to unpack (expected 2)
2025-06-12 09:55:00,181 - ERROR - ❌ Erreur boucle: too many values to unpack (expected 2)
2025-06-12 09:55:00,221 - ERROR - ❌ Erreur boucle: too many values to unpack (expected 2)
2025-06-12 09:55:00,252 - ERROR - ❌ Erreur boucle: too many values to unpack (expected 2)
2025-06-12 09:55:00,275 - ERROR - ❌ Erreur boucle: too many values to unpack (expected 2)
2025-06-12 09:55:00,336 - ERROR - ❌ Erreur boucle: too many values to unpack (expected 2)
2025-06-12 09:55:00,379 - ERROR - ❌ Erreur boucle: too many values to unpack (expected 2)
2025-06-12 09:55:00,416 - ERROR - ❌ Erreur boucle: too many values to unpack (expected 2)
2025-06-12 09:55:00,471 - ERROR - ❌ Erreur boucle: too many values to unpack (expected 2)
2025-06-12 09:55:00,511 - ERROR - ❌ Erreur boucle: too many values to unpack (expected 2)
2025-06-12 09:55:00,546 - ERROR - ❌ Erreur boucle: too many values to unpack (expected 2)
2025-06-12 09:55:00,577 - ERROR - ❌ Erreur boucle: too many values to unpack (expected 2)
2025-06-12 09:55:00,613 - ERROR - ❌ Erreur boucle: too many values to unpack (expected 2)
2025-06-12 09:55:00,657 - ERROR - ❌ Erreur boucle: too many values to unpack (expected 2)
2025-06-12 09:55:00,698 - ERROR - ❌ Erreur boucle: too many values to unpack (expected 2)
2025-06-12 09:55:00,728 - ERROR - ❌ Erreur boucle: too many values to unpack (expected 2)
2025-06-12 09:55:00,950 - ERROR - ❌ Erreur boucle: too many values to unpack (expected 2)
2025-06-12 09:55:00,992 - ERROR - ❌ Erreur boucle: too many values to unpack (expected 2)
2025-06-12 09:55:01,034 - ERROR - ❌ Erreur boucle: too many values to unpack (expected 2)
2025-06-12 09:55:01,071 - ERROR - ❌ Erreur boucle: too many values to unpack (expected 2)
2025-06-12 09:55:01,102 - ERROR - ❌ Erreur boucle: too many values to unpack (expected 2)
2025-06-12 09:55:01,142 - ERROR - ❌ Erreur boucle: too many values to unpack (expected 2)
2025-06-12 09:55:01,171 - ERROR - ❌ Erreur boucle: too many values to unpack (expected 2)
2025-06-12 09:55:01,201 - ERROR - ❌ Erreur boucle: too many values to unpack (expected 2)
2025-06-12 09:55:01,230 - ERROR - ❌ Erreur boucle: too many values to unpack (expected 2)
2025-06-12 09:55:01,266 - ERROR - ❌ Erreur boucle: too many values to unpack (expected 2)
2025-06-12 09:55:01,295 - ERROR - ❌ Erreur boucle: too many values to unpack (expected 2)
2025-06-12 09:55:01,331 - ERROR - ❌ Erreur boucle: too many values to unpack (expected 2)
2025-06-12 09:55:01,370 - ERROR - ❌ Erreur boucle: too many values to unpack (expected 2)
2025-06-12 09:55:01,410 - ERROR - ❌ Erreur boucle: too many values to unpack (expected 2)
2025-06-12 09:55:01,459 - ERROR - ❌ Erreur boucle: too many values to unpack (expected 2)
2025-06-12 09:55:01,514 - ERROR - ❌ Erreur boucle: too many values to unpack (expected 2)
2025-06-12 09:55:01,570 - ERROR - ❌ Erreur boucle: too many values to unpack (expected 2)
2025-06-12 09:55:01,620 - ERROR - ❌ Erreur boucle: too many values to unpack (expected 2)
2025-06-12 09:55:01,667 - ERROR - ❌ Erreur boucle: too many values to unpack (expected 2)
2025-06-12 09:55:01,718 - ERROR - ❌ Erreur boucle: too many values to unpack (expected 2)
2025-06-12 09:55:01,770 - ERROR - ❌ Erreur boucle: too many values to unpack (expected 2)
2025-06-12 09:55:01,822 - ERROR - ❌ Erreur boucle: too many values to unpack (expected 2)
2025-06-12 09:55:01,874 - ERROR - ❌ Erreur boucle: too many values to unpack (expected 2)
2025-06-12 09:55:01,921 - ERROR - ❌ Erreur boucle: too many values to unpack (expected 2)
2025-06-12 09:55:01,975 - ERROR - ❌ Erreur boucle: too many values to unpack (expected 2)
2025-06-12 09:55:02,031 - ERROR - ❌ Erreur boucle: too many values to unpack (expected 2)
2025-06-12 09:55:02,086 - ERROR - ❌ Erreur boucle: too many values to unpack (expected 2)
2025-06-12 09:55:02,126 - ERROR - ❌ Erreur boucle: too many values to unpack (expected 2)
2025-06-12 09:55:02,156 - ERROR - ❌ Erreur boucle: too many values to unpack (expected 2)
2025-06-12 09:55:02,186 - ERROR - ❌ Erreur boucle: too many values to unpack (expected 2)
2025-06-12 09:55:02,219 - ERROR - ❌ Erreur boucle: too many values to unpack (expected 2)
2025-06-12 09:55:02,253 - ERROR - ❌ Erreur boucle: too many values to unpack (expected 2)
2025-06-12 09:55:02,292 - ERROR - ❌ Erreur boucle: too many values to unpack (expected 2)
2025-06-12 09:55:02,340 - ERROR - ❌ Erreur boucle: too many values to unpack (expected 2)
2025-06-12 09:55:02,395 - ERROR - ❌ Erreur boucle: too many values to unpack (expected 2)
2025-06-12 09:55:02,432 - ERROR - ❌ Erreur boucle: too many values to unpack (expected 2)
2025-06-12 09:55:02,454 - ERROR - ❌ Erreur boucle: too many values to unpack (expected 2)
2025-06-12 09:55:02,476 - ERROR - ❌ Erreur boucle: too many values to unpack (expected 2)
2025-06-12 09:55:02,513 - ERROR - ❌ Erreur boucle: too many values to unpack (expected 2)
2025-06-12 09:55:02,550 - ERROR - ❌ Erreur boucle: too many values to unpack (expected 2)
2025-06-12 09:55:02,592 - ERROR - ❌ Erreur boucle: too many values to unpack (expected 2)
2025-06-12 09:55:02,652 - ERROR - ❌ Erreur boucle: too many values to unpack (expected 2)
2025-06-12 09:55:02,706 - ERROR - ❌ Erreur boucle: too many values to unpack (expected 2)
2025-06-12 09:55:02,759 - ERROR - ❌ Erreur boucle: too many values to unpack (expected 2)
2025-06-12 09:55:02,820 - ERROR - ❌ Erreur boucle: too many values to unpack (expected 2)
2025-06-12 09:55:02,871 - ERROR - ❌ Erreur boucle: too many values to unpack (expected 2)
2025-06-12 09:55:02,924 - ERROR - ❌ Erreur boucle: too many values to unpack (expected 2)
2025-06-12 09:55:02,963 - ERROR - ❌ Erreur boucle: too many values to unpack (expected 2)
2025-06-12 09:55:03,020 - ERROR - ❌ Erreur boucle: too many values to unpack (expected 2)
2025-06-12 09:55:03,063 - ERROR - ❌ Erreur boucle: too many values to unpack (expected 2)
2025-06-12 09:55:03,099 - ERROR - ❌ Erreur boucle: too many values to unpack (expected 2)
2025-06-12 09:55:03,130 - ERROR - ❌ Erreur boucle: too many values to unpack (expected 2)
2025-06-12 09:55:03,174 - ERROR - ❌ Erreur boucle: too many values to unpack (expected 2)
2025-06-12 09:55:03,229 - ERROR - ❌ Erreur boucle: too many values to unpack (expected 2)
2025-06-12 09:55:03,282 - ERROR - ❌ Erreur boucle: too many values to unpack (expected 2)
2025-06-12 09:55:03,309 - ERROR - ❌ Erreur boucle: too many values to unpack (expected 2)
2025-06-12 09:55:03,344 - ERROR - ❌ Erreur boucle: too many values to unpack (expected 2)
2025-06-12 09:55:03,373 - ERROR - ❌ Erreur boucle: too many values to unpack (expected 2)
2025-06-12 09:55:03,405 - ERROR - ❌ Erreur boucle: too many values to unpack (expected 2)
2025-06-12 09:55:03,431 - ERROR - ❌ Erreur boucle: too many values to unpack (expected 2)
2025-06-12 09:55:03,457 - ERROR - ❌ Erreur boucle: too many values to unpack (expected 2)
2025-06-12 09:55:03,495 - ERROR - ❌ Erreur boucle: too many values to unpack (expected 2)
2025-06-12 09:55:03,526 - ERROR - ❌ Erreur boucle: too many values to unpack (expected 2)
2025-06-12 09:55:03,553 - ERROR - ❌ Erreur boucle: too many values to unpack (expected 2)
2025-06-12 09:55:03,593 - ERROR - ❌ Erreur boucle: too many values to unpack (expected 2)
2025-06-12 09:55:03,621 - ERROR - ❌ Erreur boucle: too many values to unpack (expected 2)
2025-06-12 09:55:03,647 - ERROR - ❌ Erreur boucle: too many values to unpack (expected 2)
2025-06-12 09:55:03,681 - ERROR - ❌ Erreur boucle: too many values to unpack (expected 2)
2025-06-12 09:55:03,707 - ERROR - ❌ Erreur boucle: too many values to unpack (expected 2)
2025-06-12 09:55:03,744 - ERROR - ❌ Erreur boucle: too many values to unpack (expected 2)
2025-06-12 09:55:03,788 - ERROR - ❌ Erreur boucle: too many values to unpack (expected 2)
2025-06-12 09:55:03,825 - ERROR - ❌ Erreur boucle: too many values to unpack (expected 2)
2025-06-12 09:55:03,867 - ERROR - ❌ Erreur boucle: too many values to unpack (expected 2)
2025-06-12 09:55:03,900 - ERROR - ❌ Erreur boucle: too many values to unpack (expected 2)
2025-06-12 09:55:03,942 - ERROR - ❌ Erreur boucle: too many values to unpack (expected 2)
2025-06-12 09:55:03,979 - ERROR - ❌ Erreur boucle: too many values to unpack (expected 2)
2025-06-12 09:55:04,012 - ERROR - ❌ Erreur boucle: too many values to unpack (expected 2)
2025-06-12 09:55:04,058 - ERROR - ❌ Erreur boucle: too many values to unpack (expected 2)
2025-06-12 09:55:04,100 - ERROR - ❌ Erreur boucle: too many values to unpack (expected 2)
2025-06-12 09:55:04,143 - ERROR - ❌ Erreur boucle: too many values to unpack (expected 2)
2025-06-12 09:55:04,183 - ERROR - ❌ Erreur boucle: too many values to unpack (expected 2)
2025-06-12 09:55:04,225 - ERROR - ❌ Erreur boucle: too many values to unpack (expected 2)
2025-06-12 09:55:04,256 - ERROR - ❌ Erreur boucle: too many values to unpack (expected 2)
2025-06-12 09:55:04,292 - ERROR - ❌ Erreur boucle: too many values to unpack (expected 2)
2025-06-12 09:55:04,330 - ERROR - ❌ Erreur boucle: too many values to unpack (expected 2)
2025-06-12 09:55:04,359 - ERROR - ❌ Erreur boucle: too many values to unpack (expected 2)
2025-06-12 09:55:04,387 - ERROR - ❌ Erreur boucle: too many values to unpack (expected 2)
2025-06-12 09:55:04,416 - ERROR - ❌ Erreur boucle: too many values to unpack (expected 2)
2025-06-12 09:55:04,457 - ERROR - ❌ Erreur boucle: too many values to unpack (expected 2)
2025-06-12 09:55:04,502 - ERROR - ❌ Erreur boucle: too many values to unpack (expected 2)
2025-06-12 09:55:04,555 - ERROR - ❌ Erreur boucle: too many values to unpack (expected 2)
2025-06-12 09:55:04,596 - ERROR - ❌ Erreur boucle: too many values to unpack (expected 2)
2025-06-12 09:55:04,633 - ERROR - ❌ Erreur boucle: too many values to unpack (expected 2)
2025-06-12 09:55:04,675 - ERROR - ❌ Erreur boucle: too many values to unpack (expected 2)
2025-06-12 09:55:04,711 - ERROR - ❌ Erreur boucle: too many values to unpack (expected 2)
2025-06-12 09:55:04,757 - ERROR - ❌ Erreur boucle: too many values to unpack (expected 2)
2025-06-12 09:55:04,807 - ERROR - ❌ Erreur boucle: too many values to unpack (expected 2)
2025-06-12 09:55:04,826 - ERROR - ❌ Erreur boucle: too many values to unpack (expected 2)
2025-06-12 09:55:04,846 - INFO - ⌨️ Interruption clavier
2025-06-12 09:55:04,847 - INFO - 🧹 Nettoyage...
2025-06-12 09:55:04,847 - INFO - ======================================================================
2025-06-12 09:55:04,848 - INFO - 📊 STATS FINALES MODE PURE:
2025-06-12 09:55:04,848 - INFO -   ⏱️ Durée: 30.3s
2025-06-12 09:55:04,848 - INFO -   🎞️ Frames: 684
2025-06-12 09:55:04,848 - INFO -   ⚡ FPS moyen: 22.6
2025-06-12 09:55:04,849 - INFO -   🎯 Détections: 542 (79.2%)
2025-06-12 09:55:04,849 - INFO -   ⭐ Détections qualité: 0 (0.0%)
2025-06-12 09:55:04,849 - INFO -   📈 Qualité moyenne: 0.00
2025-06-12 09:55:04,849 - INFO -   🔍 Zoom final: 1.0x
2025-06-12 09:55:04,849 - INFO -   📈 Ajustements zoom: 542
2025-06-12 09:55:04,850 - INFO -   💡 Exposition finale: 1.05
2025-06-12 09:55:04,850 - INFO -   📸 Screenshots: 0
2025-06-12 09:55:04,850 - INFO -   🎨 Équilibrage final R/O: 0.00/1.00
2025-06-12 09:55:04,850 - INFO -   📏 Aire moyenne: 1417
2025-06-12 09:55:04,851 - INFO - ======================================================================
2025-06-12 09:55:04,851 - INFO - ✅ Pipeline fermé
2025-06-12 09:55:04,890 - INFO - ✅ Interface fermée
2025-06-12 09:55:05,394 - INFO - ✅ Drone déconnecté
2025-06-12 09:55:05,395 - INFO - 🎉 Session détection pure terminée!
