2025-06-05 10:21:28,715 - INFO - Starting Bebop 2 Callback Intercept Detection System
2025-06-05 10:21:28,736 - INFO - Connecting to Bebop 2...
2025-06-05 10:21:29,760 - INFO - Drone connected successfully
2025-06-05 10:21:29,760 - INFO - Display thread started
2025-06-05 10:21:29,861 - INFO - Monitor thread started
2025-06-05 10:21:29,962 - INFO - All threads started successfully
2025-06-05 10:21:29,962 - INFO - Opening video stream with intercepted callback...
2025-06-05 10:21:34,862 - WARNING - No new frames - callbacks: 0 (+0), last frame 6.1s ago
2025-06-05 10:21:39,888 - WARNING - No new frames - callbacks: 0 (+0), last frame 11.2s ago
2025-06-05 10:21:44,927 - WARNING - No new frames - callbacks: 0 (+0), last frame 16.2s ago
2025-06-05 10:21:46,869 - INFO - Video stream opened successfully
2025-06-05 10:21:46,869 - INFO - Callback intercept detection system is now active
2025-06-05 10:21:46,871 - INFO - Controls: 'q'/ESC=Quit, 'r'=Reset stats, 's'=Screenshot, 'c'=Show stats
2025-06-05 10:21:48,018 - INFO - Display FPS: 1.6
2025-06-05 10:21:49,279 - INFO - Display FPS: 23.8
2025-06-05 10:21:49,928 - INFO - MONITOR - Frames: 1 (+1), FPS: 0.2, Det: 0.0%, Err: 0, Callbacks: 133 (+133, 26.6/s), Update rate: 0.8%
2025-06-05 10:21:50,527 - INFO - Display FPS: 24.0
2025-06-05 10:21:51,794 - INFO - Display FPS: 23.7
2025-06-05 10:21:53,059 - INFO - Display FPS: 23.7
2025-06-05 10:21:54,310 - INFO - Display FPS: 24.0
2025-06-05 10:21:54,928 - WARNING - No new frames - callbacks: 325 (+192), last frame 8.1s ago
2025-06-05 10:21:55,569 - INFO - Display FPS: 23.8
2025-06-05 10:21:56,825 - INFO - Display FPS: 23.9
2025-06-05 10:21:58,091 - INFO - Display FPS: 23.7
2025-06-05 10:21:59,356 - INFO - Display FPS: 23.7
2025-06-05 10:21:59,929 - INFO - MONITOR - Frames: 13 (+12), FPS: 2.4, Det: 53.8%, Err: 0, Callbacks: 471 (+146, 29.2/s), Update rate: 2.8%
2025-06-05 10:22:00,627 - INFO - Display FPS: 23.6
2025-06-05 10:22:01,888 - INFO - Display FPS: 23.8
2025-06-05 10:22:03,156 - INFO - Display FPS: 23.6
2025-06-05 10:22:04,415 - INFO - Display FPS: 23.9
2025-06-05 10:22:04,929 - INFO - MONITOR - Frames: 14 (+1), FPS: 0.2, Det: 57.1%, Err: 0, Callbacks: 617 (+146, 29.2/s), Update rate: 2.3%
2025-06-05 10:22:05,672 - INFO - Display FPS: 23.8
2025-06-05 10:22:06,932 - INFO - Display FPS: 23.8
2025-06-05 10:22:08,188 - INFO - Display FPS: 23.9
2025-06-05 10:22:09,446 - INFO - Display FPS: 23.8
2025-06-05 10:22:09,930 - WARNING - No new frames - callbacks: 662 (+45), last frame 6.7s ago
2025-06-05 10:22:10,700 - INFO - Display FPS: 24.0
2025-06-05 10:22:11,959 - INFO - Display FPS: 23.8
2025-06-05 10:22:13,212 - INFO - Display FPS: 24.0
2025-06-05 10:22:14,463 - INFO - Display FPS: 24.0
2025-06-05 10:22:14,930 - WARNING - No new frames - callbacks: 662 (+0), last frame 11.7s ago
2025-06-05 10:22:15,725 - INFO - Display FPS: 23.8
2025-06-05 10:22:16,976 - INFO - Display FPS: 24.0
2025-06-05 10:22:18,237 - INFO - Display FPS: 23.8
2025-06-05 10:22:19,493 - INFO - Display FPS: 23.9
2025-06-05 10:22:19,931 - WARNING - No new frames - callbacks: 662 (+0), last frame 16.7s ago
2025-06-05 10:22:20,744 - INFO - Display FPS: 24.0
2025-06-05 10:22:22,010 - INFO - Display FPS: 23.7
2025-06-05 10:22:23,262 - INFO - Display FPS: 24.0
2025-06-05 10:22:24,519 - INFO - Display FPS: 23.9
2025-06-05 10:22:24,932 - WARNING - No new frames - callbacks: 662 (+0), last frame 21.7s ago
2025-06-05 10:22:25,778 - INFO - Display FPS: 23.8
2025-06-05 10:22:27,040 - INFO - Display FPS: 23.8
2025-06-05 10:22:28,292 - INFO - Display FPS: 24.0
2025-06-05 10:22:29,549 - INFO - Display FPS: 23.9
2025-06-05 10:22:29,933 - WARNING - No new frames - callbacks: 662 (+0), last frame 26.7s ago
2025-06-05 10:22:30,806 - INFO - Display FPS: 23.8
2025-06-05 10:22:32,061 - INFO - Display FPS: 23.9
2025-06-05 10:22:33,319 - INFO - Display FPS: 23.9
2025-06-05 10:22:34,578 - INFO - Display FPS: 23.8
2025-06-05 10:22:34,933 - WARNING - No new frames - callbacks: 662 (+0), last frame 31.7s ago
2025-06-05 10:22:35,837 - INFO - Display FPS: 23.8
2025-06-05 10:22:37,102 - INFO - Display FPS: 23.7
2025-06-05 10:22:38,363 - INFO - Display FPS: 23.8
2025-06-05 10:22:39,613 - INFO - Display FPS: 24.0
2025-06-05 10:22:39,934 - WARNING - No new frames - callbacks: 662 (+0), last frame 36.7s ago
2025-06-05 10:22:40,878 - INFO - Display FPS: 23.7
2025-06-05 10:22:42,151 - INFO - Display FPS: 23.6
2025-06-05 10:22:43,410 - INFO - Display FPS: 23.8
2025-06-05 10:22:44,663 - INFO - Display FPS: 23.9
2025-06-05 10:22:44,934 - WARNING - No new frames - callbacks: 662 (+0), last frame 41.7s ago
2025-06-05 10:22:45,931 - INFO - Display FPS: 23.6
2025-06-05 10:22:47,183 - INFO - Display FPS: 24.0
2025-06-05 10:22:48,438 - INFO - Display FPS: 23.9
2025-06-05 10:22:49,690 - INFO - Display FPS: 24.0
2025-06-05 10:22:49,935 - WARNING - No new frames - callbacks: 662 (+0), last frame 46.7s ago
2025-06-05 10:22:50,946 - INFO - Display FPS: 23.9
2025-06-05 10:22:51,789 - INFO - Signal 2 received - initiating shutdown
2025-06-05 10:22:51,793 - INFO - Display thread terminated
2025-06-05 10:22:51,969 - INFO - Display window was closed
2025-06-05 10:22:51,969 - INFO - Starting cleanup...
2025-06-05 10:22:54,935 - INFO - Monitor thread terminated
2025-06-05 10:23:01,439 - INFO - Video stream closed
2025-06-05 10:23:01,941 - INFO - Drone disconnected
2025-06-05 10:23:01,941 - INFO - Cleanup completed successfully
2025-06-05 10:23:01,954 - INFO - Program exiting with code 0
