2025-06-05 16:19:36,509 - INFO - === BEBOP 2 GESTURE CONTROL SYSTEM ===
2025-06-05 16:19:36,510 - INFO - 🎯 Système de contrôle gestuel optimisé 5-10m
2025-06-05 16:19:36,510 - INFO - 📡 Connexion au drone...
2025-06-05 16:19:37,559 - INFO - ✅ Drone connecté!
2025-06-05 16:19:37,559 - INFO - 📹 Démarrage flux vidéo...
2025-06-05 16:19:41,063 - INFO - Contrôle drone démarré.
2025-06-05 16:19:41,063 - INFO - 🚀 FFmpeg qualité: ffmpeg -protocol_whitelist file,rtp,udp -analyzeduration 3000000 -probesize 3000000 -i C:\Users\Baptiste\anaconda3\Lib\site-packages\pyparrot\utils\bebop.sdp -f rawvideo -pix_fmt bgr24 -
2025-06-05 16:19:41,080 - INFO - ✅ Pipeline qualité initialisé
2025-06-05 16:19:41,119 - INFO - ============================================================
2025-06-05 16:19:41,119 - INFO - 🎮 COMMANDES INTERFACE:
2025-06-05 16:19:41,119 - INFO -   'q' = Quitter
2025-06-05 16:19:41,119 - INFO -   's' = Screenshot + Sauvegarde données IA
2025-06-05 16:19:41,120 - INFO -   'r' = Reset détecteur
2025-06-05 16:19:41,120 - INFO -   'd' = Stats détaillées
2025-06-05 16:19:41,120 - INFO -   'c' = Calibrage distance
2025-06-05 16:19:41,120 - INFO - ============================================================
2025-06-05 16:19:41,120 - INFO - 🎯 CONTRÔLE GESTUEL:
2025-06-05 16:19:41,120 - INFO -   Position optimale: 5-10m du drone
2025-06-05 16:19:41,120 - INFO -   Zone de détection: centre de l'image
2025-06-05 16:19:41,121 - INFO -   Qualité minimale: 60% pour contrôle fiable
2025-06-05 16:19:41,121 - INFO - ============================================================
2025-06-05 16:19:41,121 - INFO - 🎬 Démarrage détection gestuelle...
2025-06-05 16:19:46,155 - INFO - 📊 Stats: Frames=39, Détections=34 (87.2%), Qualité=69.2%, Stabilité=41.0%
2025-06-05 16:19:46,155 - INFO - 🎯 Geste: Centre=(454, 246), Aire=413, Distance≈6.0m
2025-06-05 16:19:51,188 - INFO - 📊 Stats: Frames=120, Détections=106 (88.3%), Qualité=68.3%, Stabilité=4.2%
2025-06-05 16:19:51,189 - INFO - 🎯 Geste: Centre=(254, 112), Aire=385, Distance≈6.2m
2025-06-05 16:19:56,234 - INFO - 📊 Stats: Frames=202, Détections=141 (69.8%), Qualité=63.3%, Stabilité=1.0%
2025-06-05 16:19:56,234 - INFO - 🎯 Geste: Centre=(463, 62), Aire=293, Distance≈7.2m
2025-06-05 16:20:01,258 - INFO - 📊 Stats: Frames=286, Détections=174 (60.8%), Qualité=68.3%, Stabilité=0.0%
2025-06-05 16:20:06,315 - INFO - 📊 Stats: Frames=372, Détections=174 (46.8%), Qualité=71.6%, Stabilité=0.0%
2025-06-05 16:20:11,340 - INFO - 📊 Stats: Frames=454, Détections=198 (43.6%), Qualité=63.5%, Stabilité=0.0%
2025-06-05 16:20:16,365 - INFO - 📊 Stats: Frames=539, Détections=239 (44.3%), Qualité=95.1%, Stabilité=3.0%
2025-06-05 16:20:16,365 - INFO - 🎯 Geste: Centre=(291, 171), Aire=1939, Distance≈2.8m
2025-06-05 16:20:21,371 - INFO - 📊 Stats: Frames=625, Détections=325 (52.0%), Qualité=95.1%, Stabilité=16.3%
2025-06-05 16:20:21,371 - INFO - 🎯 Geste: Centre=(291, 171), Aire=1939, Distance≈2.8m
2025-06-05 16:20:26,400 - INFO - 📊 Stats: Frames=711, Détections=411 (57.8%), Qualité=95.1%, Stabilité=26.4%
2025-06-05 16:20:26,400 - INFO - 🎯 Geste: Centre=(291, 171), Aire=1939, Distance≈2.8m
2025-06-05 16:20:31,439 - INFO - 📊 Stats: Frames=796, Détections=494 (62.1%), Qualité=87.5%, Stabilité=0.6%
2025-06-05 16:20:31,439 - INFO - 🎯 Geste: Centre=(217, 123), Aire=1671, Distance≈3.0m
2025-06-05 16:20:32,913 - INFO - ⌨️ Interruption clavier
2025-06-05 16:20:32,913 - INFO - 🧹 Nettoyage système...
2025-06-05 16:20:32,913 - INFO - ============================================================
2025-06-05 16:20:32,913 - INFO - 📊 RAPPORT FINAL CONTRÔLE GESTUEL:
2025-06-05 16:20:32,913 - INFO -   ⏱️ Durée session: 56.4s
2025-06-05 16:20:32,914 - INFO -   🎞️ Frames traitées: 820
2025-06-05 16:20:32,914 - INFO -   ⚡ FPS moyen: 14.5
2025-06-05 16:20:32,914 - INFO -   🎯 Gestes détectés: 503
2025-06-05 16:20:32,914 - INFO -   📈 Taux détection: 61.3%
2025-06-05 16:20:32,914 - INFO -   🏆 Meilleure qualité: 96.0%
2025-06-05 16:20:32,914 - INFO -   💾 Données IA sauvegardées: 0
2025-06-05 16:20:32,914 - INFO -   📸 Screenshots totaux: 0
2025-06-05 16:20:32,914 - INFO - ============================================================
2025-06-05 16:20:32,921 - INFO - 💎 Meilleur masque sauvegardé: best_mask_1749133232.png
2025-06-05 16:20:32,921 - INFO - ✅ Pipeline fermé
2025-06-05 16:20:32,925 - INFO - ✅ Interface fermée
2025-06-05 16:20:33,427 - INFO - ✅ Drone déconnecté
2025-06-05 16:20:33,427 - INFO - 🎉 Session de contrôle gestuel terminée!
